The planet begnotis has joined the galaxy.
The planet begnotis has been eaten by the vortex.
Planet out of bounds!
Planet out of bounds!
The planet segrelara has joined the galaxy.
Planet out of bounds!
The planet segrelara has been eaten by the vortex.
Planet out of bounds!
The planet ulveonides has joined the galaxy.
Planet out of bounds!
Planet out of bounds!
Planet out of bounds!
The planet mabbalia has joined the galaxy.
Planet out of bounds!
The planet mabbalia has been eaten by the vortex.
The planet ulveonides has been eaten by the vortex.
The planet alliatania has joined the galaxy.
The planet izaturn has joined the galaxy.
NAME: izaturn
CLOSEST: alliatania
SHIELDS: 1 1 1 1 
KILLED: 0
NAME: alliatania
CLOSEST: izaturn
SHIELDS: 1 1 1 1 
KILLED: 0
Planet out of bounds!
Planet out of bounds!
Planet out of bounds!
Planet out of bounds!
Planet out of bounds!
