The planet onroria has joined the galaxy.
The planet yaseilea has joined the galaxy.
The planet mostrarth has joined the galaxy.
The planet licciuq has joined the galaxy.
The planet hotis has joined the galaxy.
The planet coliv has joined the galaxy.
The planet trueyama has joined the galaxy.
The planet drovetis has joined the galaxy.
The planet chippeKV2 has joined the galaxy.
The planet zilia92K has joined the galaxy.
The planet machicury has joined the galaxy.
The planet gevialea has joined the galaxy.
The planet anviuq has joined the galaxy.
The planet vundapus has joined the galaxy.
The planet nuliv has joined the galaxy.
The planet yaomia has joined the galaxy.
The planet stroulia has joined the galaxy.
The planet drobitune has joined the galaxy.
The planet creon6P7 has joined the galaxy.
The planet villonE2 has joined the galaxy.
The planet yinnaoturn has joined the galaxy.
The planet cenkethea has joined the galaxy.
The planet huvov has joined the galaxy.
The planet yacceshan has joined the galaxy.
The planet miubos has joined the galaxy.
The planet punia has joined the galaxy.
The planet zusatov has joined the galaxy.
The planet gohemia has joined the galaxy.
The planet creshan7RB has joined the galaxy.
The planet streshan82 has joined the galaxy.
The planet noletera has joined the galaxy.
The planet bidibos has joined the galaxy.
The planet xindion has joined the galaxy.
The planet omillon has joined the galaxy.
The planet niclite has joined the galaxy.
The planet yeipra has joined the galaxy.
The planet striahines has joined the galaxy.
The planet cuonia has joined the galaxy.
The planet zidesKX has joined the galaxy.
The planet myriaNWWO has joined the galaxy.
The planet rengethea has joined the galaxy.
The planet utheinus has joined the galaxy.
The planet megiri has joined the galaxy.
The planet rebolla has joined the galaxy.
The planet yaomia has joined the galaxy.
The planet ouvis has joined the galaxy.
The planet greiter has joined the galaxy.
The planet souruta has joined the galaxy.
The planet charsWIVQ has joined the galaxy.
The planet nora2L has joined the galaxy.
The planet chuceibos has joined the galaxy.
The planet zesutis has joined the galaxy.
The planet chulneron has joined the galaxy.
The planet gadippe has joined the galaxy.
The planet onides has joined the galaxy.
The planet hoinope has joined the galaxy.
The planet chihulia has joined the galaxy.
The planet phiohines has joined the galaxy.
The planet gionQ4M has joined the galaxy.
The planet drarvis2J81 has joined the galaxy.
The planet dadriuthea has joined the galaxy.
The planet luvuemia has joined the galaxy.
The planet pilnade has joined the galaxy.
The planet kebrion has joined the galaxy.
The planet viutune has joined the galaxy.
The planet iaturn has joined the galaxy.
The planet thohotania has joined the galaxy.
The planet lixorilia has joined the galaxy.
The planet llyriaGY5 has joined the galaxy.
The planet sypsoDQ1E has joined the galaxy.
The planet kilnualara has joined the galaxy.
The planet suziewei has joined the galaxy.
The planet xiceron has joined the galaxy.
The planet donvilles has joined the galaxy.
The planet uetov has joined the galaxy.
The planet xouturn has joined the galaxy.
The planet zothinides has joined the galaxy.
The planet greotera has joined the galaxy.
The planet bonoe244 has joined the galaxy.
The planet zeron1DGR has joined the galaxy.
The planet bicrouruta has joined the galaxy.
The planet sadrolea has joined the galaxy.
The planet vangurn has joined the galaxy.
The planet acrao has joined the galaxy.
The planet thoacury has joined the galaxy.
The planet naohiri has joined the galaxy.
The planet triuzuno has joined the galaxy.
The planet veicarro has joined the galaxy.
The planet thillonFG1Q has joined the galaxy.
The planet geon1LH has joined the galaxy.
The planet enkouvis has joined the galaxy.
The planet accunov has joined the galaxy.
The planet vigrypso has joined the galaxy.
The planet onveron has joined the galaxy.
The planet benov has joined the galaxy.
The planet ietera has joined the galaxy.
The planet gocheclite has joined the galaxy.
The planet strugenope has joined the galaxy.
The planet loneKH9T has joined the galaxy.
The planet crion8L56 has joined the galaxy.
NAME: ietera
CLOSEST: gocheclite and benov
SHIELDS: 1 1 1 1 1 1 1 1 1 1 1 
KILLED: 0
The planet vigiutis has joined the galaxy.
NAME: streshan82
CLOSEST: noletera and creshan7RB
SHIELDS: 1 1 1 1 1 1 1 1 1 
KILLED: 0
The planet streshan82 has been eaten by the vortex.
The planet raloaria has joined the galaxy.
The planet iccalia has joined the galaxy.
The planet vundapus has been eaten by the vortex.
The planet pubbaoyama has joined the galaxy.
The planet cunvihiri has joined the galaxy.
The planet llyriaGY5 has been eaten by the vortex.
The planet cemeawei has joined the galaxy.
The planet zidesKX has been eaten by the vortex.
NAME: rengethea
CLOSEST: utheinus and myriaNWWO
SHIELDS: 1 1 1 1 1 1 1 1 1 1 1 
KILLED: 0
The planet omillon has been eaten by the vortex.
The planet thohotania has been eaten by the vortex.
NAME: gionQ4M
CLOSEST: drarvis2J81 and phiohines
SHIELDS: 1 1 1 1 1 
KILLED: 0
NAME: greotera
CLOSEST: raloaria and zothinides
SHIELDS: 1 1 1 1 1 1 1 1 1 1 1 1 1 1 1 1 1 
KILLED: 0
The planet necreatis has joined the galaxy.
The planet yinnaoturn has been eaten by the vortex.
The planet gocheclite has been eaten by the vortex.
The planet phiohines has been eaten by the vortex.
The planet luvuemia has been eaten by the vortex.
The planet sypsoDQ1E has been eaten by the vortex.
The planet ietera has been eaten by the vortex.
The planet vocubos has joined the galaxy.
The planet xacceitania has joined the galaxy.
The planet chippeKV2 has been eaten by the vortex.
NAME: thoacury
CLOSEST: xacceitania and acrao
SHIELDS: 1 1 1 1 1 1 0 1 1 1 1 1 
KILLED: 0
The planet uetov has been eaten by the vortex.
NAME: benov
CLOSEST: strugenope and onveron
SHIELDS: 1 1 0 1 1 1 1 1 1 2 
KILLED: 0
The planet chunkorus has joined the galaxy.
NAME: cunvihiri
CLOSEST: vigiutis and lixorilia
SHIELDS: 1 1 1 1 1 1 
KILLED: 0
NAME: vocubos
CLOSEST: zusatov and punia
SHIELDS: 1 1 1 1 1 1 1 
KILLED: 0
The planet sudorilia has joined the galaxy.
The planet nora2L has been eaten by the vortex.
The planet yeipra has been eaten by the vortex.
The planet kugoria has joined the galaxy.
The planet striahines has been eaten by the vortex.
NAME: pubbaoyama
CLOSEST: niclite and necreatis
SHIELDS: 1 0 1 1 
KILLED: 0
The planet thoacury has been eaten by the vortex.
NAME: sudorilia
CLOSEST: xacceitania and acrao
SHIELDS: 1 1 1 1 1 1 1 1 1 1 1 1 1 1 
KILLED: 0
The planet megiri has been eaten by the vortex.
The planet stroulia has imploded.
NAME: triuzuno
CLOSEST: veicarro and naohiri
SHIELDS: 1 1 1 1 1 1 1 1 1 1 1 
KILLED: 0
The planet nalvuria has joined the galaxy.
The planet abrietis has joined the galaxy.
NAME: gadippe
CLOSEST: onides and chulneron
SHIELDS: 1 1 1 1 1 1 1 1 1 1 1 1 1 1 
KILLED: 0
NAME: geon1LH
CLOSEST: enkouvis and thillonFG1Q
SHIELDS: 1 1 1 1 1 1 1 1 1 1 
KILLED: 0
The planet bonoe244 has been eaten by the vortex.
The planet tubaiclite has joined the galaxy.
The planet vigiutis has been eaten by the vortex.
The planet cenkethea has been eaten by the vortex.
The planet cuonia has been eaten by the vortex.
The planet hunnuphus has joined the galaxy.
The planet zesutis has been eaten by the vortex.
The planet hoceiyama has joined the galaxy.
The planet zinoiter has joined the galaxy.
The planet chuceibos has been eaten by the vortex.
The planet thetroter has joined the galaxy.
The planet chilnopra has joined the galaxy.
The planet pilnade has been eaten by the vortex.
The planet donreiliv has joined the galaxy.
The planet ouvis has been eaten by the vortex.
The planet chogalea has joined the galaxy.
The planet kocoabos has joined the galaxy.
The planet ungupra has joined the galaxy.
The planet ungupra has been eaten by the vortex.
The planet donreiliv has been eaten by the vortex.
The planet hotis has been eaten by the vortex.
The planet rengethea has been eaten by the vortex.
The planet ninnetune has joined the galaxy.
The planet necreatis has been eaten by the vortex.
The planet creshan7RB has been eaten by the vortex.
The planet dolnater has joined the galaxy.
NAME: yaomia
CLOSEST: drobitune and nuliv
SHIELDS: 1 1 2 0 
KILLED: 1
The planet lenzolara has joined the galaxy.
NAME: donvilles
CLOSEST: xouturn and xiceron
SHIELDS: 1 1 1 1 1 1 1 1 1 1 1 1 2 1 1 1 1 
KILLED: 0
NAME: vigrypso
CLOSEST: thetroter and accunov
SHIELDS: 1 1 1 1 1 1 1 1 1 1 3 1 
KILLED: 0
The planet strugenope has been eaten by the vortex.
The planet ninnetune has been eaten by the vortex.
NAME: chogalea
CLOSEST: zothinides and xouturn
SHIELDS: 1 1 1 1 1 1 1 1 1 1 1 1 
KILLED: 0
The planet tastranus has joined the galaxy.
NAME: xacceitania
CLOSEST: naohiri and sudorilia
SHIELDS: 1 1 1 1 1 
KILLED: 0
The planet xiceron has imploded.
The planet thugrouvis has joined the galaxy.
The planet drovetis has been eaten by the vortex.
The planet coliv has imploded.
The planet licciuq has imploded.
The planet greiter has been eaten by the vortex.
The planet chezauphus has joined the galaxy.
The planet lugniuyama has joined the galaxy.
The planet vocubos has imploded.
The planet punia has imploded.
NAME: xindion
CLOSEST: kugoria and chunkorus
SHIELDS: 1 0 1 1 1 1 1 1 1 1 1 1 2 1 1 2 1 1 1 1 
KILLED: 0
NAME: loneKH9T
CLOSEST: crion8L56 and benov
SHIELDS: 1 1 1 1 1 1 1 2 1 1 1 1 0 1 1 2 
KILLED: 0
NAME: villonE2
CLOSEST: huvov and dolnater
SHIELDS: 1 1 1 1 1 1 1 1 
KILLED: 0
The planet udriuwei has joined the galaxy.
Planet out of bounds!
NAME: anviuq
CLOSEST: nuliv and gevialea
SHIELDS: 1 1 1 1 1 1 1 1 3 1 1 1 1 1 1 1 
KILLED: 0
The planet onvuevis has joined the galaxy.
The planet cemeawei has been eaten by the vortex.
The planet machicury has been eaten by the vortex.
The planet cegruestea has joined the galaxy.
The planet xugniewei has joined the galaxy.
The planet niclite has been eaten by the vortex.
The planet kocoabos has been eaten by the vortex.
The planet creon6P7 has been eaten by the vortex.
NAME: greotera
CLOSEST: raloaria and zothinides
SHIELDS: 1 1 1 1 1 1 1 1 1 1 1 0 0 1 1 1 1 2 
KILLED: 0
The planet naohiri has been eaten by the vortex.
The planet xacceitania has been eaten by the vortex.
NAME: kugoria
CLOSEST: hunnuphus and xindion
SHIELDS: 1 1 1 0 1 
KILLED: 0
NAME: thugrouvis
CLOSEST: yacceshan and huvov
SHIELDS: 1 1 1 1 1 1 
KILLED: 0
The planet zelvounides has joined the galaxy.
The planet xouturn has been eaten by the vortex.
The planet zemoirus has joined the galaxy.
Shield out of bounds!
NAME: onvuevis
CLOSEST: miubos and yacceshan
SHIELDS: 1 1 1 1 1 1 1 1 1 1 1 1 1 
KILLED: 0
The planet yenreutune has joined the galaxy.
NAME: zelvounides
CLOSEST: huvov and villonE2
SHIELDS: 1 1 1 1 1 
KILLED: 0
NAME: enkouvis
CLOSEST: accunov and geon1LH
SHIELDS: 1 1 1 1 1 1 1 1 1 0 1 1 1 
KILLED: 0
NAME: yenreutune
CLOSEST: rebolla and utheinus
SHIELDS: 1 1 1 1 1 1 1 1 1 1 
KILLED: 0
Planet out of bounds!
The planet bigriotis has joined the galaxy.
NAME: onides
CLOSEST: hoinope and lugniuyama
SHIELDS: 1 0 1 1 1 1 1 
KILLED: 0
The planet trueyama has imploded.
NAME: rebolla
CLOSEST: yaomia and yenreutune
SHIELDS: 1 0 1 1 
KILLED: 0
NAME: tastranus
CLOSEST: hoceiyama and gohemia
SHIELDS: 1 1 1 0 1 1 1 1 1 1 1 1 1 1 
KILLED: 0
The planet alnoter has joined the galaxy.
The planet evuamia has joined the galaxy.
NAME: benov
CLOSEST: loneKH9T and udriuwei
SHIELDS: 1 1 0 1 1 1 0 1 1 2 
KILLED: 0
NAME: chunkorus
CLOSEST: xindion and bidibos
SHIELDS: 1 1 1 1 1 1 1 1 1 1 1 
KILLED: 0
The planet hunnuphus has imploded.
Planet out of bounds!
Planet out of bounds!
The planet oniliv has joined the galaxy.
A planet cannot have less than 4 shields!
The planet zuduwei has joined the galaxy.
The planet yenraipra has joined the galaxy.
The planet duzieter has joined the galaxy.
The planet onides has imploded.
NAME: lenzolara
CLOSEST: vangurn and sadrolea
SHIELDS: 1 1 1 1 1 1 0 1 1 
KILLED: 0
The planet gionQ4M has been eaten by the vortex.
The planet vigrypso has been eaten by the vortex.
Planet out of bounds!
The planet tosirus has joined the galaxy.
NAME: villonE2
CLOSEST: zelvounides and dolnater
SHIELDS: 1 1 1 1 1 1 1 1 
KILLED: 0
The planet dulleuthea has joined the galaxy.
The planet zelvounides has been eaten by the vortex.
The planet ponneogawa has joined the galaxy.
NAME: hoinope
CLOSEST: chihulia and lugniuyama
SHIELDS: 1 1 1 0 1 1 1 1 1 1 1 1 1 1 2 
KILLED: 0
NAME: onveron
CLOSEST: udriuwei and thetroter
SHIELDS: 1 1 1 3 1 1 0 1 1 
KILLED: 0
The planet yinaevis has joined the galaxy.
The planet asoter has joined the galaxy.
The planet cuniogawa has joined the galaxy.
The planet ulnerilia has joined the galaxy.
The planet myriaNWWO has imploded.
The planet lenzolara has imploded.
The planet onroria has been eaten by the vortex.
Planet out of bounds!
The planet pubbaoyama has imploded.
Shield out of bounds!
The planet zusatov has been eaten by the vortex.
The planet thetroter has been eaten by the vortex.
A planet cannot have less than 4 shields!
NAME: kugoria
CLOSEST: chilnopra and tosirus
SHIELDS: 1 3 1 1 0 
KILLED: 0
The planet zinoiter has been eaten by the vortex.
Planet out of bounds!
The planet innaepra has joined the galaxy.
The planet vangurn has been eaten by the vortex.
NAME: zuduwei
CLOSEST: chulneron and charsWIVQ
SHIELDS: 1 1 1 1 1 1 1 1 1 0 1 1 1 1 
KILLED: 0
The planet themocury has joined the galaxy.
The planet lugniuyama has been eaten by the vortex.
The planet iccalia has been eaten by the vortex.
NAME: xugniewei
CLOSEST: kilnualara and cunvihiri
SHIELDS: 1 1 1 1 1 1 1 1 1 1 1 1 1 1 1 
KILLED: 0
The planet souruta has been eaten by the vortex.
NAME: onveron
CLOSEST: udriuwei and cuniogawa
SHIELDS: 1 1 1 3 1 1 0 1 1 
KILLED: 0
The planet drobitune has been eaten by the vortex.
The planet miubos has been eaten by the vortex.
NAME: hoinope
CLOSEST: asoter and gadippe
SHIELDS: 1 1 1 0 1 1 1 1 1 1 1 1 1 1 2 
KILLED: 0
The planet ilveiturn has joined the galaxy.
Planet out of bounds!
Shield out of bounds!
NAME: chilnopra
CLOSEST: evuamia and kugoria
SHIELDS: 1 0 1 1 
KILLED: 1
The planet segnizuno has joined the galaxy.
The planet megroathea has joined the galaxy.
The planet anviuq has been eaten by the vortex.
The planet mostrianov has joined the galaxy.
The planet gezuenus has joined the galaxy.
The planet chilnopra has imploded.
The planet migenides has joined the galaxy.
The planet sadrolea has been eaten by the vortex.
The planet zothinides has been eaten by the vortex.
The planet senroaclite has joined the galaxy.
NAME: iaturn
CLOSEST: lixorilia and ulnerilia
SHIELDS: 1 1 1 2 0 1 1 1 1 1 1 1 0 1 1 1 
KILLED: 0
The planet xichiutis has joined the galaxy.
The planet yinaevis has been eaten by the vortex.
The planet imuclite has joined the galaxy.
The planet obioter has joined the galaxy.
NAME: kebrion
CLOSEST: xichiutis and migenides
SHIELDS: 1 1 1 1 1 1 1 1 1 1 1 1 1 1 
KILLED: 0
The planet hoceiyama has been eaten by the vortex.
The planet comephus has joined the galaxy.
The planet yelrahines has joined the galaxy.
The planet bigriotis has imploded.
The planet tedrumia has joined the galaxy.
NAME: yenreutune
CLOSEST: rebolla and utheinus
SHIELDS: 1 1 1 1 1 1 2 1 1 
KILLED: 0
The planet taloihines has joined the galaxy.
NAME: obioter
CLOSEST: oniliv and taloihines
SHIELDS: 1 1 1 1 1 1 1 1 1 
KILLED: 0
NAME: charsWIVQ
CLOSEST: megroathea and tubaiclite
SHIELDS: 1 1 1 1 0 2 1 1 1 1 1 1 1 1 1 1 1 2 
KILLED: 0
NAME: gohemia
CLOSEST: tastranus and alnoter
SHIELDS: 1 1 1 1 1 1 1 1 1 1 1 1 0 1 1 1 1 1 2 
KILLED: 0
The planet ethinia has joined the galaxy.
The planet asoter has been eaten by the vortex.
The planet zeron1DGR has imploded.
NAME: tosirus
CLOSEST: kugoria and xindion
SHIELDS: 1 1 1 1 1 1 0 1 1 1 1 
KILLED: 0
The planet senroaclite has been eaten by the vortex.
NAME: yelrahines
CLOSEST: cunvihiri and lixorilia
SHIELDS: 1 1 1 1 1 1 1 1 1 1 
KILLED: 0
Shield out of bounds!
Shield out of bounds!
The planet loneKH9T has been eaten by the vortex.
NAME: cuniogawa
CLOSEST: onveron and accunov
SHIELDS: 1 1 1 1 1 
KILLED: 0
The planet edaturn has joined the galaxy.
The planet kelruter has joined the galaxy.
NAME: veicarro
CLOSEST: thillonFG1Q and triuzuno
SHIELDS: 1 1 1 0 1 1 1 2 1 1 
KILLED: 0
NAME: yaomia
CLOSEST: tubaiclite and yenraipra
SHIELDS: 1 1 1 1 1 1 1 1 1 
KILLED: 0
NAME: dolnater
CLOSEST: villonE2 and yaomia
SHIELDS: 1 1 1 1 1 1 1 1 1 0 1 1 1 1 
KILLED: 0
The planet olleria has joined the galaxy.
The planet valregawa has joined the galaxy.
The planet migenides has imploded.
The planet dadriuthea has imploded.
The planet dolvaopra has joined the galaxy.
NAME: enkouvis
CLOSEST: accunov and geon1LH
SHIELDS: 2 1 1 1 1 1 1 1 1 1 0 1 1 1 2 
KILLED: 0
The planet thillonFG1Q has been eaten by the vortex.
The planet bicrouruta has imploded.
NAME: chunkorus
CLOSEST: xindion and bidibos
SHIELDS: 1 1 1 1 1 1 1 1 1 1 1 
KILLED: 0
NAME: cegruestea
CLOSEST: chezauphus and evuamia
SHIELDS: 1 1 1 1 
KILLED: 0
The planet unraenope has joined the galaxy.
The planet inveostea has joined the galaxy.
The planet nuliv has been eaten by the vortex.
The planet yenreutune has been eaten by the vortex.
The planet charsWIVQ has been eaten by the vortex.
NAME: yelrahines
CLOSEST: cunvihiri and lixorilia
SHIELDS: 1 1 2 1 1 1 1 1 1 1 
KILLED: 0
The planet kilniunus has joined the galaxy.
The planet sivozuno has joined the galaxy.
The planet tedrumia has been eaten by the vortex.
The planet mostrarth has been eaten by the vortex.
NAME: drarvis2J81
CLOSEST: kebrion and innaepra
SHIELDS: 1 2 1 0 1 1 1 1 1 1 
KILLED: 0
The planet crion8L56 has imploded.
The planet benov has imploded.
The planet triuzuno has imploded.
The planet evuamia has been eaten by the vortex.
The planet valregawa has been eaten by the vortex.
The planet xichiutis has been eaten by the vortex.
The planet ocrenerth has joined the galaxy.
NAME: chunkorus
CLOSEST: kilniunus and bidibos
SHIELDS: 1 1 0 1 1 1 1 1 1 1 
KILLED: 0
The planet kebrion has been eaten by the vortex.
A planet cannot have less than 4 shields!
The planet noletera has been eaten by the vortex.
NAME: ulnerilia
CLOSEST: iaturn and viutune
SHIELDS: 1 1 1 1 1 1 1 1 1 
KILLED: 0
The planet balolara has joined the galaxy.
The planet ophonides has joined the galaxy.
The planet abrietis has imploded.
The planet iaturn has imploded.
The planet kilniunus has been eaten by the vortex.
NAME: oniliv
CLOSEST: kelruter and edaturn
SHIELDS: 1 1 1 1 1 1 1 1 
KILLED: 0
The planet veicarro has been eaten by the vortex.
The planet balolara has been eaten by the vortex.
NAME: lixorilia
CLOSEST: yelrahines and ulnerilia
SHIELDS: 1 1 0 1 3 1 
KILLED: 0
Shield out of bounds!
NAME: huvov
CLOSEST: gezuenus and villonE2
SHIELDS: 1 1 1 1 0 0 1 1 
KILLED: 0
NAME: drarvis2J81
CLOSEST: themocury and innaepra
SHIELDS: 1 2 1 0 1 1 1 1 1 1 
KILLED: 0
The planet sabbenus has joined the galaxy.
The planet acrao has imploded.
The planet yicruiphus has joined the galaxy.
NAME: utheinus
CLOSEST: rebolla and chezauphus
SHIELDS: 1 1 1 1 0 1 1 1 1 1 1 1 1 1 1 1 1 
KILLED: 1
The planet huvov has been eaten by the vortex.
The planet rugnuinia has joined the galaxy.
The planet lixorilia has been eaten by the vortex.
The planet keccouthea has joined the galaxy.
NAME: tubaiclite
CLOSEST: megroathea and yaomia
SHIELDS: 1 3 0 1 1 1 0 1 
KILLED: 0
NAME: comephus
CLOSEST: zuduwei and megroathea
SHIELDS: 1 1 1 1 1 1 1 2 1 1 0 
KILLED: 0
The planet reselara has joined the galaxy.
NAME: segnizuno
CLOSEST: nalvuria and kelruter
SHIELDS: 1 1 1 1 1 1 1 1 
KILLED: 0
The planet lenraetera has joined the galaxy.
Shield out of bounds!
The planet kugoria has imploded.
NAME: ophonides
CLOSEST: unraenope and gadippe
SHIELDS: 1 1 1 1 1 
KILLED: 0
NAME: raloaria
CLOSEST: olleria and ocrenerth
SHIELDS: 1 1 1 0 1 1 1 1 1 1 1 0 1 1 
KILLED: 1
The planet alnoter has imploded.
The planet yicruiphus has imploded.
The planet dolnater has been eaten by the vortex.
NAME: lenraetera
CLOSEST: rebolla and utheinus
SHIELDS: 1 1 1 1 1 1 1 1 1 1 1 1 
KILLED: 0
The planet obioter has been eaten by the vortex.
The planet putreanope has joined the galaxy.
The planet tiseinia has joined the galaxy.
The planet utheinus has been eaten by the vortex.
Shield out of bounds!
The planet kelruter has been eaten by the vortex.
Shield out of bounds!
The planet kucrugantu has joined the galaxy.
The planet suziewei has imploded.
The planet rugnuinia has been eaten by the vortex.
NAME: yaomia
CLOSEST: tubaiclite and inveostea
SHIELDS: 1 1 1 1 1 1 1 1 1 2 
KILLED: 0
NAME: tiseinia
CLOSEST: bidibos and tastranus
SHIELDS: 1 1 1 1 1 1 1 1 1 1 1 
KILLED: 0
NAME: reselara
CLOSEST: sivozuno and gohemia
SHIELDS: 1 1 1 1 1 1 1 1 1 1 1 1 1 1 1 
KILLED: 0
Shield out of bounds!
The planet chalraithea has joined the galaxy.
NAME: greotera
CLOSEST: ocrenerth and chogalea
SHIELDS: 0 1 1 0 0 1 1 1 1 0 0 1 1 1 2 2 2 2 1 
KILLED: 1
The planet ophonides has been eaten by the vortex.
NAME: ocrenerth
CLOSEST: raloaria and greotera
SHIELDS: 1 1 1 1 1 1 
KILLED: 0
NAME: lenraetera
CLOSEST: rebolla and chezauphus
SHIELDS: 1 1 1 1 1 1 1 1 2 1 1 1 
KILLED: 0
Shield out of bounds!
The planet oniliv has been eaten by the vortex.
The planet chihulia has been eaten by the vortex.
NAME: yenraipra
CLOSEST: inveostea and rebolla
SHIELDS: 1 0 1 1 3 1 2 1 2 2 
KILLED: 0
The planet ribraonope has joined the galaxy.
NAME: thugrouvis
CLOSEST: yacceshan and gezuenus
SHIELDS: 1 0 1 0 1 3 
KILLED: 0
NAME: udriuwei
CLOSEST: chalraithea and onveron
SHIELDS: 1 1 1 1 1 1 
KILLED: 0
The planet comephus has been eaten by the vortex.
NAME: cunvihiri
CLOSEST: xugniewei and yelrahines
SHIELDS: 1 1 1 1 1 2 1 
KILLED: 0
The planet paceapra has joined the galaxy.
Shield out of bounds!
The planet viutune has been eaten by the vortex.
NAME: ribraonope
CLOSEST: ocrenerth and greotera
SHIELDS: 1 1 1 1 1 1 1 1 1 1 1 
KILLED: 0
The planet thacueclite has joined the galaxy.
NAME: lenraetera
CLOSEST: rebolla and chezauphus
SHIELDS: 1 1 1 2 1 1 1 1 1 1 1 1 
KILLED: 0
NAME: yaomia
CLOSEST: tubaiclite and inveostea
SHIELDS: 1 1 1 1 1 1 0 1 1 2 
KILLED: 0
The planet gusayama has joined the galaxy.
The planet endueruta has joined the galaxy.
The planet choveutera has joined the galaxy.
The planet gapheibos has joined the galaxy.
NAME: choveutera
CLOSEST: xugniewei and cunvihiri
SHIELDS: 1 1 1 1 1 1 1 1 1 1 
KILLED: 0
The planet keccouthea has been eaten by the vortex.
The planet elaiter has joined the galaxy.
NAME: yenraipra
CLOSEST: inveostea and rebolla
SHIELDS: 1 0 1 1 3 1 2 1 4 2 
KILLED: 0
The planet dadrouturn has joined the galaxy.
The planet ocrenerth has been eaten by the vortex.
The planet raloaria has been eaten by the vortex.
The planet tunzaoclite has joined the galaxy.
The planet tudaphus has joined the galaxy.
NAME: unraenope
CLOSEST: hoinope and gadippe
SHIELDS: 1 1 1 1 1 1 1 
KILLED: 0
NAME: sabbenus
CLOSEST: donvilles and kilnualara
SHIELDS: 1 1 0 1 1 1 1 1 1 
KILLED: 0
The planet chogalea has imploded.
The planet achinus has joined the galaxy.
The planet chegneunov has joined the galaxy.
Shield out of bounds!
NAME: tunzaoclite
CLOSEST: rebolla and lenraetera
SHIELDS: 1 1 1 1 1 1 1 1 1 1 1 1 
KILLED: 0
The planet sivozuno has been eaten by the vortex.
The planet nankaturn has joined the galaxy.
NAME: xugniewei
CLOSEST: gapheibos and choveutera
SHIELDS: 1 1 1 1 1 1 1 1 1 1 1 1 1 1 1 
KILLED: 0
NAME: zuduwei
CLOSEST: chulneron and megroathea
SHIELDS: 1 1 1 1 1 1 1 1 1 1 1 0 1 1 1 
KILLED: 0
The planet tubaiclite has imploded.
The planet yaomia has imploded.
The planet igrainus has joined the galaxy.
The planet themocury has been eaten by the vortex.
The planet rebolla has imploded.
The planet olroatera has joined the galaxy.
Shield out of bounds!
Shield out of bounds!
The planet cunnuitis has joined the galaxy.
The planet nankaturn has been eaten by the vortex.
The planet chegneunov has been eaten by the vortex.
The planet nochoabos has joined the galaxy.
The planet inveostea has been eaten by the vortex.
The planet nomuegawa has joined the galaxy.
NAME: donvilles
CLOSEST: greotera and sabbenus
SHIELDS: 1 1 3 1 2 1 1 1 1 1 1 0 0 1 0 1 1 
KILLED: 2
The planet zuduwei has been eaten by the vortex.
NAME: donvilles
CLOSEST: greotera and sabbenus
SHIELDS: 1 1 3 1 2 1 1 1 1 1 1 0 0 1 0 1 1 
KILLED: 2
The planet tulnoruta has joined the galaxy.
The planet tiseinia has been eaten by the vortex.
NAME: lenraetera
CLOSEST: tunzaoclite and chezauphus
SHIELDS: 1 1 2 1 1 1 1 1 1 1 1 1 
KILLED: 0
The planet gadippe has been eaten by the vortex.
The planet enkouvis has been eaten by the vortex.
The planet thelvobos has joined the galaxy.
The planet yacraruta has joined the galaxy.
The planet ulnerilia has been eaten by the vortex.
The planet onveron has imploded.
Shield out of bounds!
The planet paceapra has been eaten by the vortex.
Shield out of bounds!
Shield out of bounds!
NAME: xindion
CLOSEST: tosirus and chunkorus
SHIELDS: 1 1 1 3 1 1 1 2 1 1 2 1 1 1 1 1 0 1 1 1 
KILLED: 0
The planet oziapra has joined the galaxy.
NAME: xugniewei
CLOSEST: gapheibos and choveutera
SHIELDS: 1 1 1 1 1 1 1 1 1 0 1 1 1 1 
KILLED: 0
The planet nochoabos has been eaten by the vortex.
NAME: segnizuno
CLOSEST: nalvuria and gusayama
SHIELDS: 1 1 1 2 3 1 1 1 1 
KILLED: 0
The planet xugniewei has imploded.
The planet choveutera has imploded.
The planet vabraovis has joined the galaxy.
The planet aphugantu has joined the galaxy.
NAME: taloihines
CLOSEST: edaturn and kucrugantu
SHIELDS: 1 0 1 1 1 1 
KILLED: 0
The planet chunkorus has been eaten by the vortex.
The planet cunnuitis has been eaten by the vortex.
The planet vabboitune has joined the galaxy.
The planet sondocury has joined the galaxy.
NAME: segnizuno
CLOSEST: nalvuria and gusayama
SHIELDS: 1 1 1 2 3 1 1 1 1 
KILLED: 0
NAME: chulneron
CLOSEST: achinus and tulnoruta
SHIELDS: 2 2 3 1 1 1 0 
KILLED: 0
The planet yenraipra has been eaten by the vortex.
The planet yadronus has joined the galaxy.
NAME: gapheibos
CLOSEST: kilnualara and yacraruta
SHIELDS: 1 1 1 0 1 1 1 1 0 1 1 1 
KILLED: 0
The planet yucrauhiri has joined the galaxy.
The planet olleria has been eaten by the vortex.
The planet kogeturn has joined the galaxy.
The planet cagnarus has joined the galaxy.
The planet endueruta has been eaten by the vortex.
The planet ellayama has joined the galaxy.
NAME: taloihines
CLOSEST: yucrauhiri and kucrugantu
SHIELDS: 1 0 1 0 1 1 
KILLED: 0
The planet xamorus has joined the galaxy.
The planet bedriruta has joined the galaxy.
The planet unraenope has imploded.
The planet ellustea has joined the galaxy.
The planet basenus has joined the galaxy.
The planet minduazuno has joined the galaxy.
NAME: basenus
CLOSEST: tulnoruta and megroathea
SHIELDS: 1 1 1 1 1 1 1 1 1 1 1 1 
KILLED: 0
NAME: taloihines
CLOSEST: ellustea and kucrugantu
SHIELDS: 1 0 1 0 1 1 
KILLED: 0
Shield out of bounds!
The planet hoinope has been eaten by the vortex.
NAME: nomuegawa
CLOSEST: geon1LH and sudorilia
SHIELDS: 1 1 0 1 1 1 1 1 1 1 1 
KILLED: 0
The planet yelrahines has imploded.
The planet putreanope has imploded.
The planet vaphianides has joined the galaxy.
The planet kendaoria has joined the galaxy.
The planet vegunov has joined the galaxy.
NAME: chalraithea
CLOSEST: kucrugantu and kogeturn
SHIELDS: 1 1 1 1 1 1 1 1 1 1 1 1 1 1 
KILLED: 0
The planet sinetera has joined the galaxy.
The planet lobicarro has joined the galaxy.
The planet hinraenus has joined the galaxy.
The planet emetov has joined the galaxy.
NAME: megroathea
CLOSEST: basenus and tunzaoclite
SHIELDS: 2 3 1 1 1 1 1 0 1 1 1 
KILLED: 0
The planet eccaria has joined the galaxy.
The planet bucrumia has joined the galaxy.
The planet tastranus has imploded.
NAME: elaiter
CLOSEST: thacueclite and innaepra
SHIELDS: 1 1 1 0 1 3 1 1 1 1 1 1 
KILLED: 0
The planet sabbenus has been eaten by the vortex.
NAME: cuniogawa
CLOSEST: dadrouturn and accunov
SHIELDS: 0 0 2 0 3 1 2 
KILLED: 1
NAME: sondocury
CLOSEST: ethinia and oziapra
SHIELDS: 1 1 1 1 1 1 1 1 1 
KILLED: 0
NAME: dadrouturn
CLOSEST: cagnarus and cuniogawa
SHIELDS: 1 1 1 1 1 1 2 
KILLED: 0
The planet lonkeubos has joined the galaxy.
The planet thacueclite has been eaten by the vortex.
The planet salloter has joined the galaxy.
The planet thelvobos has been eaten by the vortex.
The planet gusayama has been eaten by the vortex.
NAME: chalraithea
CLOSEST: kucrugantu and kogeturn
SHIELDS: 1 1 1 0 1 1 1 1 1 1 1 1 1 1 
KILLED: 0
The planet chongaemia has joined the galaxy.
Shield out of bounds!
The planet basenus has been eaten by the vortex.
The planet tignicury has joined the galaxy.
The planet chalraithea has imploded.
The planet pabririlia has joined the galaxy.
The planet sundielia has joined the galaxy.
Shield out of bounds!
The planet iphiehiri has joined the galaxy.
The planet chaleistea has joined the galaxy.
NAME: kogeturn
CLOSEST: kucrugantu and kendaoria
SHIELDS: 1 1 1 1 1 1 0 1 1 0 1 1 0 1 1 
KILLED: 1
The planet vebreutera has joined the galaxy.
NAME: segnizuno
CLOSEST: bucrumia and edaturn
SHIELDS: 1 1 1 2 3 1 1 1 1 2 1 
KILLED: 0
NAME: hinraenus
CLOSEST: donvilles and kilnualara
SHIELDS: 1 1 1 1 1 1 1 1 1 1 1 1 
KILLED: 0
NAME: aphugantu
CLOSEST: greotera and vaphianides
SHIELDS: 1 1 1 1 1 1 2 1 1 1 1 1 1 1 1 1 
KILLED: 0
The planet cegruestea has imploded.
NAME: cagnarus
CLOSEST: udriuwei and dadrouturn
SHIELDS: 1 1 1 1 1 
KILLED: 0
The planet ellayama has been eaten by the vortex.
NAME: elaiter
CLOSEST: drarvis2J81 and innaepra
SHIELDS: 1 1 1 0 1 3 1 1 1 1 1 1 
KILLED: 0
The planet lonkeubos has been eaten by the vortex.
NAME: sundielia
CLOSEST: innaepra and eccaria
SHIELDS: 1 0 1 1 2 
KILLED: 0
NAME: vabboitune
CLOSEST: xindion and minduazuno
SHIELDS: 1 1 1 1 1 1 1 
KILLED: 0
Shield out of bounds!
The planet yivegawa has joined the galaxy.
NAME: chezauphus
CLOSEST: lenraetera and tosirus
SHIELDS: 1 0 2 1 1 1 2 
KILLED: 0
The planet udriuwei has been eaten by the vortex.
The planet cuniogawa has been eaten by the vortex.
The planet gapheibos has been eaten by the vortex.
NAME: hinraenus
CLOSEST: donvilles and kilnualara
SHIELDS: 1 1 1 1 1 1 1 1 1 1 1 1 
KILLED: 0
Shield out of bounds!
The planet dubouter has joined the galaxy.
The planet bedriruta has been eaten by the vortex.
The planet paccutera has joined the galaxy.
The planet lanracury has joined the galaxy.
NAME: yivegawa
CLOSEST: vegunov and olroatera
SHIELDS: 1 1 1 1 1 1 1 1 3 1 1 1 1 1 
KILLED: 0
The planet elaiter has been eaten by the vortex.
The planet hogralara has joined the galaxy.
NAME: tignicury
CLOSEST: yucrauhiri and ellustea
SHIELDS: 1 1 1 1 1 1 0 1 1 
KILLED: 0
Shield out of bounds!
The planet endestea has joined the galaxy.
The planet taloihines has imploded.
NAME: pabririlia
CLOSEST: xamorus and ribraonope
SHIELDS: 1 1 1 1 1 1 1 1 1 1 1 1 1 1 1 
KILLED: 0
NAME: cagnarus
CLOSEST: yadronus and dadrouturn
SHIELDS: 1 1 1 1 1 
KILLED: 0
Shield out of bounds!
The planet kilnualara has imploded.
NAME: kogeturn
CLOSEST: kucrugantu and kendaoria
SHIELDS: 0 1 1 0 1 1 0 1 1 1 1 1 1 2 1 
KILLED: 1
The planet vebreutera has been eaten by the vortex.
NAME: lobicarro
CLOSEST: sudorilia and mostrianov
SHIELDS: 1 1 1 1 1 1 1 1 1 0 1 1 
KILLED: 0
The planet bellalia has joined the galaxy.
NAME: lenraetera
CLOSEST: tunzaoclite and hogralara
SHIELDS: 1 2 1 1 2 1 1 1 0 2 1 
KILLED: 0
NAME: cunvihiri
CLOSEST: igrainus and drarvis2J81
SHIELDS: 3 1 1 2 1 0 1 
KILLED: 0
NAME: paccutera
CLOSEST: dadrouturn and accunov
SHIELDS: 1 1 1 1 1 1 1 1 1 1 
KILLED: 0
Shield out of bounds!
The planet geon1LH has imploded.
Shield out of bounds!
The planet bundiatov has joined the galaxy.
The planet ribraonope has been eaten by the vortex.
The planet tunzaoclite has imploded.
NAME: yacraruta
CLOSEST: hinraenus and vabraovis
SHIELDS: 1 1 1 0 4 
KILLED: 1
NAME: bucrumia
CLOSEST: iphiehiri and segnizuno
SHIELDS: 1 1 1 1 1 1 1 1 1 1 1 1 1 1 2 
KILLED: 0
NAME: hogralara
CLOSEST: lenraetera and chezauphus
SHIELDS: 1 1 1 1 1 1 1 1 1 
KILLED: 0
NAME: xindion
CLOSEST: tosirus and vabboitune
SHIELDS: 1 1 2 1 1 2 1 1 1 1 1 0 1 1 1 0 1 1 3 1 
KILLED: 0
The planet nimiliv has joined the galaxy.
The planet accunov has imploded.
The planet bellalia has imploded.
NAME: megroathea
CLOSEST: tulnoruta and lenraetera
SHIELDS: 2 2 3 1 1 1 1 1 0 1 1 1 
KILLED: 0
Shield out of bounds!
Shield out of bounds!
The planet igrainus has been eaten by the vortex.
NAME: nimiliv
CLOSEST: dadrouturn and paccutera
SHIELDS: 1 1 1 0 
KILLED: 0
The planet innaepra has imploded.
NAME: donvilles
CLOSEST: vaphianides and hinraenus
SHIELDS: 1 1 1 1 1 1 0 0 1 0 1 1 1 1 3 2 2 
KILLED: 2
The planet ethinia has imploded.
The planet lobicarro has been eaten by the vortex.
Shield out of bounds!
NAME: endestea
CLOSEST: greotera and aphugantu
SHIELDS: 1 1 1 1 1 1 1 1 1 0 1 1 
KILLED: 0
The planet donvilles has been eaten by the vortex.
The planet mostrianov has been eaten by the vortex.
NAME: greotera
CLOSEST: pabririlia and endestea
SHIELDS: 1 1 0 0 1 0 1 2 2 2 2 1 0 1 1 0 0 1 1 1 
KILLED: 1
NAME: aphugantu
CLOSEST: endestea and vaphianides
SHIELDS: 1 1 1 1 1 1 1 1 1 2 1 1 1 1 1 1 1 
KILLED: 0
The planet thaphiuthea has joined the galaxy.
NAME: achinus
CLOSEST: oziapra and chulneron
SHIELDS: 1 1 1 1 1 1 1 1 1 1 
KILLED: 0
The planet emetov has been eaten by the vortex.
The planet megroathea has been eaten by the vortex.
The planet kogeturn has imploded.
The planet kendaoria has imploded.
NAME: yadronus
CLOSEST: kucrugantu and cagnarus
SHIELDS: 1 1 1 1 1 1 1 1 1 1 1 1 1 1 1 
KILLED: 0
Shield out of bounds!
The planet yadronus has been eaten by the vortex.
The planet greotera has imploded.
The planet endestea has imploded.
The planet xindion has imploded.
The planet hinraenus has been eaten by the vortex.
The planet dugribos has joined the galaxy.
NAME: dugribos
CLOSEST: sundielia and eccaria
SHIELDS: 1 1 1 1 1 1 1 1 1 1 1 1 
KILLED: 0
NAME: yucrauhiri
CLOSEST: edaturn and tignicury
SHIELDS: 1 1 1 1 0 1 1 2 1 1 1 0 1 1 1 1 1 2 
KILLED: 0
The planet drarvis2J81 has imploded.
The planet minduazuno has been eaten by the vortex.
The planet egreastea has joined the galaxy.
The planet sudorilia has been eaten by the vortex.
The planet dubouter has been eaten by the vortex.
The planet achomia has joined the galaxy.
The planet tenzinus has joined the galaxy.
The planet rudruirilia has joined the galaxy.
The planet chulneron has been eaten by the vortex.
NAME: sundielia
CLOSEST: tenzinus and dugribos
SHIELDS: 3 0 1 1 2 
KILLED: 1
NAME: tudaphus
CLOSEST: nomuegawa and xamorus
SHIELDS: 1 1 1 0 1 1 1 1 3 1 0 1 
KILLED: 0
Shield out of bounds!
The planet vegunov has been eaten by the vortex.
The planet uvitov has joined the galaxy.
NAME: vabraovis
CLOSEST: yacraruta and cunvihiri
SHIELDS: 1 1 1 0 1 
KILLED: 0
The planet tudaphus has been eaten by the vortex.
NAME: lenraetera
CLOSEST: tulnoruta and hogralara
SHIELDS: 1 2 1 1 2 1 0 1 0 2 1 1 
KILLED: 1
The planet rudraphus has joined the galaxy.
The planet hostrunope has joined the galaxy.
The planet sundielia has imploded.
NAME: aphugantu
CLOSEST: pabririlia and vaphianides
SHIELDS: 1 1 1 1 1 1 1 1 1 2 1 1 1 1 1 1 
KILLED: 0
The planet rudroilara has joined the galaxy.
The planet hedoutov has joined the galaxy.
The planet lisouwei has joined the galaxy.
NAME: vaphianides
CLOSEST: aphugantu and yacraruta
SHIELDS: 1 1 1 1 1 1 1 1 1 1 1 1 1 1 1 1 1 
KILLED: 0
NAME: hedoutov
CLOSEST: eccaria and yivegawa
SHIELDS: 1 1 1 1 1 1 1 1 1 1 1 1 1 1 1 1 
KILLED: 0
The planet mubeonerth has joined the galaxy.
NAME: hostrunope
CLOSEST: segnizuno and edaturn
SHIELDS: 1 1 1 1 1 1 1 1 1 1 1 1 1 
KILLED: 0
NAME: rudruirilia
CLOSEST: hogralara and chezauphus
SHIELDS: 1 1 1 1 1 1 1 1 1 1 1 1 1 
KILLED: 0
The planet bucrumia has been eaten by the vortex.
Shield out of bounds!
Shield out of bounds!
The planet xingoitera has joined the galaxy.
The planet xinrieclite has joined the galaxy.
The planet pabririlia has been eaten by the vortex.
The planet rudraphus has been eaten by the vortex.
The planet itraetune has joined the galaxy.
The planet ignowei has joined the galaxy.
The planet xamorus has imploded.
NAME: paccutera
CLOSEST: egreastea and nomuegawa
SHIELDS: 1 1 1 1 1 1 1 1 1 
KILLED: 0
Shield out of bounds!
The planet gognoiter has joined the galaxy.
The planet kucrugantu has been eaten by the vortex.
The planet eccaria has been eaten by the vortex.
NAME: chezauphus
CLOSEST: rudruirilia and tosirus
SHIELDS: 1 0 2 1 1 1 2 
KILLED: 0
The planet aphugantu has been eaten by the vortex.
Shield out of bounds!
The planet chezauphus has imploded.
The planet gohemia has been eaten by the vortex.
NAME: segnizuno
CLOSEST: iphiehiri and hostrunope
SHIELDS: 1 1 1 2 3 1 1 1 2 1 1 
KILLED: 0
NAME: nimiliv
CLOSEST: dadrouturn and egreastea
SHIELDS: 1 1 1 1 1 2 
KILLED: 0
The planet uvitov has been eaten by the vortex.
NAME: hogralara
CLOSEST: lenraetera and rudruirilia
SHIELDS: 1 1 1 1 1 1 1 1 1 
KILLED: 0
NAME: hogralara
CLOSEST: lenraetera and rudruirilia
SHIELDS: 1 1 1 1 1 1 1 1 1 
KILLED: 0
The planet indaitis has joined the galaxy.
The planet ozoitune has joined the galaxy.
The planet cagnarus has imploded.
The planet nomuegawa has imploded.
The planet chuzahiri has joined the galaxy.
The planet lanracury has imploded.
Shield out of bounds!
NAME: lenraetera
CLOSEST: lisouwei and hogralara
SHIELDS: 1 2 1 1 2 1 0 1 0 2 1 1 
KILLED: 1
The planet yozuruta has joined the galaxy.
The planet iphiehiri has been eaten by the vortex.
The planet chonnamia has joined the galaxy.
NAME: chonnamia
CLOSEST: yacraruta and ozoitune
SHIELDS: 1 1 1 1 1 1 1 1 1 1 1 1 1 1 
KILLED: 0
The planet rinzeohines has joined the galaxy.
NAME: egreastea
CLOSEST: nimiliv and paccutera
SHIELDS: 1 1 1 1 1 1 1 1 
KILLED: 0
NAME: tosirus
CLOSEST: rudruirilia and vabboitune
SHIELDS: 1 0 0 1 2 0 0 3 1 0 2 2 
KILLED: 3
NAME: paccutera
CLOSEST: egreastea and ignowei
SHIELDS: 1 1 0 1 1 1 1 1 1 
KILLED: 1
The planet rinzeohines has been eaten by the vortex.
The planet hinnoliv has joined the galaxy.
The planet hinnoliv has been eaten by the vortex.
The planet bibbaitis has joined the galaxy.
The planet ellustea has imploded.
The planet konkaria has joined the galaxy.
The planet tignicury has imploded.
NAME: thaphiuthea
CLOSEST: achinus and chaleistea
SHIELDS: 1 1 1 1 1 1 1 1 1 1 
KILLED: 0
Shield out of bounds!
NAME: itraetune
CLOSEST: xinrieclite and bidibos
SHIELDS: 1 1 1 1 1 1 1 1 1 1 1 1 1 
KILLED: 0
The planet lisouwei has been eaten by the vortex.
NAME: yucrauhiri
CLOSEST: edaturn and indaitis
SHIELDS: 1 1 1 1 0 1 1 2 1 1 1 0 1 1 1 1 1 2 
KILLED: 0
The planet yivegawa has been eaten by the vortex.
The planet kullealia has joined the galaxy.
The planet tulnoruta has been eaten by the vortex.
The planet indaitis has imploded.
The planet gecconus has joined the galaxy.
The planet dondinides has joined the galaxy.
The planet zibocury has joined the galaxy.
Shield out of bounds!
NAME: konkaria
CLOSEST: salloter and gecconus
SHIELDS: 1 1 1 1 1 1 1 1 1 
KILLED: 0
The planet yacraruta has been eaten by the vortex.
Shield out of bounds!
The planet gecconus has been eaten by the vortex.
The planet palmezuno has joined the galaxy.
NAME: achinus
CLOSEST: dondinides and thaphiuthea
SHIELDS: 1 2 1 1 1 1 1 1 
KILLED: 0
NAME: rudroilara
CLOSEST: vabraovis and xingoitera
SHIELDS: 1 1 1 1 1 1 0 1 1 2 
KILLED: 0
Shield out of bounds!
NAME: konkaria
CLOSEST: salloter and lenraetera
SHIELDS: 1 1 1 1 1 1 1 1 1 
KILLED: 0
NAME: thaphiuthea
CLOSEST: achinus and chaleistea
SHIELDS: 1 1 0 1 1 1 1 1 1 1 
KILLED: 0
NAME: zibocury
CLOSEST: chongaemia and dadrouturn
SHIELDS: 1 1 1 1 1 1 1 1 1 1 1 1 1 1 
KILLED: 0
The planet chaleistea has imploded.
Shield out of bounds!
The planet hostrunope has been eaten by the vortex.
The planet edaturn has been eaten by the vortex.
NAME: dondinides
CLOSEST: mubeonerth and achinus
SHIELDS: 1 1 1 1 1 1 1 1 1 1 1 
KILLED: 0
Shield out of bounds!
The planet baccimia has joined the galaxy.
The planet yozuruta has imploded.
The planet olroatera has imploded.
The planet tenzinus has imploded.
The planet dugribos has imploded.
The planet vaphianides has been eaten by the vortex.
Shield out of bounds!
Shield out of bounds!
The planet vabboitune has been eaten by the vortex.
The planet palmezuno has been eaten by the vortex.
The planet thaphiuthea has imploded.
NAME: segnizuno
CLOSEST: bibbaitis and yucrauhiri
SHIELDS: 3 2 1 1 1 1 0 2 3 1 
KILLED: 0
The planet hedoutov has been eaten by the vortex.
Shield out of bounds!
The planet lenraetera has been eaten by the vortex.
NAME: vabraovis
CLOSEST: ozoitune and rudroilara
SHIELDS: 1 1 0 0 0 
KILLED: 0
The planet ignowei has been eaten by the vortex.
The planet paccutera has been eaten by the vortex.
The planet rudroilara has been eaten by the vortex.
NAME: chongaemia
CLOSEST: chuzahiri and zibocury
SHIELDS: 0 0 0 0 1 0 1 
KILLED: 3
The planet konkaria has imploded.
The planet civeothea has joined the galaxy.
The planet kallaunov has joined the galaxy.
The planet yaseutera has joined the galaxy.
The planet sondocury has been eaten by the vortex.
The planet yucrauhiri has imploded.
The planet chuzahiri has imploded.
The planet salloter has imploded.
The planet civeothea has been eaten by the vortex.
Shield out of bounds!
The planet thavaehines has joined the galaxy.
The planet golegawa has joined the galaxy.
The planet golegawa has been eaten by the vortex.
The planet thavaehines has been eaten by the vortex.
The planet randucarro has joined the galaxy.
The planet egreastea has been eaten by the vortex.
NAME: kullealia
CLOSEST: rudruirilia and tosirus
SHIELDS: 1 1 1 1 1 1 1 1 1 0 1 1 
KILLED: 0
The planet tunduthea has joined the galaxy.
The planet oziapra has been eaten by the vortex.
The planet bibbaitis has imploded.
The planet segnizuno has imploded.
Shield out of bounds!
The planet xizonope has joined the galaxy.
NAME: gognoiter
CLOSEST: bundiatov and tunduthea
SHIELDS: 1 1 1 0 1 1 2 1 1 0 1 2 2 
KILLED: 0
The planet kithulia has joined the galaxy.
Shield out of bounds!
The planet gognoiter has imploded.
The planet zupheaphus has joined the galaxy.
The planet ebrogantu has joined the galaxy.
The planet xizonope has been eaten by the vortex.
The planet mubeonerth has been eaten by the vortex.
NAME: hogralara
CLOSEST: kallaunov and rudruirilia
SHIELDS: 1 1 1 1 1 1 0 1 1 
KILLED: 1
Shield out of bounds!
The planet vabraovis has been eaten by the vortex.
The planet chongaemia has imploded.
The planet ebomia has joined the galaxy.
The planet dadrouturn has imploded.
The planet achinus has been eaten by the vortex.
NAME: yaseutera
CLOSEST: zupheaphus and chonnamia
SHIELDS: 1 1 1 1 1 1 1 1 1 1 1 1 1 
KILLED: 0
The planet dethephus has joined the galaxy.
The planet kithulia has imploded.
The planet cunvihiri has been eaten by the vortex.
The planet zupheaphus has been eaten by the vortex.
The planet kullealia has been eaten by the vortex.
NAME: randucarro
CLOSEST: nalvuria and zibocury
SHIELDS: 1 1 1 0 1 1 1 1 1 0 1 1 1 1 1 
KILLED: 1
The planet xingoitera has been eaten by the vortex.
NAME: dethephus
CLOSEST: rudruirilia and tosirus
SHIELDS: 1 1 1 1 1 1 1 1 1 1 1 3 1 1 
KILLED: 0
The planet rudruirilia has been eaten by the vortex.
NAME: tunduthea
CLOSEST: bundiatov and baccimia
SHIELDS: 1 1 1 1 1 1 0 1 1 1 1 
KILLED: 1
The planet zothuenia has joined the galaxy.
The planet baccimia has been eaten by the vortex.
The planet thangeanov has joined the galaxy.
The planet nedrelara has joined the galaxy.
The planet nedrelara has been eaten by the vortex.
The planet randucarro has been eaten by the vortex.
NAME: dondinides
CLOSEST: tunduthea and kallaunov
SHIELDS: 1 1 1 1 1 1 1 0 1 1 1 
KILLED: 0
The planet kallaunov has been eaten by the vortex.
The planet dondinides has been eaten by the vortex.
The planet cegneater has joined the galaxy.
The planet bundiatov has imploded.
NAME: ozoitune
CLOSEST: chonnamia and ebrogantu
SHIELDS: 3 1 1 1 1 2 1 1 3 3 1 2 
KILLED: 0
The planet padranides has joined the galaxy.
The planet thangeanov has been eaten by the vortex.
The planet padranides has been eaten by the vortex.
The planet testreoter has joined the galaxy.
NAME: chonnamia
CLOSEST: yaseutera and ozoitune
SHIELDS: 1 2 1 0 1 1 1 3 0 0 1 1 
KILLED: 0
The planet yaseutera has imploded.
NAME: ebomia
CLOSEST: zothuenia and tunduthea
SHIELDS: 1 1 0 1 1 1 0 1 1 
KILLED: 0
NAME: ebrogantu
CLOSEST: ozoitune and cegneater
SHIELDS: 3 1 1 1 1 1 1 1 0 1 1 1 1 1 1 1 
KILLED: 0
NAME: nimiliv
CLOSEST: zibocury and chonnamia
SHIELDS: 0 0 4 1 0 1 
KILLED: 1
NAME: cegneater
CLOSEST: ebrogantu and testreoter
SHIELDS: 1 1 1 1 1 1 1 
KILLED: 0
NAME: zothuenia
CLOSEST: testreoter and ebomia
SHIELDS: 1 1 1 0 1 1 0 1 1 1 1 1 
KILLED: 0
NAME: ozoitune
CLOSEST: chonnamia and ebrogantu
SHIELDS: 1 1 2 1 1 3 3 1 2 3 1 1 
KILLED: 0
NAME: chonnamia
CLOSEST: nimiliv and ozoitune
SHIELDS: 1 2 1 0 1 1 1 3 0 0 1 1 
KILLED: 0
NAME: tunduthea
CLOSEST: ebomia and hogralara
SHIELDS: 0 1 3 1 1 1 0 1 1 1 1 
KILLED: 2
NAME: testreoter
CLOSEST: cegneater and zothuenia
SHIELDS: 1 1 1 1 1 
KILLED: 0
NAME: zibocury
CLOSEST: nalvuria and nimiliv
SHIELDS: 1 2 1 1 1 0 1 0 1 1 1 1 1 2 
KILLED: 1
