The planet chastrohines has joined the galaxy.
The planet runvoinov has joined the galaxy.
The planet kasillon has joined the galaxy.
The planet henvion has joined the galaxy.
The planet thuanides has joined the galaxy.
The planet teatera has joined the galaxy.
The planet trumalara has joined the galaxy.
The planet chavamia has joined the galaxy.
The planet llars7O0V has joined the galaxy.
The planet broth762C has joined the galaxy.
The planet lulreupra has joined the galaxy.
The planet uphuhines has joined the galaxy.
The planet cidruna has joined the galaxy.
The planet badiea has joined the galaxy.
The planet tuater has joined the galaxy.
The planet ubos has joined the galaxy.
The planet phasiturn has joined the galaxy.
The planet lohubos has joined the galaxy.
The planet sagua6320 has joined the galaxy.
The planet gneshan9O has joined the galaxy.
The planet tuater has been eaten by the vortex.
The planet teatera has been eaten by the vortex.
The planet gneshan9O has been eaten by the vortex.
The planet chastrohines has been eaten by the vortex.
The planet llars7O0V has been eaten by the vortex.
The planet lulreupra has been eaten by the vortex.
The planet lazielea has joined the galaxy.
The planet bagrinov has joined the galaxy.
The planet kucruclite has joined the galaxy.
The planet thuanides has been eaten by the vortex.
The planet runvoinov has been eaten by the vortex.
The planet cidruna has been eaten by the vortex.
The planet oloyama has joined the galaxy.
The planet anzaphus has joined the galaxy.
The planet boduturn has joined the galaxy.
The planet lohubos has been eaten by the vortex.
The planet kucruclite has been eaten by the vortex.
The planet gonzaturn has joined the galaxy.
The planet sagua6320 has been eaten by the vortex.
The planet roccocury has joined the galaxy.
The planet bagrinov has been eaten by the vortex.
The planet broth762C has been eaten by the vortex.
The planet gulmurilia has joined the galaxy.
The planet chavamia has been eaten by the vortex.
The planet inneitis has joined the galaxy.
The planet phasiturn has imploded.
The planet allauvis has joined the galaxy.
The planet trumalara has imploded.
The planet mosaenides has joined the galaxy.
Planet out of bounds!
The planet uphuhines has been eaten by the vortex.
Planet out of bounds!
Planet out of bounds!
The planet inneitis has imploded.
The planet roccocury has imploded.
The planet mosaenides has been eaten by the vortex.
Planet out of bounds!
Planet out of bounds!
The planet cunnoclite has joined the galaxy.
The planet boduturn has been eaten by the vortex.
Planet out of bounds!
Planet out of bounds!
The planet kasillon has been eaten by the vortex.
The planet padroilara has joined the galaxy.
The planet ubos has imploded.
Planet out of bounds!
Planet out of bounds!
The planet allauvis has been eaten by the vortex.
The planet zutrathea has joined the galaxy.
Planet out of bounds!
Planet out of bounds!
Planet out of bounds!
Planet out of bounds!
Planet out of bounds!
Planet out of bounds!
The planet badiea has imploded.
The planet xinvinia has joined the galaxy.
The planet envevis has joined the galaxy.
Planet out of bounds!
Planet out of bounds!
The planet xinvinia has been eaten by the vortex.
Planet out of bounds!
Planet out of bounds!
Planet out of bounds!
Planet out of bounds!
The planet uvutis has joined the galaxy.
The planet enduazuno has joined the galaxy.
The planet rabbotania has joined the galaxy.
Planet out of bounds!
NAME: oloyama
CLOSEST: rabbotania and uvutis
SHIELDS: 1 1 1 1 1 1 0 1 1 1 1 
KILLED: 0
NAME: uvutis
CLOSEST: oloyama and gulmurilia
SHIELDS: 1 1 1 1 1 1 1 1 1 1 1 1 1 1 1 1 1 1 1 1 1 1 1 1 1 1 1 1 1 1 
KILLED: 0
NAME: enduazuno
CLOSEST: zutrathea and rabbotania
SHIELDS: 1 1 1 1 1 1 1 1 1 1 1 1 1 1 1 1 1 1 1 1 1 1 1 1 1 1 1 1 1 1 1 1 1 1 1 1 1 1 1 1 1 1 1 1 1 1 1 1 1 
KILLED: 0
NAME: gonzaturn
CLOSEST: padroilara and henvion
SHIELDS: 1 1 1 1 1 1 1 1 1 1 1 0 1 1 1 1 1 1 1 1 1 1 1 1 1 1 1 1 1 1 1 1 1 0 1 1 1 1 1 1 1 1 1 1 1 1 1 
KILLED: 1
NAME: zutrathea
CLOSEST: lazielea and enduazuno
SHIELDS: 1 1 1 1 1 
KILLED: 0
Planet out of bounds!
Planet out of bounds!
Planet out of bounds!
Planet out of bounds!
Planet out of bounds!
