The planet thanvitis has joined the galaxy.
The planet huccaeclite has joined the galaxy.
The planet inkurn has joined the galaxy.
The planet nogosie has joined the galaxy.
The planet meitania has joined the galaxy.
The planet sitov has joined the galaxy.
The planet phairia has joined the galaxy.
The planet giotov has joined the galaxy.
The planet thoria3O has joined the galaxy.
The planet choth5D0 has joined the galaxy.
The planet viganides has joined the galaxy.
The planet yelrueter has joined the galaxy.
The planet zonnillon has joined the galaxy.
The planet besorth has joined the galaxy.
The planet xeigawa has joined the galaxy.
The planet kigantu has joined the galaxy.
The planet mitagantu has joined the galaxy.
The planet cruoter has joined the galaxy.
The planet luna1F has joined the galaxy.
The planet thyria3Z8 has joined the galaxy.
The planet modrohines has joined the galaxy.
The planet kingeiwei has joined the galaxy.
The planet uvade has joined the galaxy.
The planet dutheon has joined the galaxy.
The planet lenov has joined the galaxy.
The planet daostea has joined the galaxy.
The planet vezetov has joined the galaxy.
The planet strapeter has joined the galaxy.
The planet norixRDUU has joined the galaxy.
The planet choriaI466 has joined the galaxy.
The planet xenzailea has joined the galaxy.
The planet negnuehines has joined the galaxy.
The planet betheron has joined the galaxy.
The planet gunyke has joined the galaxy.
The planet auria has joined the galaxy.
The planet naeria has joined the galaxy.
The planet bepanides has joined the galaxy.
The planet graduhines has joined the galaxy.
The planet lurnD has joined the galaxy.
The planet sorthW942 has joined the galaxy.
The planet ucroatis has joined the galaxy.
The planet ronnoipra has joined the galaxy.
The planet rophichi has joined the galaxy.
The planet henvypso has joined the galaxy.
The planet reunides has joined the galaxy.
The planet piobos has joined the galaxy.
The planet chodathea has joined the galaxy.
The planet truganus has joined the galaxy.
The planet gorthIBDK has joined the galaxy.
The planet trypsoTG3 has joined the galaxy.
The planet melveorus has joined the galaxy.
The planet xanzealea has joined the galaxy.
The planet sibbypso has joined the galaxy.
The planet cecreshan has joined the galaxy.
The planet peatov has joined the galaxy.
The planet theiter has joined the galaxy.
The planet beyuhines has joined the galaxy.
The planet luvuturn has joined the galaxy.
The planet collaRM47 has joined the galaxy.
The planet donoeZ3C has joined the galaxy.
The planet itrairus has joined the galaxy.
The planet nophewei has joined the galaxy.
The planet gobriri has joined the galaxy.
The planet omonoe has joined the galaxy.
The planet viecury has joined the galaxy.
The planet kuitis has joined the galaxy.
The planet gnacunope has joined the galaxy.
The planet dabeter has joined the galaxy.
The planet cippe764 has joined the galaxy.
The planet strillesTGK5 has joined the galaxy.
The planet vugneiclite has joined the galaxy.
The planet chuloania has joined the galaxy.
The planet iniri has joined the galaxy.
The planet tilrone has joined the galaxy.
The planet neacury has joined the galaxy.
The planet zuestea has joined the galaxy.
The planet phachuhines has joined the galaxy.
The planet zamurus has joined the galaxy.
The planet soreZXX5 has joined the galaxy.
The planet lypso48M1 has joined the galaxy.
The planet ticezuno has joined the galaxy.
The planet pustrinov has joined the galaxy.
The planet gundoria has joined the galaxy.
The planet thopharvis has joined the galaxy.
The planet otania has joined the galaxy.
The planet raonia has joined the galaxy.
The planet muvehines has joined the galaxy.
The planet donuvis has joined the galaxy.
The planet crinda343 has joined the galaxy.
The planet cykeJ3C has joined the galaxy.
The planet yozeilea has joined the galaxy.
The planet atranides has joined the galaxy.
The planet xonkurn has joined the galaxy.
The planet sucars has joined the galaxy.
The planet tabos has joined the galaxy.
The planet culea has joined the galaxy.
The planet lluchezuno has joined the galaxy.
The planet baiclite has joined the galaxy.
The planet biliaZ09 has joined the galaxy.
The planet bagua873 has joined the galaxy.
The planet malrautune has joined the galaxy.
The planet tilmaivis has joined the galaxy.
The planet hedrinda has joined the galaxy.
The planet pingore has joined the galaxy.
The planet gaostea has joined the galaxy.
The planet yaclite has joined the galaxy.
The planet gnopephus has joined the galaxy.
The planet struenope has joined the galaxy.
The planet drorixLSSQ has joined the galaxy.
The planet drerthVC has joined the galaxy.
The planet tidulea has joined the galaxy.
The planet chobrairia has joined the galaxy.
The planet budrion has joined the galaxy.
The planet asiri has joined the galaxy.
The planet kugawa has joined the galaxy.
The planet ziucarro has joined the galaxy.
The planet dobecury has joined the galaxy.
The planet bracheclite has joined the galaxy.
The planet caguaMH has joined the galaxy.
The planet thoriaQ3 has joined the galaxy.
The planet andetis has joined the galaxy.
The planet haseacury has joined the galaxy.
The planet mibreshan has joined the galaxy.
The planet nandorth has joined the galaxy.
The planet palea has joined the galaxy.
The planet danides has joined the galaxy.
The planet choinerth has joined the galaxy.
The planet drayicury has joined the galaxy.
The planet lippe6 has joined the galaxy.
The planet vadusV12 has joined the galaxy.
The planet andothea has joined the galaxy.
The planet chaphiehiri has joined the galaxy.
The planet zognorth has joined the galaxy.
The planet nidrichi has joined the galaxy.
The planet caezuno has joined the galaxy.
The planet anides has joined the galaxy.
The planet griolea has joined the galaxy.
The planet strurater has joined the galaxy.
The planet crore89A has joined the galaxy.
The planet cadus19 has joined the galaxy.
The planet lidrotov has joined the galaxy.
The planet xobreuclite has joined the galaxy.
The planet dillippe has joined the galaxy.
The planet chivuna has joined the galaxy.
The planet ohines has joined the galaxy.
The planet diolia has joined the galaxy.
The planet dituter has joined the galaxy.
The planet struhetis has joined the galaxy.
The planet gypsoT1VV has joined the galaxy.
The planet phoreYZAK has joined the galaxy.
The planet kelnoastea has joined the galaxy.
The planet elroicarro has joined the galaxy.
The planet chovion has joined the galaxy.
The planet xedonoe has joined the galaxy.
The planet taetis has joined the galaxy.
The planet xialea has joined the galaxy.
The planet vehiliv has joined the galaxy.
The planet crauruta has joined the galaxy.
The planet zoneX62 has joined the galaxy.
The planet vollaEEW has joined the galaxy.
The planet iguenerth has joined the galaxy.
The planet hostreinus has joined the galaxy.
The planet pondore has joined the galaxy.
The planet chelruna has joined the galaxy.
The planet enus has joined the galaxy.
The planet chiecarro has joined the galaxy.
The planet suvatania has joined the galaxy.
The planet phetenus has joined the galaxy.
The planet brorixM97W has joined the galaxy.
The planet phyke7PT has joined the galaxy.
The planet dechutov has joined the galaxy.
The planet bacraetera has joined the galaxy.
The planet avilles has joined the galaxy.
The planet anzinda has joined the galaxy.
The planet diobos has joined the galaxy.
The planet suter has joined the galaxy.
The planet lisitune has joined the galaxy.
The planet doerilia has joined the galaxy.
The planet grionOBW has joined the galaxy.
The planet llore8CB has joined the galaxy.
The planet xunnenus has joined the galaxy.
The planet onniowei has joined the galaxy.
The planet icion has joined the galaxy.
The planet elrorth has joined the galaxy.
The planet pegawa has joined the galaxy.
The planet haiphus has joined the galaxy.
The planet buculara has joined the galaxy.
The planet llizolara has joined the galaxy.
The planet brion892B has joined the galaxy.
The planet geonG68M has joined the galaxy.
The planet chonvozuno has joined the galaxy.
The planet genvianides has joined the galaxy.
The planet cestriuq has joined the galaxy.
The planet thecrarvis has joined the galaxy.
The planet zaiwei has joined the galaxy.
The planet milara has joined the galaxy.
The planet medutov has joined the galaxy.
The planet vupaliv has joined the galaxy.
The planet boria51 has joined the galaxy.
The planet gadeG03 has joined the galaxy.
The planet gusuethea has joined the galaxy.
The planet boccourilia has joined the galaxy.
The planet dognion has joined the galaxy.
The planet tanzomia has joined the galaxy.
The planet tonus has joined the galaxy.
The planet cheithea has joined the galaxy.
The planet benohines has joined the galaxy.
The planet cruyozuno has joined the galaxy.
The planet crippeYU00 has joined the galaxy.
The planet dorth7I3 has joined the galaxy.
The planet gonnehines has joined the galaxy.
The planet yebriahiri has joined the galaxy.
The planet illarth has joined the galaxy.
The planet ulars has joined the galaxy.
The planet bienus has joined the galaxy.
The planet davis has joined the galaxy.
The planet siatis has joined the galaxy.
The planet gemaruta has joined the galaxy.
The planet cradeKD7 has joined the galaxy.
The planet drichiQ0T has joined the galaxy.
The planet alnuenope has joined the galaxy.
The planet tenaorilia has joined the galaxy.
The planet chebbone has joined the galaxy.
The planet nideon has joined the galaxy.
The planet zotov has joined the galaxy.
The planet lustea has joined the galaxy.
The planet bretamia has joined the galaxy.
The planet vanaliv has joined the galaxy.
The planet badeV9 has joined the galaxy.
The planet borth5OL has joined the galaxy.
The planet telrater has joined the galaxy.
The planet renrucarro has joined the galaxy.
The planet yobinda has joined the galaxy.
The planet occinda has joined the galaxy.
The planet suzuno has joined the galaxy.
The planet cheayama has joined the galaxy.
The planet gnapuwei has joined the galaxy.
The planet doaclite has joined the galaxy.
The planet ceon1L has joined the galaxy.
The planet cilia1HMY has joined the galaxy.
The planet pelvauwei has joined the galaxy.
The planet rucrilea has joined the galaxy.
The planet zedorth has joined the galaxy.
The planet soccurn has joined the galaxy.
The planet chenope has joined the galaxy.
The planet mawei has joined the galaxy.
The planet grathonov has joined the galaxy.
The planet crozezuno has joined the galaxy.
The planet grypsoTN has joined the galaxy.
The planet crunaBR has joined the galaxy.
The planet pacrotov has joined the galaxy.
The planet iphaothea has joined the galaxy.
The planet govonoe has joined the galaxy.
The planet ogrolla has joined the galaxy.
The planet xouruta has joined the galaxy.
The planet xaturn has joined the galaxy.
The planet llaazuno has joined the galaxy.
The planet bixatera has joined the galaxy.
The planet bypsoC1RF has joined the galaxy.
The planet mionIU4 has joined the galaxy.
The planet pudrianus has joined the galaxy.
The planet almuzuno has joined the galaxy.
The planet thiciri has joined the galaxy.
The planet valvade has joined the galaxy.
The planet yaiwei has joined the galaxy.
The planet thuhines has joined the galaxy.
The planet llazunides has joined the galaxy.
The planet phinuclite has joined the galaxy.
The planet byria29LA has joined the galaxy.
The planet neronUPJ has joined the galaxy.
The planet oseiliv has joined the galaxy.
The planet pelmiulara has joined the galaxy.
The planet yastrion has joined the galaxy.
The planet mengippe has joined the galaxy.
The planet youlia has joined the galaxy.
The planet chalea has joined the galaxy.
The planet gizirilia has joined the galaxy.
The planet gnetonides has joined the galaxy.
The planet phionHO6 has joined the galaxy.
The planet nade7M0 has joined the galaxy.
The planet hegniyama has joined the galaxy.
The planet inviuliv has joined the galaxy.
The planet rutrides has joined the galaxy.
The planet yulypso has joined the galaxy.
The planet voilia has joined the galaxy.
The planet duturn has joined the galaxy.
The planet trariturn has joined the galaxy.
The planet gnomaliv has joined the galaxy.
The planet gichiHQE has joined the galaxy.
The planet gnichi7D has joined the galaxy.
The planet xetreonov has joined the galaxy.
The planet vundoatune has joined the galaxy.
The planet timichi has joined the galaxy.
The planet tulrora has joined the galaxy.
The planet namia has joined the galaxy.
The planet thautania has joined the galaxy.
The planet gnunenus has joined the galaxy.
The planet brelapra has joined the galaxy.
The planet magua03P has joined the galaxy.
The planet thippeXN76 has joined the galaxy.
The planet cucruter has joined the galaxy.
The planet zocrouhiri has joined the galaxy.
The planet pithides has joined the galaxy.
The planet nutrov has joined the galaxy.
The planet ceiruta has joined the galaxy.
The planet goinia has joined the galaxy.
The planet cikuphus has joined the galaxy.
The planet mazuhiri has joined the galaxy.
The planet capusDOM0 has joined the galaxy.
The planet zarsJX1H has joined the galaxy.
The planet dingaonus has joined the galaxy.
The planet anzeistea has joined the galaxy.
The planet yunadus has joined the galaxy.
The planet hillade has joined the galaxy.
The planet aitania has joined the galaxy.
The planet kaonia has joined the galaxy.
The planet sovuhiri has joined the galaxy.
The planet naonope has joined the galaxy.
The planet dorixLK6M has joined the galaxy.
The planet dorth074N has joined the galaxy.
The planet zestranerth has joined the galaxy.
The planet idrutania has joined the galaxy.
The planet cellone has joined the galaxy.
The planet bundichi has joined the galaxy.
The planet hobos has joined the galaxy.
The planet guecury has joined the galaxy.
The planet thupathea has joined the galaxy.
The planet nuxalia has joined the galaxy.
The planet chapusCIN has joined the galaxy.
The planet trarvisU has joined the galaxy.
The planet bevueria has joined the galaxy.
The planet xoccilara has joined the galaxy.
The planet thachoth has joined the galaxy.
The planet rubriuq has joined the galaxy.
The planet orilia has joined the galaxy.
The planet tiphus has joined the galaxy.
The planet mukunia has joined the galaxy.
The planet bokorilia has joined the galaxy.
The planet grothW8X has joined the galaxy.
The planet gridesPI has joined the galaxy.
The planet abbihines has joined the galaxy.
The planet succeugantu has joined the galaxy.
The planet patrapus has joined the galaxy.
The planet pendora has joined the galaxy.
The planet uerilia has joined the galaxy.
The planet koclite has joined the galaxy.
The planet camugawa has joined the galaxy.
The planet brodolea has joined the galaxy.
The planet craraLBG has joined the galaxy.
The planet mothB0 has joined the galaxy.
The planet dognuater has joined the galaxy.
The planet alluaruta has joined the galaxy.
The planet thimorix has joined the galaxy.
The planet cholmone has joined the galaxy.
The planet neorus has joined the galaxy.
The planet leuclite has joined the galaxy.
The planet thekonides has joined the galaxy.
The planet briuter has joined the galaxy.
The planet crarvis78G has joined the galaxy.
The planet trippeE95W has joined the galaxy.
The planet ripharilia has joined the galaxy.
The planet ulmerilia has joined the galaxy.
The planet cobronoe has joined the galaxy.
The planet gudrapus has joined the galaxy.
The planet yeogawa has joined the galaxy.
The planet zaetera has joined the galaxy.
The planet gregebos has joined the galaxy.
The planet zuchohines has joined the galaxy.
The planet llilia459 has joined the galaxy.
The planet dillon6QRY has joined the galaxy.
The planet pigrohines has joined the galaxy.
The planet telmiter has joined the galaxy.
The planet ollion has joined the galaxy.
The planet lannore has joined the galaxy.
The planet xater has joined the galaxy.
The planet raephus has joined the galaxy.
The planet braxater has joined the galaxy.
The planet nisawei has joined the galaxy.
The planet gnyke8PIX has joined the galaxy.
The planet strolla1Y2 has joined the galaxy.
The planet dephuinov has joined the galaxy.
The planet kolretune has joined the galaxy.
The planet yolrinda has joined the galaxy.
The planet thozichi has joined the galaxy.
The planet puanus has joined the galaxy.
The planet gahiri has joined the galaxy.
The planet dritania has joined the galaxy.
The planet thabamia has joined the galaxy.
The planet more0R2 has joined the galaxy.
The planet ceron0MG has joined the galaxy.
The planet licraoyama has joined the galaxy.
The planet thatrorus has joined the galaxy.
The planet ameron has joined the galaxy.
The planet recara has joined the galaxy.
The planet caotune has joined the galaxy.
The planet iutov has joined the galaxy.
The planet chogutera has joined the galaxy.
The planet strehilea has joined the galaxy.
The planet thiriH4E has joined the galaxy.
The planet churnT6FT has joined the galaxy.
The planet cusoiphus has joined the galaxy.
The planet agnatania has joined the galaxy.
The planet bunrinda has joined the galaxy.
The planet mudars has joined the galaxy.
The planet chaunides has joined the galaxy.
The planet anerth has joined the galaxy.
The planet grinitis has joined the galaxy.
The planet zaivis has joined the galaxy.
The planet gryriaC80R has joined the galaxy.
The planet nillonSUN8 has joined the galaxy.
The planet thotraoter has joined the galaxy.
The planet zicheturn has joined the galaxy.
The planet dastrov has joined the galaxy.
The planet rebbypso has joined the galaxy.
The planet xinus has joined the galaxy.
The planet pounia has joined the galaxy.
The planet merutis has joined the galaxy.
The planet striconope has joined the galaxy.
The planet trieaC0VK has joined the galaxy.
The planet both7U has joined the galaxy.
The planet tagniewei has joined the galaxy.
The planet manvitania has joined the galaxy.
The planet conilia has joined the galaxy.
The planet vunviea has joined the galaxy.
The planet maunia has joined the galaxy.
The planet evis has joined the galaxy.
The planet thebater has joined the galaxy.
The planet zethitania has joined the galaxy.
The planet morth0T51 has joined the galaxy.
The planet gnionQ6B has joined the galaxy.
The planet munzuruta has joined the galaxy.
The planet gemanus has joined the galaxy.
The planet udreon has joined the galaxy.
The planet pallade has joined the galaxy.
The planet voulia has joined the galaxy.
The planet zehines has joined the galaxy.
The planet cropobos has joined the galaxy.
The planet gobania has joined the galaxy.
The planet creshan09H has joined the galaxy.
The planet tradusNM has joined the galaxy.
The planet tivupra has joined the galaxy.
The planet xocolia has joined the galaxy.
The planet idrore has joined the galaxy.
The planet yiphomia has joined the galaxy.
The planet leithea has joined the galaxy.
The planet muivis has joined the galaxy.
The planet doenides has joined the galaxy.
The planet llasotania has joined the galaxy.
The planet bindaC87 has joined the galaxy.
The planet thovC53 has joined the galaxy.
The planet kaboitera has joined the galaxy.
The planet honkeuclite has joined the galaxy.
The planet icrides has joined the galaxy.
The planet ondao has joined the galaxy.
The planet hitune has joined the galaxy.
The planet yaecury has joined the galaxy.
The planet phivupra has joined the galaxy.
The planet nagiyama has joined the galaxy.
The planet voreI3HK has joined the galaxy.
The planet seonQ8W8 has joined the galaxy.
The planet onnohines has joined the galaxy.
The planet chugrigawa has joined the galaxy.
The planet vethone has joined the galaxy.
The planet gocroth has joined the galaxy.
The planet uitune has joined the galaxy.
The planet doicury has joined the galaxy.
The planet daxagawa has joined the galaxy.
The planet phavecury has joined the galaxy.
The planet duna387V has joined the galaxy.
The planet briea5266 has joined the galaxy.
The planet kaciotis has joined the galaxy.
The planet bonniewei has joined the galaxy.
The planet sicreon has joined the galaxy.
The planet locradus has joined the galaxy.
The planet chuetune has joined the galaxy.
The planet roter has joined the galaxy.
The planet cathebos has joined the galaxy.
The planet greitune has joined the galaxy.
The planet trionI has joined the galaxy.
The planet grarsFS2 has joined the galaxy.
The planet thusithea has joined the galaxy.
The planet pannionus has joined the galaxy.
The planet everon has joined the galaxy.
The planet debromia has joined the galaxy.
The planet ziaturn has joined the galaxy.
The planet seruta has joined the galaxy.
The planet gnachanerth has joined the galaxy.
The planet brechatania has joined the galaxy.
The planet lloraE9E3 has joined the galaxy.
The planet ciea5NN7 has joined the galaxy.
The planet unzanus has joined the galaxy.
The planet enkonus has joined the galaxy.
The planet invarth has joined the galaxy.
The planet kugilia has joined the galaxy.
The planet uturn has joined the galaxy.
The planet regawa has joined the galaxy.
The planet llumilara has joined the galaxy.
The planet dakuhines has joined the galaxy.
The planet nionVP has joined the galaxy.
The planet crillonA5U has joined the galaxy.
The planet zelluclite has joined the galaxy.
The planet xuniazuno has joined the galaxy.
The planet more0R2 has been eaten by the vortex.
The planet zinkobos has joined the galaxy.
The planet itroyama has joined the galaxy.
The planet melaphus has joined the galaxy.
The planet raephus has been eaten by the vortex.
The planet crunaBR has been eaten by the vortex.
The planet pinneuphus has joined the galaxy.
The planet hostreinus has been eaten by the vortex.
The planet nuxalia has been eaten by the vortex.
The planet donoeZ3C has been eaten by the vortex.
The planet xetrirus has joined the galaxy.
The planet muvehines has been eaten by the vortex.
The planet lugropra has joined the galaxy.
The planet struhetis has been eaten by the vortex.
The planet drorixLSSQ has been eaten by the vortex.
The planet dechutov has been eaten by the vortex.
The planet phinuclite has been eaten by the vortex.
The planet thachoth has been eaten by the vortex.
The planet lugropra has been eaten by the vortex.
The planet haseacury has been eaten by the vortex.
The planet nechonus has joined the galaxy.
The planet cippe764 has been eaten by the vortex.
The planet sinvotania has joined the galaxy.
The planet yolvuitis has joined the galaxy.
The planet onveogawa has joined the galaxy.
The planet panruahiri has joined the galaxy.
The planet huccaeclite has been eaten by the vortex.
The planet thotraoter has been eaten by the vortex.
The planet nevaithea has joined the galaxy.
The planet yugozuno has joined the galaxy.
The planet chovion has been eaten by the vortex.
The planet xuniazuno has been eaten by the vortex.
The planet mannophus has joined the galaxy.
The planet roccoivis has joined the galaxy.
The planet muchecarro has joined the galaxy.
The planet zehines has been eaten by the vortex.
The planet zocrouhiri has imploded.
The planet cucruter has imploded.
The planet nenkolea has joined the galaxy.
The planet nisawei has been eaten by the vortex.
The planet leithea has been eaten by the vortex.
The planet modrohines has been eaten by the vortex.
The planet thuccatania has joined the galaxy.
The planet thimorix has been eaten by the vortex.
The planet seruta has been eaten by the vortex.
The planet strurater has been eaten by the vortex.
The planet hilluyama has joined the galaxy.
The planet kingeiwei has imploded.
The planet pinneuphus has imploded.
The planet puanus has been eaten by the vortex.
The planet ognutune has joined the galaxy.
The planet kodroiphus has joined the galaxy.
The planet ucruitania has joined the galaxy.
The planet aitania has been eaten by the vortex.
The planet bagua873 has been eaten by the vortex.
The planet xialea has imploded.
The planet taetis has imploded.
The planet peatov has been eaten by the vortex.
The planet dephuinov has imploded.
The planet strolla1Y2 has imploded.
The planet bucriugantu has joined the galaxy.
The planet chumiolia has joined the galaxy.
The planet ennitis has joined the galaxy.
The planet mibbuter has joined the galaxy.
The planet almuzuno has been eaten by the vortex.
The planet honkeuclite has been eaten by the vortex.
The planet chunnuarilia has joined the galaxy.
The planet llazunides has been eaten by the vortex.
The planet nizuinides has joined the galaxy.
The planet golviwei has joined the galaxy.
The planet acapra has joined the galaxy.
The planet duna387V has been eaten by the vortex.
The planet ceron0MG has been eaten by the vortex.
The planet chusiumia has joined the galaxy.
Planet out of bounds!
The planet dilnobos has joined the galaxy.
The planet gobriri has been eaten by the vortex.
The planet thovC53 has been eaten by the vortex.
The planet iniri has been eaten by the vortex.
The planet drayicury has been eaten by the vortex.
The planet hichauzuno has joined the galaxy.
The planet gorthIBDK has imploded.
The planet truganus has imploded.
The planet ulars has imploded.
The planet illarth has imploded.
Planet out of bounds!
The planet batruistea has joined the galaxy.
The planet koclite has been eaten by the vortex.
The planet pigrohines has been eaten by the vortex.
The planet crauruta has been eaten by the vortex.
The planet ruthicury has joined the galaxy.
The planet magonia has joined the galaxy.
The planet inniestea has joined the galaxy.
The planet locotania has joined the galaxy.
Planet out of bounds!
The planet xagreirus has joined the galaxy.
The planet soccurn has been eaten by the vortex.
The planet nandorth has been eaten by the vortex.
The planet bracheclite has been eaten by the vortex.
The planet cikuphus has been eaten by the vortex.
The planet roneacury has joined the galaxy.
Shield out of bounds!
The planet chonzouruta has joined the galaxy.
The planet xophiruta has joined the galaxy.
The planet gryriaC80R has been eaten by the vortex.
Shield out of bounds!
The planet cruoter has been eaten by the vortex.
The planet grinitis has been eaten by the vortex.
The planet occinda has been eaten by the vortex.
The planet zoneX62 has been eaten by the vortex.
The planet pelvauwei has been eaten by the vortex.
The planet crozezuno has been eaten by the vortex.
The planet vostrahiri has joined the galaxy.
The planet cusoiphus has been eaten by the vortex.
The planet bubbegawa has joined the galaxy.
The planet mitagantu has been eaten by the vortex.
The planet boccourilia has been eaten by the vortex.
The planet lubruetov has joined the galaxy.
The planet ocuturn has joined the galaxy.
The planet lidrotov has been eaten by the vortex.
The planet gemaruta has been eaten by the vortex.
The planet bretamia has been eaten by the vortex.
Planet out of bounds!
The planet yulypso has been eaten by the vortex.
The planet bubbegawa has been eaten by the vortex.
The planet dobecury has been eaten by the vortex.
The planet omeiter has joined the galaxy.
The planet phyke7PT has been eaten by the vortex.
The planet zudoarilia has joined the galaxy.
The planet kuitis has been eaten by the vortex.
Shield out of bounds!
The planet tevetis has joined the galaxy.
The planet churnT6FT has been eaten by the vortex.
The planet golviwei has been eaten by the vortex.
The planet raonia has been eaten by the vortex.
The planet conduacarro has joined the galaxy.
The planet taphionus has joined the galaxy.
The planet vunkutera has joined the galaxy.
The planet chulnuzuno has joined the galaxy.
The planet gundeter has joined the galaxy.
The planet greitune has been eaten by the vortex.
The planet kelmutania has joined the galaxy.
The planet bucriugantu has been eaten by the vortex.
The planet lustea has imploded.
The planet xobreuclite has imploded.
The planet astruenus has joined the galaxy.
The planet denderus has joined the galaxy.
The planet cuphouliv has joined the galaxy.
The planet ceon1L has been eaten by the vortex.
The planet kubawei has joined the galaxy.
The planet meitania has been eaten by the vortex.
The planet cediatis has joined the galaxy.
The planet tabos has imploded.
The planet sucars has imploded.
The planet gahiri has been eaten by the vortex.
The planet xonkurn has imploded.
The planet atranides has imploded.
The planet llaazuno has been eaten by the vortex.
The planet nonniezuno has joined the galaxy.
The planet ubbecarro has joined the galaxy.
The planet dognuater has been eaten by the vortex.
The planet thanraonope has joined the galaxy.
The planet damiuter has joined the galaxy.
The planet thanrienus has joined the galaxy.
The planet hobos has been eaten by the vortex.
The planet thucruacury has joined the galaxy.
Planet out of bounds!
The planet inniestea has been eaten by the vortex.
The planet xoccilara has imploded.
The planet ingeazuno has joined the galaxy.
The planet itharus has joined the galaxy.
The planet chogutera has been eaten by the vortex.
Planet out of bounds!
The planet gelraiyama has joined the galaxy.
The planet cethegantu has joined the galaxy.
Planet out of bounds!
The planet dandienus has joined the galaxy.
The planet condaphus has joined the galaxy.
The planet avoyama has joined the galaxy.
The planet dillon6QRY has imploded.
The planet llilia459 has imploded.
The planet ongenus has joined the galaxy.
The planet hegniyama has been eaten by the vortex.
The planet thephicarro has joined the galaxy.
Planet out of bounds!
The planet merutis has been eaten by the vortex.
The planet ollion has been eaten by the vortex.
The planet yendolara has joined the galaxy.
The planet tagniewei has been eaten by the vortex.
The planet ticezuno has been eaten by the vortex.
The planet rubriuq has been eaten by the vortex.
The planet rutrides has been eaten by the vortex.
Shield out of bounds!
The planet nidrichi has imploded.
The planet zognorth has imploded.
Planet out of bounds!
The planet thiciri has been eaten by the vortex.
Shield out of bounds!
The planet zannunus has joined the galaxy.
The planet bindaC87 has been eaten by the vortex.
The planet tocciapra has joined the galaxy.
The planet alnethea has joined the galaxy.
The planet thoriaQ3 has been eaten by the vortex.
The planet melveorus has been eaten by the vortex.
The planet ceiruta has been eaten by the vortex.
The planet cezugawa has joined the galaxy.
The planet rulvelea has joined the galaxy.
The planet chetreucarro has joined the galaxy.
The planet mudars has been eaten by the vortex.
The planet trionI has been eaten by the vortex.
The planet nogosie has been eaten by the vortex.
Planet out of bounds!
The planet nillonSUN8 has been eaten by the vortex.
The planet iphaothea has imploded.
The planet anzeistea has been eaten by the vortex.
The planet rebbypso has been eaten by the vortex.
Planet out of bounds!
Planet out of bounds!
The planet choinerth has been eaten by the vortex.
The planet zudoarilia has been eaten by the vortex.
The planet ebbahines has joined the galaxy.
The planet aphamia has joined the galaxy.
The planet chegreistea has joined the galaxy.
The planet odretania has joined the galaxy.
The planet inviuliv has been eaten by the vortex.
The planet kigounides has joined the galaxy.
The planet mallalara has joined the galaxy.
Planet out of bounds!
Planet out of bounds!
The planet evater has joined the galaxy.
The planet cestriuq has been eaten by the vortex.
The planet pacrotov has imploded.
The planet grypsoTN has imploded.
The planet calrelia has joined the galaxy.
The planet dogeatov has joined the galaxy.
Planet out of bounds!
The planet itroyama has been eaten by the vortex.
The planet thuccatania has imploded.
The planet iguenerth has been eaten by the vortex.
The planet creshan09H has been eaten by the vortex.
The planet ulrutera has joined the galaxy.
The planet zisigawa has joined the galaxy.
The planet alnuenope has been eaten by the vortex.
The planet thebater has been eaten by the vortex.
The planet kigounides has been eaten by the vortex.
The planet xabbuegantu has joined the galaxy.
The planet ithauvis has joined the galaxy.
The planet boria51 has been eaten by the vortex.
The planet ruphilara has joined the galaxy.
The planet vanaliv has imploded.
The planet cenzuturn has joined the galaxy.
The planet pugrogawa has joined the galaxy.
The planet danides has imploded.
The planet zadanope has joined the galaxy.
The planet xouruta has been eaten by the vortex.
Planet out of bounds!
The planet icion has imploded.
The planet onniowei has imploded.
The planet ebbahines has been eaten by the vortex.
The planet yavewei has joined the galaxy.
The planet bunrinda has been eaten by the vortex.
The planet chunnuarilia has been eaten by the vortex.
Shield out of bounds!
The planet zocheihiri has joined the galaxy.
Planet out of bounds!
The planet ubinerth has joined the galaxy.
The planet sagneulea has joined the galaxy.
The planet acoater has joined the galaxy.
The planet yungilea has joined the galaxy.
The planet magonia has been eaten by the vortex.
The planet mionIU4 has been eaten by the vortex.
The planet strillesTGK5 has been eaten by the vortex.
The planet acapra has been eaten by the vortex.
The planet gunvalia has joined the galaxy.
The planet crarvis78G has been eaten by the vortex.
The planet xinkotera has joined the galaxy.
The planet trypsoTG3 has been eaten by the vortex.
The planet dongonus has joined the galaxy.
The planet ubinerth has been eaten by the vortex.
The planet sovuhiri has imploded.
The planet kaonia has imploded.
The planet chenope has been eaten by the vortex.
Planet out of bounds!
The planet tegnanus has joined the galaxy.
The planet dritania has been eaten by the vortex.
The planet tedruwei has joined the galaxy.
The planet thanuzuno has joined the galaxy.
The planet galater has joined the galaxy.
Shield out of bounds!
Shield out of bounds!
Planet out of bounds!
The planet thesoinides has joined the galaxy.
The planet munzuruta has been eaten by the vortex.
The planet kolretune has imploded.
The planet gnyke8PIX has imploded.
The planet griolea has been eaten by the vortex.
Planet out of bounds!
The planet labrogantu has joined the galaxy.
The planet unnonia has joined the galaxy.
The planet zannunus has been eaten by the vortex.
The planet orilia has been eaten by the vortex.
The planet udehines has joined the galaxy.
The planet delvohiri has joined the galaxy.
The planet igiephus has joined the galaxy.
The planet uerilia has imploded.
The planet pendora has imploded.
The planet onkacarro has joined the galaxy.
The planet cebruitov has joined the galaxy.
Planet out of bounds!
The planet guluigawa has joined the galaxy.
The planet abrioter has joined the galaxy.
The planet idrutania has been eaten by the vortex.
The planet aphamia has been eaten by the vortex.
Planet out of bounds!
The planet tanreanerth has joined the galaxy.
The planet caguaMH has imploded.
The planet ziucarro has imploded.
The planet yidolia has joined the galaxy.
Planet out of bounds!
Planet out of bounds!
Planet out of bounds!
Planet out of bounds!
The planet dakuhines has been eaten by the vortex.
The planet briuter has imploded.
The planet thekonides has imploded.
The planet gypsoT1VV has been eaten by the vortex.
Planet out of bounds!
The planet xollaunus has joined the galaxy.
The planet itharus has been eaten by the vortex.
The planet regawa has been eaten by the vortex.
The planet rophichi has been eaten by the vortex.
The planet melaphus has imploded.
The planet ogrolla has imploded.
Planet out of bounds!
The planet kalmiowei has joined the galaxy.
Planet out of bounds!
The planet onveogawa has been eaten by the vortex.
The planet sinvotania has been eaten by the vortex.
Planet out of bounds!
The planet panruahiri has been eaten by the vortex.
The planet olirus has joined the galaxy.
The planet achuter has joined the galaxy.
The planet xolroanus has joined the galaxy.
The planet anvuawei has joined the galaxy.
The planet gacriahiri has joined the galaxy.
The planet yavewei has been eaten by the vortex.
The planet omonoe has been eaten by the vortex.
The planet cocruithea has joined the galaxy.
The planet guecury has imploded.
A planet cannot have less than 4 shields!
The planet thabbestea has joined the galaxy.
The planet andetis has been eaten by the vortex.
The planet bongoahiri has joined the galaxy.
The planet phionHO6 has been eaten by the vortex.
The planet braxater has been eaten by the vortex.
The planet chibrapra has joined the galaxy.
Planet out of bounds!
The planet tolmenov has joined the galaxy.
The planet cropobos has been eaten by the vortex.
Planet out of bounds!
The planet struenope has been eaten by the vortex.
The planet chegreistea has been eaten by the vortex.
The planet editis has joined the galaxy.
Shield out of bounds!
Planet out of bounds!
The planet dinonerth has joined the galaxy.
The planet cruyozuno has been eaten by the vortex.
The planet haiphus has been eaten by the vortex.
The planet chicunus has joined the galaxy.
Planet out of bounds!
The planet mallalara has been eaten by the vortex.
The planet phoreYZAK has been eaten by the vortex.
The planet grarsFS2 has been eaten by the vortex.
The planet kalnonerth has joined the galaxy.
The planet lippe6 has been eaten by the vortex.
The planet tenvuitune has joined the galaxy.
The planet kigrobos has joined the galaxy.
The planet pondocury has joined the galaxy.
Planet out of bounds!
The planet naeria has been eaten by the vortex.
The planet gunkaubos has joined the galaxy.
The planet kalnonerth has been eaten by the vortex.
The planet crinda343 has been eaten by the vortex.
Shield out of bounds!
Shield out of bounds!
The planet enkonus has been eaten by the vortex.
The planet yolrinda has been eaten by the vortex.
The planet holmaiter has joined the galaxy.
The planet strehilea has imploded.
The planet tilmaivis has imploded.
Shield out of bounds!
The planet thulluaphus has joined the galaxy.
The planet gridesPI has been eaten by the vortex.
The planet roter has been eaten by the vortex.
Planet out of bounds!
The planet beyuhines has been eaten by the vortex.
Planet out of bounds!
The planet bephoapra has joined the galaxy.
The planet cellone has been eaten by the vortex.
The planet onziutune has joined the galaxy.
The planet nageinus has joined the galaxy.
The planet lannore has been eaten by the vortex.
The planet nionVP has been eaten by the vortex.
Planet out of bounds!
Shield out of bounds!
Planet out of bounds!
The planet labrogantu has been eaten by the vortex.
The planet gonnehines has been eaten by the vortex.
Shield out of bounds!
The planet xinnaunope has joined the galaxy.
The planet yiphomia has been eaten by the vortex.
Planet out of bounds!
The planet zadanope has been eaten by the vortex.
The planet talvelia has joined the galaxy.
The planet chuetune has imploded.
The planet locradus has imploded.
Planet out of bounds!
The planet chibrapra has been eaten by the vortex.
The planet gilazuno has joined the galaxy.
Planet out of bounds!
The planet grothW8X has imploded.
The planet yobinda has imploded.
The planet renrucarro has imploded.
The planet rulvelea has imploded.
The planet thopharvis has imploded.
The planet damiuter has been eaten by the vortex.
The planet thanvitis has been eaten by the vortex.
The planet unzanus has been eaten by the vortex.
The planet tubbugantu has joined the galaxy.
The planet viecury has imploded.
The planet nophewei has imploded.
The planet ivolea has joined the galaxy.
Planet out of bounds!
Planet out of bounds!
The planet ronnoipra has been eaten by the vortex.
The planet chodathea has been eaten by the vortex.
The planet chongairia has joined the galaxy.
The planet thelomia has joined the galaxy.
The planet gnomaliv has imploded.
The planet trariturn has imploded.
Planet out of bounds!
The planet yidolia has imploded.
The planet pannionus has imploded.
The planet tradusNM has been eaten by the vortex.
The planet pitraehines has joined the galaxy.
Planet out of bounds!
The planet thautania has been eaten by the vortex.
The planet batruistea has been eaten by the vortex.
The planet kotheuturn has joined the galaxy.
The planet hacaruta has joined the galaxy.
The planet kigantu has been eaten by the vortex.
The planet bodoiwei has joined the galaxy.
The planet kicroilea has joined the galaxy.
The planet tanaocarro has joined the galaxy.
The planet zethenus has joined the galaxy.
The planet rucrilea has been eaten by the vortex.
The planet xetrirus has been eaten by the vortex.
The planet xundaerus has joined the galaxy.
The planet ongautania has joined the galaxy.
The planet camugawa has been eaten by the vortex.
The planet kaboitera has been eaten by the vortex.
Planet out of bounds!
Planet out of bounds!
The planet bidretune has joined the galaxy.
Shield out of bounds!
Planet out of bounds!
Planet out of bounds!
The planet guccounides has joined the galaxy.
Planet out of bounds!
Planet out of bounds!
The planet hitune has been eaten by the vortex.
The planet guchaezuno has joined the galaxy.
The planet yeogawa has been eaten by the vortex.
Planet out of bounds!
The planet chuberuta has joined the galaxy.
Planet out of bounds!
Shield out of bounds!
The planet tonus has been eaten by the vortex.
Planet out of bounds!
Planet out of bounds!
Shield out of bounds!
The planet gnachanerth has been eaten by the vortex.
The planet renveruta has joined the galaxy.
Planet out of bounds!
The planet doerilia has been eaten by the vortex.
Shield out of bounds!
The planet donnotis has joined the galaxy.
The planet dephoyama has joined the galaxy.
The planet xilmaitania has joined the galaxy.
The planet uturn has been eaten by the vortex.
The planet gnetonides has been eaten by the vortex.
The planet hedrinda has imploded.
The planet benohines has imploded.
The planet getriclite has joined the galaxy.
Planet out of bounds!
The planet saleuliv has joined the galaxy.
The planet gethuitis has joined the galaxy.
Planet out of bounds!
The planet gustriulea has joined the galaxy.
The planet cheithea has been eaten by the vortex.
Planet out of bounds!
A planet cannot have less than 4 shields!
The planet xolmolara has joined the galaxy.
Shield out of bounds!
The planet mibreshan has been eaten by the vortex.
The planet sulrinides has joined the galaxy.
The planet calrelia has imploded.
The planet anvuawei has imploded.
The planet anunov has joined the galaxy.
The planet chonzouruta has imploded.
The planet tanzomia has imploded.
The planet dognion has imploded.
The planet dadrutania has joined the galaxy.
Shield out of bounds!
The planet ennitis has been eaten by the vortex.
Planet out of bounds!
NAME: youlia
CLOSEST: chalea and mengippe
SHIELDS: 1 1 1 0 1 1 1 1 1 1 1 1 
KILLED: 0
Planet out of bounds!
NAME: achuter
CLOSEST: bephoapra and xilmaitania
SHIELDS: 1 0 1 0 1 1 1 
KILLED: 2
NAME: chusiumia
CLOSEST: tilrone and tolmenov
SHIELDS: 1 1 1 1 1 
KILLED: 0
NAME: yaiwei
CLOSEST: thuhines and dadrutania
SHIELDS: 1 1 1 1 1 1 1 1 1 1 1 1 
KILLED: 0
NAME: xanzealea
CLOSEST: sibbypso and piobos
SHIELDS: 1 1 1 1 1 1 1 1 1 0 1 1 1 1 
KILLED: 0
NAME: bevueria
CLOSEST: getriclite and trarvisU
SHIELDS: 1 1 1 1 1 1 0 1 1 0 1 
KILLED: 1
NAME: cykeJ3C
CLOSEST: yozeilea and thanrienus
SHIELDS: 1 1 1 0 1 1 1 1 1 1 1 1 
KILLED: 0
NAME: phetenus
CLOSEST: yendolara and suvatania
SHIELDS: 1 1 1 1 1 1 1 1 1 0 1 1 1 2 
KILLED: 0
NAME: voulia
CLOSEST: tanreanerth and pallade
SHIELDS: 1 1 1 1 1 1 1 1 1 1 1 1 1 1 
KILLED: 0
