The planet segnatune has joined the galaxy.
The planet tocrestea has joined the galaxy.
The planet talnuna has joined the galaxy.
The planet gubbichi has joined the galaxy.
The planet zaetera has joined the galaxy.
The planet soaphus has joined the galaxy.
The planet stredaria has joined the galaxy.
The planet thazilia has joined the galaxy.
The planet moth7L9M has joined the galaxy.
The planet nadusRV2 has joined the galaxy.
NAME: moth7L9M
CLOSEST: thazilia and nadusRV2
SHIELDS: 1 0 1 1 
KILLED: 0
NAME: tocrestea
CLOSEST: segnatune and talnuna
SHIELDS: 1 1 1 0 
KILLED: 0
NAME: nadusRV2
CLOSEST: moth7L9M and segnatune
SHIELDS: 1 1 1 0 
KILLED: 0
