The planet koccaeruta has joined the galaxy.
The planet kebrouhiri has joined the galaxy.
The planet uvion has joined the galaxy.
The planet zellerth has joined the galaxy.
The planet xeanus has joined the galaxy.
The planet muhines has joined the galaxy.
The planet miputer has joined the galaxy.
The planet drainus has joined the galaxy.
The planet lindaT0X has joined the galaxy.
The planet lliliaC3A7 has joined the galaxy.
The planet vunzenides has joined the galaxy.
The planet thibiuhines has joined the galaxy.
The planet senadus has joined the galaxy.
The planet gingiuq has joined the galaxy.
The planet zacury has joined the galaxy.
The planet uhiri has joined the galaxy.
The planet biagantu has joined the galaxy.
The planet mizoruta has joined the galaxy.
The planet grindaXJ60 has joined the galaxy.
The planet syria8Y has joined the galaxy.
The planet tebiatera has joined the galaxy.
The planet polmeclite has joined the galaxy.
The planet yobberon has joined the galaxy.
The planet zulryke has joined the galaxy.
The planet saonus has joined the galaxy.
The planet uclite has joined the galaxy.
The planet strodonerth has joined the galaxy.
The planet munatov has joined the galaxy.
The planet bryria929 has joined the galaxy.
The planet naguaVU29 has joined the galaxy.
The planet ponnuinia has joined the galaxy.
The planet yasulara has joined the galaxy.
The planet kuphion has joined the galaxy.
The planet ulladus has joined the galaxy.
The planet xagawa has joined the galaxy.
The planet aithea has joined the galaxy.
The planet voonov has joined the galaxy.
The planet chogubos has joined the galaxy.
The planet llippeGUC has joined the galaxy.
The planet nosie35E4 has joined the galaxy.
The planet echeitera has joined the galaxy.
The planet zicranus has joined the galaxy.
The planet buzone has joined the galaxy.
The planet acherth has joined the galaxy.
The planet teclite has joined the galaxy.
The planet liayama has joined the galaxy.
The planet deicarro has joined the galaxy.
The planet bicheter has joined the galaxy.
The planet gruna5ON5 has joined the galaxy.
The planet munaNAWI has joined the galaxy.
The planet checreustea has joined the galaxy.
The planet abiastea has joined the galaxy.
The planet chenzara has joined the galaxy.
The planet pinduna has joined the galaxy.
The planet cheastea has joined the galaxy.
The planet boatune has joined the galaxy.
The planet zibecarro has joined the galaxy.
The planet gumiphus has joined the galaxy.
The planet gradus2026 has joined the galaxy.
The planet madeQ44X has joined the galaxy.
The planet vigiomia has joined the galaxy.
The planet thinvavis has joined the galaxy.
The planet tosao has joined the galaxy.
The planet senvagua has joined the galaxy.
The planet toizuno has joined the galaxy.
The planet uinides has joined the galaxy.
The planet braviyama has joined the galaxy.
The planet gnuanope has joined the galaxy.
The planet saguaLBRZ has joined the galaxy.
The planet chonoe775 has joined the galaxy.
The planet habretis has joined the galaxy.
The planet salvenides has joined the galaxy.
The planet ophade has joined the galaxy.
The planet ubinda has joined the galaxy.
The planet xeugantu has joined the galaxy.
The planet roiphus has joined the galaxy.
The planet mubotis has joined the galaxy.
The planet gnichoturn has joined the galaxy.
The planet brippePG has joined the galaxy.
The planet thagua2T9 has joined the galaxy.
The planet methaumia has joined the galaxy.
The planet mulvoahines has joined the galaxy.
The planet risars has joined the galaxy.
The planet nebbade has joined the galaxy.
The planet taeria has joined the galaxy.
The planet kuilara has joined the galaxy.
The planet cruthavis has joined the galaxy.
The planet phechubos has joined the galaxy.
The planet marth87HN has joined the galaxy.
The planet vadusCA4 has joined the galaxy.
The planet golmanides has joined the galaxy.
The planet ulviotis has joined the galaxy.
The planet ephypso has joined the galaxy.
The planet gudrippe has joined the galaxy.
The planet nelara has joined the galaxy.
The planet yeutera has joined the galaxy.
The planet gnoelara has joined the galaxy.
The planet lokutera has joined the galaxy.
The planet drurnV2D has joined the galaxy.
The planet grunaC2L has joined the galaxy.
NAME: saonus
CLOSEST: uclite and zulryke
SHIELDS: 1 1 1 1 1 1 1 1 
KILLED: 0
The planet polmeclite has been eaten by the vortex.
NAME: naguaVU29
CLOSEST: ponnuinia and bryria929
SHIELDS: 1 1 1 1 1 1 1 1 1 1 1 1 1 1 
KILLED: 0
The planet tebiatera has been eaten by the vortex.
A planet cannot have less than 4 shields!
The planet pebaurus has joined the galaxy.
The planet grunaC2L has been eaten by the vortex.
The planet roiphus has been eaten by the vortex.
NAME: braviyama
CLOSEST: gnuanope and uinides
SHIELDS: 1 1 1 1 1 1 0 1 
KILLED: 0
NAME: toizuno
CLOSEST: uinides and senvagua
SHIELDS: 1 1 1 1 1 1 1 1 1 
KILLED: 0
The planet senvagua has been eaten by the vortex.
The planet aithea has been eaten by the vortex.
The planet silreonus has joined the galaxy.
The planet zicranus has been eaten by the vortex.
The planet uzitis has joined the galaxy.
NAME: koccaeruta
CLOSEST: uzitis and drurnV2D
SHIELDS: 1 1 1 1 1 1 1 1 1 1 
KILLED: 0
NAME: grindaXJ60
CLOSEST: syria8Y and mizoruta
SHIELDS: 1 1 1 1 1 1 1 1 1 1 1 1 1 1 1 1 
KILLED: 0
The planet uvion has been eaten by the vortex.
The planet chacovis has joined the galaxy.
NAME: biagantu
CLOSEST: mizoruta and uhiri
SHIELDS: 1 1 1 1 1 1 1 1 1 1 1 1 1 1 
KILLED: 0
NAME: ophade
CLOSEST: ubinda and salvenides
SHIELDS: 1 1 1 1 1 1 1 1 1 1 1 1 1 1 1 1 1 1 
KILLED: 0
The planet munreistea has joined the galaxy.
The planet gelvueter has joined the galaxy.
The planet munatov has been eaten by the vortex.
NAME: koccaeruta
CLOSEST: uzitis and drurnV2D
SHIELDS: 1 1 1 1 1 1 0 1 2 1 
KILLED: 0
The planet cathinov has joined the galaxy.
The planet drainus has been eaten by the vortex.
The planet bilvulia has joined the galaxy.
NAME: mulvoahines
CLOSEST: risars and methaumia
SHIELDS: 1 1 1 1 1 1 
KILLED: 0
NAME: vunzenides
CLOSEST: thibiuhines and lliliaC3A7
SHIELDS: 1 1 1 1 1 1 1 1 1 1 1 1 1 
KILLED: 0
NAME: silreonus
CLOSEST: bicheter and deicarro
SHIELDS: 1 1 1 1 1 1 1 1 1 1 1 1 1 1 
KILLED: 0
A planet cannot have less than 4 shields!
The planet ulmehines has joined the galaxy.
NAME: chacovis
CLOSEST: gingiuq and senadus
SHIELDS: 1 1 3 1 1 1 1 1 1 1 
KILLED: 0
NAME: acherth
CLOSEST: teclite and buzone
SHIELDS: 1 1 1 1 1 1 1 1 1 1 1 1 
KILLED: 0
The planet zellerth has been eaten by the vortex.
The planet kugranides has joined the galaxy.
The planet vunzenides has been eaten by the vortex.
NAME: buzone
CLOSEST: acherth and echeitera
SHIELDS: 1 1 1 1 1 1 1 1 1 1 1 1 1 1 1 1 1 
KILLED: 0
The planet bilvulia has been eaten by the vortex.
NAME: lokutera
CLOSEST: drurnV2D and gnoelara
SHIELDS: 1 1 1 1 1 1 1 1 
KILLED: 0
The planet koccaeruta has been eaten by the vortex.
The planet drurnV2D has been eaten by the vortex.
NAME: strodonerth
CLOSEST: bryria929 and uclite
SHIELDS: 1 1 0 1 1 1 1 1 1 2 
KILLED: 0
The planet xognoter has joined the galaxy.
The planet xeugantu has been eaten by the vortex.
The planet ralruvis has joined the galaxy.
The planet almegawa has joined the galaxy.
The planet heleulia has joined the galaxy.
The planet gankihiri has joined the galaxy.
The planet kuilara has been eaten by the vortex.
The planet pezetis has joined the galaxy.
NAME: zulryke
CLOSEST: saonus and yobberon
SHIELDS: 1 1 2 1 1 1 1 1 1 1 1 1 1 
KILLED: 0
NAME: yeutera
CLOSEST: gnoelara and nelara
SHIELDS: 1 1 1 1 1 1 1 2 2 0 1 1 1 
KILLED: 0
The planet natreuliv has joined the galaxy.
The planet voonov has been eaten by the vortex.
The planet inzueclite has joined the galaxy.
The planet guthelara has joined the galaxy.
NAME: braviyama
CLOSEST: gnuanope and uinides
SHIELDS: 1 1 1 1 1 0 1 1 
KILLED: 0
The planet yasulara has been eaten by the vortex.
The planet bilmeastea has joined the galaxy.
The planet gudrippe has been eaten by the vortex.
The planet pannizuno has joined the galaxy.
NAME: kugranides
CLOSEST: liayama and teclite
SHIELDS: 1 1 1 1 1 1 1 1 1 1 1 1 1 
KILLED: 0
The planet xagawa has been eaten by the vortex.
The planet ephypso has imploded.
The planet ulviotis has imploded.
The planet vigiomia has imploded.
The planet madeQ44X has imploded.
NAME: natreuliv
CLOSEST: lliliaC3A7 and lindaT0X
SHIELDS: 1 1 1 1 1 1 1 1 1 
KILLED: 0
The planet nogewei has joined the galaxy.
A planet cannot have less than 4 shields!
The planet bocreaturn has joined the galaxy.
NAME: almegawa
CLOSEST: mizoruta and biagantu
SHIELDS: 1 1 1 1 1 1 1 1 1 1 1 1 1 1 1 
KILLED: 0
The planet gruna5ON5 has been eaten by the vortex.
The planet strodonerth has been eaten by the vortex.
The planet bunzorus has joined the galaxy.
A planet cannot have less than 4 shields!
The planet kugranides has been eaten by the vortex.
The planet bicheter has been eaten by the vortex.
The planet syria8Y has been eaten by the vortex.
The planet ulmehines has been eaten by the vortex.
NAME: checreustea
CLOSEST: abiastea and munaNAWI
SHIELDS: 1 1 1 1 2 
KILLED: 0
The planet brippePG has been eaten by the vortex.
The planet togninov has joined the galaxy.
The planet togninov has been eaten by the vortex.
NAME: braviyama
CLOSEST: gnuanope and uinides
SHIELDS: 1 1 1 1 1 0 1 1 
KILLED: 0
NAME: gankihiri
CLOSEST: lindaT0X and miputer
SHIELDS: 1 1 1 1 1 1 1 
KILLED: 0
The planet thobruruta has joined the galaxy.
NAME: ulladus
CLOSEST: pebaurus and kuphion
SHIELDS: 3 1 1 1 1 1 1 1 1 
KILLED: 0
The planet nubbotune has joined the galaxy.
NAME: saguaLBRZ
CLOSEST: ralruvis and gnuanope
SHIELDS: 1 1 1 1 1 1 0 1 
KILLED: 0
The planet bignoanus has joined the galaxy.
NAME: marth87HN
CLOSEST: xognoter and phechubos
SHIELDS: 1 1 1 1 1 1 1 1 1 0 1 1 1 
KILLED: 0
The planet grindaXJ60 has been eaten by the vortex.
A planet cannot have less than 4 shields!
The planet eboria has joined the galaxy.
NAME: lliliaC3A7
CLOSEST: thibiuhines and natreuliv
SHIELDS: 2 1 1 1 1 1 3 1 
KILLED: 0
NAME: yobberon
CLOSEST: zulryke and mizoruta
SHIELDS: 1 1 1 1 1 1 1 1 1 1 1 1 1 
KILLED: 0
NAME: gumiphus
CLOSEST: gradus2026 and zibecarro
SHIELDS: 1 1 1 0 1 
KILLED: 0
The planet lindaT0X has been eaten by the vortex.
The planet llippeGUC has been eaten by the vortex.
The planet sallirus has joined the galaxy.
The planet zumeilea has joined the galaxy.
The planet zacury has been eaten by the vortex.
NAME: chogubos
CLOSEST: pannizuno and pebaurus
SHIELDS: 1 1 1 1 1 1 1 1 1 1 1 1 1 1 
KILLED: 0
NAME: nelara
CLOSEST: yeutera and golmanides
SHIELDS: 1 1 1 1 1 1 0 1 1 1 1 
KILLED: 0
The planet methaumia has imploded.
The planet bilroruta has joined the galaxy.
The planet nuchegantu has joined the galaxy.
NAME: thibiuhines
CLOSEST: senadus and lliliaC3A7
SHIELDS: 1 1 1 1 1 1 1 1 1 2 
KILLED: 0
The planet eboria has been eaten by the vortex.
The planet onuliv has joined the galaxy.
The planet saonus has been eaten by the vortex.
NAME: gelvueter
CLOSEST: ubinda and bocreaturn
SHIELDS: 1 1 2 1 1 1 1 1 1 1 
KILLED: 0
NAME: zibecarro
CLOSEST: gumiphus and boatune
SHIELDS: 1 1 1 1 
KILLED: 0
NAME: gnoelara
CLOSEST: lokutera and yeutera
SHIELDS: 1 0 1 1 1 1 1 
KILLED: 0
NAME: toizuno
CLOSEST: uinides and bilmeastea
SHIELDS: 1 1 1 1 1 1 
KILLED: 0
The planet yulnaetune has joined the galaxy.
The planet toizuno has been eaten by the vortex.
The planet salvenides has imploded.
The planet habretis has imploded.
NAME: nosie35E4
CLOSEST: echeitera and pannizuno
SHIELDS: 1 1 1 2 
KILLED: 0
The planet zumeilea has been eaten by the vortex.
The planet nebbade has imploded.
The planet risars has imploded.
The planet buminus has joined the galaxy.
NAME: xeanus
CLOSEST: muhines and kebrouhiri
SHIELDS: 1 1 1 1 1 1 0 1 
KILLED: 0
The planet gelrinia has joined the galaxy.
The planet zivoiyama has joined the galaxy.
The planet pannizuno has been eaten by the vortex.
The planet lubbeagawa has joined the galaxy.
NAME: taeria
CLOSEST: cruthavis and mulvoahines
SHIELDS: 1 3 1 1 1 1 1 1 1 1 1 1 1 1 1 1 
KILLED: 0
A planet cannot have less than 4 shields!
The planet bignoanus has imploded.
The planet thibiuhines has been eaten by the vortex.
The planet echoayama has joined the galaxy.
NAME: gnuanope
CLOSEST: saguaLBRZ and braviyama
SHIELDS: 1 0 2 1 
KILLED: 0
NAME: nuchegantu
CLOSEST: onuliv and senadus
SHIELDS: 1 1 1 1 
KILLED: 0
The planet liayama has been eaten by the vortex.
The planet chenzara has imploded.
The planet abiastea has imploded.
The planet cruthavis has imploded.
NAME: ralruvis
CLOSEST: chonoe775 and saguaLBRZ
SHIELDS: 1 1 1 1 1 1 1 
KILLED: 0
NAME: kuphion
CLOSEST: ulladus and ponnuinia
SHIELDS: 1 1 1 1 2 
KILLED: 0
Planet out of bounds!
The planet pinduna has been eaten by the vortex.
The planet utrulia has joined the galaxy.
The planet vadusCA4 has imploded.
The planet xognoter has imploded.
The planet munaNAWI has imploded.
The planet guthelara has imploded.
The planet ulualara has joined the galaxy.
The planet bilroruta has been eaten by the vortex.
The planet tosao has been eaten by the vortex.
NAME: chogubos
CLOSEST: nosie35E4 and pebaurus
SHIELDS: 1 1 1 1 1 1 1 1 1 1 1 1 2 1 
KILLED: 0
The planet chonoe775 has been eaten by the vortex.
NAME: yobberon
CLOSEST: zulryke and mizoruta
SHIELDS: 1 1 1 1 1 1 1 1 1 1 1 1 1 
KILLED: 0
NAME: lliliaC3A7
CLOSEST: senadus and lubbeagawa
SHIELDS: 2 1 1 1 1 1 3 1 
KILLED: 0
Planet out of bounds!
The planet gimocarro has joined the galaxy.
The planet hasarilia has joined the galaxy.
NAME: natreuliv
CLOSEST: lubbeagawa and gankihiri
SHIELDS: 1 1 0 1 1 1 1 1 1 2 
KILLED: 0
The planet inzueclite has been eaten by the vortex.
The planet biagantu has been eaten by the vortex.
The planet chogrulea has joined the galaxy.
The planet xozionides has joined the galaxy.
The planet ondecarro has joined the galaxy.
The planet beceophus has joined the galaxy.
NAME: gingiuq
CLOSEST: uhiri and chacovis
SHIELDS: 1 1 1 1 1 1 1 1 1 
KILLED: 0
The planet chognapra has joined the galaxy.
Planet out of bounds!
The planet marth87HN has imploded.
The planet idraeter has joined the galaxy.
The planet lubbeagawa has been eaten by the vortex.
NAME: yulnaetune
CLOSEST: checreustea and silreonus
SHIELDS: 1 1 1 1 1 1 1 1 1 1 1 
KILLED: 0
NAME: muhines
CLOSEST: beceophus and xeanus
SHIELDS: 1 3 1 1 0 1 1 1 1 1 1 1 1 1 1 1 1 
KILLED: 0
A planet cannot have less than 4 shields!
The planet alnionov has joined the galaxy.
The planet saccuturn has joined the galaxy.
A planet cannot have less than 4 shields!
The planet ibauphus has joined the galaxy.
The planet pullaphus has joined the galaxy.
The planet alnionov has been eaten by the vortex.
The planet yeutera has imploded.
The planet phechubos has been eaten by the vortex.
The planet yutrenus has joined the galaxy.
NAME: xeanus
CLOSEST: muhines and kebrouhiri
SHIELDS: 1 1 1 1 1 1 0 1 
KILLED: 0
NAME: pebaurus
CLOSEST: xozionides and ulladus
SHIELDS: 1 1 1 1 1 2 1 1 1 1 
KILLED: 0
The planet rulrunus has joined the galaxy.
The planet mulvoahines has been eaten by the vortex.
The planet cenkeinus has joined the galaxy.
NAME: cheastea
CLOSEST: boatune and checreustea
SHIELDS: 1 1 1 1 1 1 1 1 1 1 1 1 
KILLED: 0
NAME: onuliv
CLOSEST: chacovis and nuchegantu
SHIELDS: 1 1 1 1 1 1 1 1 1 1 1 1 
KILLED: 0
NAME: ubinda
CLOSEST: chognapra and gelvueter
SHIELDS: 1 1 1 1 1 1 1 2 1 1 1 1 1 1 1 
KILLED: 0
NAME: ophade
CLOSEST: echoayama and ralruvis
SHIELDS: 1 1 1 1 1 1 1 1 1 1 1 1 1 1 1 1 1 1 2 
KILLED: 0
NAME: nuchegantu
CLOSEST: onuliv and senadus
SHIELDS: 1 1 1 1 
KILLED: 0
The planet xozionides has been eaten by the vortex.
The planet mizoruta has been eaten by the vortex.
The planet theccurilia has joined the galaxy.
The planet gelrinia has been eaten by the vortex.
NAME: ubinda
CLOSEST: chognapra and gelvueter
SHIELDS: 1 1 1 1 1 1 1 2 1 0 1 1 1 1 1 
KILLED: 0
The planet bonvuetis has joined the galaxy.
The planet heleulia has been eaten by the vortex.
The planet gosunus has joined the galaxy.
The planet anvueter has joined the galaxy.
The planet chubulara has joined the galaxy.
The planet elamia has joined the galaxy.
The planet ruphearus has joined the galaxy.
The planet gnuanope has imploded.
The planet muccoanus has joined the galaxy.
The planet ganvioclite has joined the galaxy.
The planet tigetis has joined the galaxy.
NAME: bryria929
CLOSEST: naguaVU29 and uclite
SHIELDS: 1 1 1 0 
KILLED: 0
The planet zemuacury has joined the galaxy.
The planet gosunus has been eaten by the vortex.
The planet echoayama has been eaten by the vortex.
The planet chognapra has imploded.
The planet ubinda has imploded.
The planet echeitera has been eaten by the vortex.
The planet senkeonerth has joined the galaxy.
The planet kalmoumia has joined the galaxy.
NAME: boatune
CLOSEST: ruphearus and cheastea
SHIELDS: 1 1 1 1 1 1 1 3 1 4 1 1 
KILLED: 0
The planet yugroalara has joined the galaxy.
The planet ulladus has imploded.
NAME: miputer
CLOSEST: gankihiri and munreistea
SHIELDS: 1 1 1 1 0 1 1 1 1 1 1 1 1 1 1 1 
KILLED: 0
The planet yobberon has been eaten by the vortex.
The planet buzone has been eaten by the vortex.
The planet idraeter has been eaten by the vortex.
NAME: teclite
CLOSEST: deicarro and acherth
SHIELDS: 1 0 1 2 1 1 
KILLED: 0
Shield out of bounds!
Planet out of bounds!
Planet out of bounds!
The planet uhiri has been eaten by the vortex.
The planet nedaitis has joined the galaxy.
NAME: lokutera
CLOSEST: uzitis and gnoelara
SHIELDS: 1 0 2 1 1 1 1 
KILLED: 0
Planet out of bounds!
NAME: ibauphus
CLOSEST: muccoanus and tigetis
SHIELDS: 1 1 1 1 1 1 1 1 1 1 1 
KILLED: 0
The planet saguaLBRZ has been eaten by the vortex.
The planet onniunov has joined the galaxy.
Shield out of bounds!
NAME: cenkeinus
CLOSEST: ulualara and nelara
SHIELDS: 1 1 1 1 
KILLED: 0
The planet zalriunia has joined the galaxy.
The planet acherth has imploded.
The planet gankihiri has been eaten by the vortex.
The planet alvulea has joined the galaxy.
The planet thinvavis has imploded.
The planet bunzorus has imploded.
The planet thagua2T9 has been eaten by the vortex.
NAME: yutrenus
CLOSEST: ondecarro and miputer
SHIELDS: 1 1 1 1 1 1 1 1 1 0 1 1 1 1 
KILLED: 0
Shield out of bounds!
Shield out of bounds!
The planet lilmianus has joined the galaxy.
NAME: gingiuq
CLOSEST: gimocarro and chacovis
SHIELDS: 1 1 1 1 1 1 1 1 1 
KILLED: 0
The planet thobruruta has been eaten by the vortex.
The planet estreter has joined the galaxy.
The planet buminus has imploded.
NAME: naguaVU29
CLOSEST: sallirus and bryria929
SHIELDS: 1 1 1 0 3 1 1 1 1 1 1 1 1 1 2 2 
KILLED: 0
The planet elamia has been eaten by the vortex.
The planet onuliv has been eaten by the vortex.
The planet cedrievis has joined the galaxy.
The planet tinatune has joined the galaxy.
The planet thuphenov has joined the galaxy.
The planet kostrielara has joined the galaxy.
The planet zulryke has been eaten by the vortex.
A planet cannot have less than 4 shields!
The planet dulniutis has joined the galaxy.
The planet uinides has been eaten by the vortex.
The planet ondecarro has imploded.
The planet yutrenus has imploded.
The planet teclite has been eaten by the vortex.
NAME: natreuliv
CLOSEST: anvueter and muccoanus
SHIELDS: 1 1 0 1 1 1 1 1 1 2 1 
KILLED: 0
NAME: gumiphus
CLOSEST: ganvioclite and zibecarro
SHIELDS: 1 1 0 0 
KILLED: 0
Shield out of bounds!
The planet iccoturn has joined the galaxy.
The planet hulrathea has joined the galaxy.
The planet thuphenov has been eaten by the vortex.
The planet adonus has joined the galaxy.
The planet rulrunus has been eaten by the vortex.
NAME: cheastea
CLOSEST: iccoturn and checreustea
SHIELDS: 1 1 1 1 1 1 1 1 1 0 1 1 
KILLED: 0
The planet valrania has joined the galaxy.
NAME: nelara
CLOSEST: cenkeinus and golmanides
SHIELDS: 1 1 1 1 1 1 0 1 1 0 1 1 
KILLED: 0
NAME: zibecarro
CLOSEST: gumiphus and ruphearus
SHIELDS: 1 1 1 1 2 
KILLED: 0
NAME: pezetis
CLOSEST: taeria and nubbotune
SHIELDS: 1 1 1 0 1 1 
KILLED: 0
Shield out of bounds!
The planet chephiuwei has joined the galaxy.
The planet miputer has been eaten by the vortex.
The planet sabriuter has joined the galaxy.
Planet out of bounds!
NAME: golmanides
CLOSEST: nelara and pullaphus
SHIELDS: 1 1 1 1 1 1 1 1 1 1 1 1 1 2 
KILLED: 0
The planet chogubos has imploded.
NAME: chephiuwei
CLOSEST: pezetis and nubbotune
SHIELDS: 1 1 1 1 1 1 1 1 1 1 1 1 1 1 
KILLED: 0
A planet cannot have less than 4 shields!
A planet cannot have less than 4 shields!
NAME: nuchegantu
CLOSEST: chacovis and senadus
SHIELDS: 1 1 1 0 
KILLED: 0
NAME: tigetis
CLOSEST: cedrievis and munreistea
SHIELDS: 2 1 3 1 1 1 1 1 
KILLED: 0
The planet alrotera has joined the galaxy.
The planet pimuhines has joined the galaxy.
NAME: senadus
CLOSEST: nuchegantu and lliliaC3A7
SHIELDS: 1 3 1 1 1 1 1 
KILLED: 0
The planet pegnieclite has joined the galaxy.
Planet out of bounds!
The planet raccugantu has joined the galaxy.
NAME: kuphion
CLOSEST: lilmianus and ponnuinia
SHIELDS: 3 0 1 0 2 
KILLED: 0
The planet yognohiri has joined the galaxy.
Shield out of bounds!
NAME: cenkeinus
CLOSEST: ulualara and nelara
SHIELDS: 1 0 1 1 
KILLED: 0
The planet zalriunia has been eaten by the vortex.
The planet taeria has been eaten by the vortex.
NAME: bocreaturn
CLOSEST: gelvueter and theccurilia
SHIELDS: 1 1 1 1 2 1 1 2 
KILLED: 0
The planet pephahiri has joined the galaxy.
The planet nelara has been eaten by the vortex.
NAME: hasarilia
CLOSEST: senkeonerth and ulualara
SHIELDS: 1 1 1 1 1 1 0 1 
KILLED: 0
NAME: lliliaC3A7
CLOSEST: raccugantu and anvueter
SHIELDS: 2 0 1 1 1 3 3 
KILLED: 0
NAME: golmanides
CLOSEST: cenkeinus and alrotera
SHIELDS: 1 1 1 0 1 1 1 1 1 1 1 1 1 2 
KILLED: 0
The planet bilmeastea has been eaten by the vortex.
The planet silreonus has been eaten by the vortex.
NAME: cheastea
CLOSEST: iccoturn and checreustea
SHIELDS: 1 1 1 1 1 1 1 1 1 0 1 1 
KILLED: 0
The planet belnuelea has joined the galaxy.
The planet beceophus has been eaten by the vortex.
The planet papheutania has joined the galaxy.
NAME: valrania
CLOSEST: naguaVU29 and bryria929
SHIELDS: 1 1 1 1 1 1 1 1 1 1 1 1 
KILLED: 0
NAME: zivoiyama
CLOSEST: onniunov and saccuturn
SHIELDS: 1 1 1 1 1 1 3 1 
KILLED: 0
NAME: braviyama
CLOSEST: yognohiri and pephahiri
SHIELDS: 1 1 1 3 1 0 0 1 
KILLED: 1
NAME: yulnaetune
CLOSEST: checreustea and deicarro
SHIELDS: 1 3 0 2 1 1 1 1 1 1 1 2 1 
KILLED: 0
NAME: chephiuwei
CLOSEST: pezetis and nubbotune
SHIELDS: 1 1 1 1 1 1 1 1 1 1 1 1 1 1 
KILLED: 0
The planet manganus has joined the galaxy.
The planet chodavis has joined the galaxy.
The planet zucralea has joined the galaxy.
NAME: ponnuinia
CLOSEST: kuphion and sallirus
SHIELDS: 2 1 1 0 1 1 2 1 
KILLED: 0
Planet out of bounds!
NAME: yulnaetune
CLOSEST: checreustea and deicarro
SHIELDS: 1 3 0 2 1 1 1 1 1 1 1 2 1 
KILLED: 0
The planet muhines has been eaten by the vortex.
The planet adonus has been eaten by the vortex.
The planet cheastea has imploded.
The planet almegawa has been eaten by the vortex.
The planet chemounov has joined the galaxy.
The planet dabbugantu has joined the galaxy.
NAME: cenkeinus
CLOSEST: zucralea and belnuelea
SHIELDS: 1 0 1 1 
KILLED: 0
NAME: gnichoturn
CLOSEST: cathinov and mubotis
SHIELDS: 1 1 1 1 1 1 1 1 1 1 1 1 1 2 
KILLED: 0
The planet cetruigantu has joined the galaxy.
NAME: manganus
CLOSEST: nogewei and hulrathea
SHIELDS: 1 0 1 1 1 1 1 
KILLED: 0
The planet pusoawei has joined the galaxy.
The planet yonneamia has joined the galaxy.
NAME: lokutera
CLOSEST: yonneamia and gnoelara
SHIELDS: 1 0 2 1 1 1 1 
KILLED: 0
The planet pimuhines has been eaten by the vortex.
The planet zonzoiwei has joined the galaxy.
The planet utrulia has been eaten by the vortex.
The planet nutrunerth has joined the galaxy.
The planet lunzarus has joined the galaxy.
The planet ulvemia has joined the galaxy.
The planet hilmiotania has joined the galaxy.
NAME: gnichoturn
CLOSEST: cathinov and mubotis
SHIELDS: 1 1 1 1 1 1 1 1 1 1 1 1 1 2 
KILLED: 0
NAME: pullaphus
CLOSEST: pusoawei and pezetis
SHIELDS: 1 1 1 1 1 1 1 1 1 0 1 1 1 1 
KILLED: 0
The planet chadraiter has joined the galaxy.
The planet gobulia has joined the galaxy.
NAME: ophade
CLOSEST: theccurilia and ralruvis
SHIELDS: 1 1 1 1 1 1 1 1 1 1 1 1 1 1 1 1 1 1 2 
KILLED: 0
The planet gimocarro has imploded.
The planet taccoupra has joined the galaxy.
A planet cannot have less than 4 shields!
The planet pullaphus has imploded.
The planet otrupra has joined the galaxy.
NAME: uclite
CLOSEST: bryria929 and nogewei
SHIELDS: 1 1 1 1 1 1 1 1 1 1 1 1 0 1 1 1 1 1 1 
KILLED: 0
NAME: mubotis
CLOSEST: gnichoturn and hilmiotania
SHIELDS: 1 0 1 0 1 1 
KILLED: 0
NAME: boatune
CLOSEST: sabriuter and dulniutis
SHIELDS: 1 1 1 1 1 1 1 3 1 4 1 1 
KILLED: 0
NAME: mubotis
CLOSEST: gnichoturn and hilmiotania
SHIELDS: 1 0 1 0 1 1 
KILLED: 0
The planet senkeonerth has been eaten by the vortex.
The planet gubbeihines has joined the galaxy.
Shield out of bounds!
The planet dunaostea has joined the galaxy.
NAME: tinatune
CLOSEST: deicarro and alvulea
SHIELDS: 1 1 1 1 1 1 1 1 
KILLED: 0
The planet sillienus has joined the galaxy.
The planet bryria929 has been eaten by the vortex.
Shield out of bounds!
The planet thosauhines has joined the galaxy.
The planet usuigantu has joined the galaxy.
NAME: cenkeinus
CLOSEST: zucralea and belnuelea
SHIELDS: 1 0 1 1 2 
KILLED: 0
NAME: chadraiter
CLOSEST: nutrunerth and lilmianus
SHIELDS: 1 1 1 1 1 1 1 1 
KILLED: 0
NAME: munreistea
CLOSEST: tigetis and ulvemia
SHIELDS: 1 1 1 0 1 
KILLED: 0
The planet thosauhines has been eaten by the vortex.
The planet gingiuq has been eaten by the vortex.
The planet hiletov has joined the galaxy.
The planet lliliaC3A7 has been eaten by the vortex.
The planet belnuelea has been eaten by the vortex.
NAME: raccugantu
CLOSEST: senadus and chodavis
SHIELDS: 1 1 1 1 1 1 1 1 1 0 1 1 1 1 1 
KILLED: 0
The planet idouvis has joined the galaxy.
Planet out of bounds!
The planet ibbuelia has joined the galaxy.
NAME: gumiphus
CLOSEST: ganvioclite and zibecarro
SHIELDS: 3 1 0 0 
KILLED: 0
The planet cundaucury has joined the galaxy.
The planet pastrugawa has joined the galaxy.
The planet pegriunus has joined the galaxy.
The planet munreistea has imploded.
The planet zucralea has imploded.
The planet cenkeinus has imploded.
Shield out of bounds!
Shield out of bounds!
NAME: dabbugantu
CLOSEST: uzitis and estreter
SHIELDS: 1 1 1 1 1 1 1 1 1 1 1 1 
KILLED: 0
The planet iccoturn has been eaten by the vortex.
NAME: papheutania
CLOSEST: pebaurus and bonvuetis
SHIELDS: 3 1 1 1 1 
KILLED: 0
The planet yagnialia has joined the galaxy.
The planet saccuturn has been eaten by the vortex.
The planet tilmonope has joined the galaxy.
The planet obeithea has joined the galaxy.
Shield out of bounds!
The planet zilneozuno has joined the galaxy.
The planet astruanerth has joined the galaxy.
Shield out of bounds!
The planet deicarro has been eaten by the vortex.
NAME: gobulia
CLOSEST: kalmoumia and xeanus
SHIELDS: 1 1 1 1 1 1 1 1 1 1 1 1 
KILLED: 0
The planet mubotis has imploded.
Planet out of bounds!
NAME: cedrievis
CLOSEST: ibauphus and pegnieclite
SHIELDS: 1 1 1 0 1 1 1 1 1 0 1 1 
KILLED: 0
Shield out of bounds!
The planet mezeanov has joined the galaxy.
The planet ugrubos has joined the galaxy.
Shield out of bounds!
Shield out of bounds!
The planet xeanus has imploded.
The planet kobraerilia has joined the galaxy.
NAME: gnoelara
CLOSEST: lokutera and hasarilia
SHIELDS: 1 0 1 2 1 1 1 1 
KILLED: 0
A planet cannot have less than 4 shields!
The planet kidiocury has joined the galaxy.
The planet usuigantu has been eaten by the vortex.
NAME: chadraiter
CLOSEST: nutrunerth and lilmianus
SHIELDS: 1 1 1 1 1 1 1 1 
KILLED: 0
The planet vogropra has joined the galaxy.
NAME: pegriunus
CLOSEST: chodavis and gubbeihines
SHIELDS: 1 1 1 1 
KILLED: 0
The planet cedrievis has imploded.
The planet pegnieclite has imploded.
NAME: cetruigantu
CLOSEST: hilmiotania and gelvueter
SHIELDS: 3 1 1 1 1 1 1 
KILLED: 0
The planet dabbugantu has imploded.
The planet estreter has imploded.
NAME: pusoawei
CLOSEST: tilmonope and pezetis
SHIELDS: 1 0 1 1 1 1 
KILLED: 1
The planet pezetis has been eaten by the vortex.
Shield out of bounds!
The planet lotruitera has joined the galaxy.
NAME: hiletov
CLOSEST: hasarilia and ulualara
SHIELDS: 1 1 1 1 1 2 2 
KILLED: 0
NAME: mezeanov
CLOSEST: kobraerilia and lotruitera
SHIELDS: 1 1 1 1 1 1 1 1 1 1 1 1 
KILLED: 0
The planet chubulara has been eaten by the vortex.
NAME: cundaucury
CLOSEST: zilneozuno and yonneamia
SHIELDS: 1 1 1 1 2 1 1 1 1 1 1 
KILLED: 0
The planet sallirus has been eaten by the vortex.
NAME: gelvueter
CLOSEST: cetruigantu and obeithea
SHIELDS: 1 1 2 1 1 1 1 2 1 1 2 
KILLED: 0
The planet elnoaruta has joined the galaxy.
NAME: nosie35E4
CLOSEST: alvulea and vogropra
SHIELDS: 1 1 1 0 1 1 
KILLED: 1
NAME: kuphion
CLOSEST: taccoupra and ponnuinia
SHIELDS: 3 0 1 0 2 
KILLED: 0
The planet cenrogawa has joined the galaxy.
The planet vogropra has been eaten by the vortex.
The planet ugrater has joined the galaxy.
Shield out of bounds!
The planet ganvioclite has imploded.
The planet cundaucury has been eaten by the vortex.
The planet uclite has been eaten by the vortex.
The planet nuchegantu has imploded.
The planet senadus has imploded.
NAME: hilmiotania
CLOSEST: gnichoturn and cetruigantu
SHIELDS: 1 1 0 1 
KILLED: 1
A planet cannot have less than 4 shields!
Shield out of bounds!
NAME: sillienus
CLOSEST: pusoawei and chephiuwei
SHIELDS: 1 1 1 2 1 1 1 1 1 1 1 1 
KILLED: 0
NAME: astruanerth
CLOSEST: elnoaruta and naguaVU29
SHIELDS: 1 1 1 1 1 1 1 1 1 0 1 1 1 1 
KILLED: 0
The planet rangeopra has joined the galaxy.
The planet zocrephus has joined the galaxy.
NAME: lokutera
CLOSEST: yonneamia and gnoelara
SHIELDS: 3 2 1 0 1 1 
KILLED: 0
The planet dulniutis has imploded.
NAME: tinatune
CLOSEST: kidiocury and alvulea
SHIELDS: 1 0 1 1 1 1 1 
KILLED: 0
NAME: cenrogawa
CLOSEST: zivoiyama and gumiphus
SHIELDS: 1 1 1 1 1 1 1 1 1 0 1 1 1 1 1 
KILLED: 1
The planet yetrunerth has joined the galaxy.
The planet manganus has imploded.
The planet thasuiter has joined the galaxy.
NAME: zonzoiwei
CLOSEST: hulrathea and kostrielara
SHIELDS: 1 1 1 1 1 2 1 2 
KILLED: 0
The planet muccoanus has imploded.
The planet ibbuelia has imploded.
The planet istripra has joined the galaxy.
NAME: cathinov
CLOSEST: zemuacury and istripra
SHIELDS: 1 1 2 1 1 1 1 1 1 1 
KILLED: 0
Planet out of bounds!
A planet cannot have less than 4 shields!
The planet anvueter has been eaten by the vortex.
NAME: gelvueter
CLOSEST: cetruigantu and obeithea
SHIELDS: 1 1 2 1 1 1 1 2 1 1 2 
KILLED: 0
The planet elnoaruta has imploded.
The planet astruanerth has imploded.
NAME: dunaostea
CLOSEST: pastrugawa and tigetis
SHIELDS: 1 1 1 0 2 1 1 1 1 1 1 1 1 
KILLED: 0
The planet vuphelara has joined the galaxy.
The planet ophade has been eaten by the vortex.
The planet checreustea has been eaten by the vortex.
The planet cucreiclite has joined the galaxy.
NAME: natreuliv
CLOSEST: gubbeihines and ibauphus
SHIELDS: 1 1 0 1 1 1 1 1 1 2 1 2 
KILLED: 0
NAME: kostrielara
CLOSEST: zonzoiwei and chacovis
SHIELDS: 1 1 1 1 1 1 1 1 1 1 1 1 1 1 1 2 
KILLED: 0
Shield out of bounds!
NAME: pegriunus
CLOSEST: chodavis and gubbeihines
SHIELDS: 1 1 1 1 
KILLED: 0
The planet chodavis has been eaten by the vortex.
The planet nosie35E4 has been eaten by the vortex.
The planet otrupra has been eaten by the vortex.
The planet gradus2026 has been eaten by the vortex.
The planet idouvis has been eaten by the vortex.
The planet vuphelara has been eaten by the vortex.
Shield out of bounds!
Planet out of bounds!
The planet naguaVU29 has imploded.
The planet bocreaturn has imploded.
NAME: cucreiclite
CLOSEST: ralruvis and yognohiri
SHIELDS: 1 1 1 1 1 1 1 
KILLED: 0
NAME: zilneozuno
CLOSEST: uzitis and yonneamia
SHIELDS: 1 1 1 1 1 1 1 1 1 
KILLED: 0
The planet rethinope has joined the galaxy.
NAME: zivoiyama
CLOSEST: onniunov and cenrogawa
SHIELDS: 1 1 1 1 1 3 1 
KILLED: 0
The planet nenguvis has joined the galaxy.
The planet ugrater has been eaten by the vortex.
NAME: cenrogawa
CLOSEST: zivoiyama and gumiphus
SHIELDS: 1 3 1 1 1 1 1 1 1 0 1 1 1 1 1 
KILLED: 1
The planet zivoiyama has been eaten by the vortex.
NAME: hulrathea
CLOSEST: thasuiter and zonzoiwei
SHIELDS: 1 2 1 1 1 1 0 1 1 1 
KILLED: 1
The planet sebreirilia has joined the galaxy.
Planet out of bounds!
The planet alvulea has been eaten by the vortex.
The planet natreuliv has been eaten by the vortex.
The planet mezeanov has been eaten by the vortex.
NAME: tigetis
CLOSEST: dunaostea and ulvemia
SHIELDS: 2 1 3 1 1 1 0 1 
KILLED: 0
The planet olatis has joined the galaxy.
The planet cenuemia has joined the galaxy.
The planet alrotera has been eaten by the vortex.
The planet solrotania has joined the galaxy.
The planet inanides has joined the galaxy.
The planet endozuno has joined the galaxy.
NAME: lotruitera
CLOSEST: kobraerilia and yetrunerth
SHIELDS: 1 1 1 1 1 1 1 1 1 1 1 1 1 
KILLED: 0
The planet eccaiturn has joined the galaxy.
The planet nutrunerth has been eaten by the vortex.
The planet piguvis has joined the galaxy.
The planet ulvemia has been eaten by the vortex.
The planet pastrugawa has been eaten by the vortex.
The planet taccoupra has been eaten by the vortex.
NAME: gubbeihines
CLOSEST: pegriunus and ibauphus
SHIELDS: 2 1 1 1 1 1 
KILLED: 0
The planet gnichoturn has been eaten by the vortex.
NAME: hiletov
CLOSEST: hasarilia and ulualara
SHIELDS: 1 1 1 1 1 2 2 1 
KILLED: 0
The planet nedaitis has been eaten by the vortex.
NAME: rangeopra
CLOSEST: nubbotune and chogrulea
SHIELDS: 1 1 2 1 
KILLED: 0
The planet ulealea has joined the galaxy.
NAME: obeithea
CLOSEST: gelvueter and theccurilia
SHIELDS: 1 1 1 1 1 1 1 1 1 
KILLED: 0
The planet rethinope has been eaten by the vortex.
NAME: zonzoiwei
CLOSEST: hulrathea and kostrielara
SHIELDS: 1 1 1 1 1 2 1 2 
KILLED: 0
NAME: zocrephus
CLOSEST: piguvis and olatis
SHIELDS: 1 1 1 1 
KILLED: 0
A planet cannot have less than 4 shields!
The planet vulubos has joined the galaxy.
The planet ucroucury has joined the galaxy.
The planet yetrunerth has been eaten by the vortex.
NAME: kuphion
CLOSEST: lilmianus and ponnuinia
SHIELDS: 3 0 0 1 
KILLED: 0
The planet yollounov has joined the galaxy.
Shield out of bounds!
The planet ongouhiri has joined the galaxy.
The planet thimeucarro has joined the galaxy.
NAME: kobraerilia
CLOSEST: zibecarro and lotruitera
SHIELDS: 1 3 1 1 1 1 1 1 
KILLED: 0
NAME: cucreiclite
CLOSEST: ralruvis and yognohiri
SHIELDS: 1 0 1 1 1 1 1 
KILLED: 0
The planet zitrohines has joined the galaxy.
The planet cenuemia has been eaten by the vortex.
The planet kudrostea has joined the galaxy.
NAME: zibecarro
CLOSEST: gumiphus and kobraerilia
SHIELDS: 1 0 1 2 1 2 
KILLED: 0
A planet cannot have less than 4 shields!
Shield out of bounds!
The planet lilmianus has imploded.
The planet tutheohines has joined the galaxy.
The planet zibecarro has been eaten by the vortex.
The planet ibauphus has imploded.
Planet out of bounds!
The planet higrunov has joined the galaxy.
NAME: higrunov
CLOSEST: cetruigantu and gelvueter
SHIELDS: 1 1 1 1 1 
KILLED: 0
The planet eccaiturn has been eaten by the vortex.
The planet zocrephus has been eaten by the vortex.
The planet kostrielara has been eaten by the vortex.
The planet rophuinerth has joined the galaxy.
The planet xemierilia has joined the galaxy.
The planet cucreiclite has been eaten by the vortex.
The planet lozegantu has joined the galaxy.
The planet gnoelara has been eaten by the vortex.
NAME: vulubos
CLOSEST: yollounov and tilmonope
SHIELDS: 1 1 1 1 1 
KILLED: 0
Shield out of bounds!
The planet ponecury has joined the galaxy.
NAME: inanides
CLOSEST: hilmiotania and rophuinerth
SHIELDS: 1 1 1 1 1 1 1 2 1 1 1 
KILLED: 0
The planet gichionerth has joined the galaxy.
The planet sabriuter has imploded.
NAME: hasarilia
CLOSEST: lokutera and hiletov
SHIELDS: 1 1 1 3 1 1 0 1 
KILLED: 0
The planet bubrelia has joined the galaxy.
A planet cannot have less than 4 shields!
NAME: raccugantu
CLOSEST: chacovis and ongouhiri
SHIELDS: 1 1 1 1 1 3 1 1 1 0 1 1 1 1 1 2 
KILLED: 0
The planet melmunerth has joined the galaxy.
The planet gichionerth has been eaten by the vortex.
The planet lunzarus has been eaten by the vortex.
The planet zemuacury has imploded.
The planet cathinov has imploded.
The planet tinatune has imploded.
The planet pebaurus has imploded.
The planet valrania has been eaten by the vortex.
The planet zudruliv has joined the galaxy.
NAME: nogewei
CLOSEST: tutheohines and thasuiter
SHIELDS: 1 1 0 1 1 1 0 1 4 1 
KILLED: 0
The planet pusoawei has been eaten by the vortex.
The planet yonneamia has imploded.
NAME: rangeopra
CLOSEST: ulealea and ucroucury
SHIELDS: 1 1 4 1 
KILLED: 0
The planet chogrulea has been eaten by the vortex.
The planet hubrolea has joined the galaxy.
The planet gubbeihines has been eaten by the vortex.
NAME: lotruitera
CLOSEST: kobraerilia and ruphearus
SHIELDS: 1 1 1 0 1 1 1 1 1 1 1 1 1 2 
KILLED: 0
The planet papheutania has imploded.
NAME: ruphearus
CLOSEST: lotruitera and yugroalara
SHIELDS: 3 1 1 1 1 0 1 1 2 
KILLED: 0
The planet vonviatera has joined the galaxy.
NAME: inanides
CLOSEST: hilmiotania and vonviatera
SHIELDS: 1 1 1 1 1 1 1 2 1 1 1 
KILLED: 0
The planet mobienerth has joined the galaxy.
NAME: zonzoiwei
CLOSEST: hulrathea and chacovis
SHIELDS: 1 1 1 1 1 2 0 2 1 
KILLED: 0
The planet senkorilia has joined the galaxy.
The planet tuthuitis has joined the galaxy.
Shield out of bounds!
A planet cannot have less than 4 shields!
The planet mobienerth has been eaten by the vortex.
NAME: xemierilia
CLOSEST: solrotania and braviyama
SHIELDS: 1 1 1 1 1 1 
KILLED: 0
The planet onniunov has been eaten by the vortex.
The planet thaneiwei has joined the galaxy.
NAME: nubbotune
CLOSEST: nenguvis and tuthuitis
SHIELDS: 1 1 2 1 
KILLED: 0
NAME: zitrohines
CLOSEST: yugroalara and boatune
SHIELDS: 1 1 1 0 1 1 
KILLED: 1
NAME: ruphearus
CLOSEST: lotruitera and yugroalara
SHIELDS: 3 1 1 1 1 0 1 1 2 
KILLED: 0
Shield out of bounds!
The planet misiewei has joined the galaxy.
The planet gabaunus has joined the galaxy.
Shield out of bounds!
The planet misiewei has been eaten by the vortex.
The planet ucroucury has imploded.
The planet hankialia has joined the galaxy.
The planet hubrolea has been eaten by the vortex.
NAME: chadraiter
CLOSEST: bonvuetis and kudrostea
SHIELDS: 1 1 1 1 1 1 0 1 
KILLED: 0
The planet cestrielia has joined the galaxy.
NAME: ruphearus
CLOSEST: lotruitera and yugroalara
SHIELDS: 3 1 1 1 1 0 1 1 2 
KILLED: 0
The planet ondawei has joined the galaxy.
The planet gabaunus has been eaten by the vortex.
The planet legiorilia has joined the galaxy.
NAME: yulnaetune
CLOSEST: boatune and yagnialia
SHIELDS: 1 3 1 1 1 1 0 1 1 2 1 
KILLED: 0
The planet zonzoiwei has been eaten by the vortex.
The planet hulrathea has been eaten by the vortex.
The planet hankialia has been eaten by the vortex.
The planet hasarilia has been eaten by the vortex.
Shield out of bounds!
The planet lokutera has been eaten by the vortex.
The planet boccelara has joined the galaxy.
The planet dunkiazuno has joined the galaxy.
The planet nubbotune has been eaten by the vortex.
NAME: ruphearus
CLOSEST: lotruitera and yugroalara
SHIELDS: 3 1 1 1 1 0 1 1 2 
KILLED: 0
The planet pephahiri has been eaten by the vortex.
NAME: bubrelia
CLOSEST: kudrostea and kuphion
SHIELDS: 1 1 1 1 1 1 1 1 1 0 1 1 1 1 1 
KILLED: 0
NAME: zilneozuno
CLOSEST: uzitis and hiletov
SHIELDS: 1 1 0 1 1 1 1 1 1 1 
KILLED: 0
The planet ugniuter has joined the galaxy.
Shield out of bounds!
The planet ulealea has been eaten by the vortex.
The planet sulaugantu has joined the galaxy.
The planet braviyama has imploded.
The planet xonnuyama has joined the galaxy.
The planet cestrielia has been eaten by the vortex.
The planet lotruitera has been eaten by the vortex.
The planet ulualara has imploded.
The planet golmanides has imploded.
NAME: raccugantu
CLOSEST: chacovis and ongouhiri
SHIELDS: 1 1 1 1 1 3 1 1 1 0 1 1 1 1 1 2 
KILLED: 0
The planet higrunov has been eaten by the vortex.
NAME: hilmiotania
CLOSEST: istripra and inanides
SHIELDS: 1 1 0 1 
KILLED: 1
The planet kalmoumia has been eaten by the vortex.
Shield out of bounds!
The planet palrueyama has joined the galaxy.
NAME: boatune
CLOSEST: xonnuyama and yulnaetune
SHIELDS: 1 1 0 5 1 3 0 4 1 1 2 
KILLED: 0
NAME: ponecury
CLOSEST: thaneiwei and sillienus
SHIELDS: 1 1 1 1 1 
KILLED: 0
The planet golnitis has joined the galaxy.
The planet tathainides has joined the galaxy.
NAME: ruphearus
CLOSEST: kobraerilia and yugroalara
SHIELDS: 3 1 1 1 1 0 1 1 2 2 
KILLED: 0
The planet enaulea has joined the galaxy.
The planet zitrohines has imploded.
The planet inkaecarro has joined the galaxy.
NAME: legiorilia
CLOSEST: sulaugantu and kobraerilia
SHIELDS: 1 1 1 1 1 1 1 1 1 1 1 1 1 1 1 
KILLED: 0
NAME: zudruliv
CLOSEST: gelvueter and ugniuter
SHIELDS: 1 1 1 1 1 1 1 1 
KILLED: 0
Shield out of bounds!
The planet bangecarro has joined the galaxy.
The planet tilmonope has been eaten by the vortex.
The planet thulvuanides has joined the galaxy.
The planet ulneacury has joined the galaxy.
NAME: bubrelia
CLOSEST: kudrostea and kuphion
SHIELDS: 1 1 1 1 1 1 1 1 1 0 1 1 1 1 1 
KILLED: 0
NAME: nogewei
CLOSEST: tutheohines and thasuiter
SHIELDS: 1 1 0 1 1 1 0 1 4 1 
KILLED: 0
The planet heceyama has joined the galaxy.
The planet tenestea has joined the galaxy.
NAME: tutheohines
CLOSEST: endozuno and nogewei
SHIELDS: 1 1 1 1 1 2 1 1 1 1 1 1 2 
KILLED: 0
The planet totrioria has joined the galaxy.
The planet ponnuinia has been eaten by the vortex.
The planet thiccuezuno has joined the galaxy.
The planet gumiphus has imploded.
The planet ruphearus has been eaten by the vortex.
The planet obeithea has imploded.
NAME: yulnaetune
CLOSEST: boatune and totrioria
SHIELDS: 1 3 1 1 1 0 1 1 2 1 
KILLED: 0
NAME: cetruigantu
CLOSEST: rophuinerth and gelvueter
SHIELDS: 3 1 1 1 1 1 1 2 
KILLED: 0
The planet thiccuezuno has been eaten by the vortex.
The planet abrieruta has joined the galaxy.
Shield out of bounds!
The planet alnenus has joined the galaxy.
The planet xonnuyama has been eaten by the vortex.
The planet sulaugantu has been eaten by the vortex.
NAME: heceyama
CLOSEST: raccugantu and ongouhiri
SHIELDS: 1 1 1 1 1 1 1 
KILLED: 0
The planet labaeclite has joined the galaxy.
Shield out of bounds!
A planet cannot have less than 4 shields!
Shield out of bounds!
The planet cetruigantu has been eaten by the vortex.
The planet vonziulara has joined the galaxy.
NAME: chadraiter
CLOSEST: golnitis and kudrostea
SHIELDS: 3 1 1 1 1 1 0 1 
KILLED: 0
Shield out of bounds!
The planet kudrostea has been eaten by the vortex.
The planet ugniuter has been eaten by the vortex.
The planet piguvis has imploded.
The planet boccelara has imploded.
NAME: tathainides
CLOSEST: ongouhiri and olatis
SHIELDS: 1 1 3 1 1 1 1 1 1 
KILLED: 0
The planet nivulea has joined the galaxy.
The planet tigetis has been eaten by the vortex.
NAME: ondawei
CLOSEST: dunkiazuno and endozuno
SHIELDS: 1 1 1 1 1 1 0 1 1 1 2 
KILLED: 0
The planet dunkiazuno has imploded.
The planet ondawei has imploded.
The planet raccugantu has been eaten by the vortex.
The planet halranerth has joined the galaxy.
Shield out of bounds!
The planet ginvustea has joined the galaxy.
The planet holnoustea has joined the galaxy.
The planet epharuta has joined the galaxy.
NAME: epharuta
CLOSEST: chacovis and heceyama
SHIELDS: 1 1 1 1 1 1 1 1 1 1 1 
KILLED: 0
The planet yalrophus has joined the galaxy.
NAME: chacovis
CLOSEST: yalrophus and epharuta
SHIELDS: 3 1 3 1 4 1 1 1 1 0 1 2 1 1 
KILLED: 0
The planet heccietov has joined the galaxy.
A planet cannot have less than 4 shields!
The planet ucaulia has joined the galaxy.
The planet gelvueter has been eaten by the vortex.
NAME: thasuiter
CLOSEST: nogewei and yalrophus
SHIELDS: 1 0 1 1 2 
KILLED: 0
The planet bubrelia has been eaten by the vortex.
Shield out of bounds!
NAME: epharuta
CLOSEST: chacovis and heceyama
SHIELDS: 1 1 1 1 1 1 1 1 1 1 1 
KILLED: 0
NAME: ongouhiri
CLOSEST: heceyama and tathainides
SHIELDS: 1 0 1 1 1 1 
KILLED: 0
The planet kothaocury has joined the galaxy.
The planet heceyama has been eaten by the vortex.
The planet dechuter has joined the galaxy.
The planet legiorilia has been eaten by the vortex.
NAME: hilmiotania
CLOSEST: ucaulia and inanides
SHIELDS: 1 1 0 1 
KILLED: 1
Shield out of bounds!
Shield out of bounds!
NAME: bangecarro
CLOSEST: alnenus and gobulia
SHIELDS: 1 1 1 1 1 1 0 1 1 1 1 
KILLED: 0
Shield out of bounds!
The planet vulubos has been eaten by the vortex.
The planet chemounov has imploded.
The planet nenguvis has imploded.
The planet solrotania has been eaten by the vortex.
The planet tuthuitis has been eaten by the vortex.
The planet yulnaetune has been eaten by the vortex.
The planet zullinope has joined the galaxy.
The planet melmunerth has been eaten by the vortex.
NAME: pegriunus
CLOSEST: olatis and dunaostea
SHIELDS: 1 1 1 1 2 
KILLED: 0
The planet halranerth has been eaten by the vortex.
Shield out of bounds!
NAME: kidiocury
CLOSEST: yagnialia and sebreirilia
SHIELDS: 1 1 1 0 1 1 1 1 1 0 1 1 3 1 1 
KILLED: 0
NAME: ugrubos
CLOSEST: rangeopra and istripra
SHIELDS: 1 1 1 0 1 1 1 1 1 1 1 1 1 1 
KILLED: 0
The planet munrolia has joined the galaxy.
Shield out of bounds!
Shield out of bounds!
The planet sebreirilia has imploded.
The planet heccietov has been eaten by the vortex.
NAME: chephiuwei
CLOSEST: palrueyama and rangeopra
SHIELDS: 1 1 1 0 1 1 3 1 1 3 1 1 3 2 1 
KILLED: 0
The planet agugantu has joined the galaxy.
NAME: nivulea
CLOSEST: yognohiri and xemierilia
SHIELDS: 1 1 1 1 1 1 1 1 1 1 1 
KILLED: 0
The planet thasuiter has imploded.
NAME: alnenus
CLOSEST: dunaostea and bangecarro
SHIELDS: 1 1 1 0 1 
KILLED: 0
The planet adoucarro has joined the galaxy.
NAME: enaulea
CLOSEST: hiletov and dechuter
SHIELDS: 5 1 1 1 1 1 1 1 1 1 1 1 1 1 1 1 1 
KILLED: 0
The planet rangeopra has imploded.
The planet zilneozuno has imploded.
The planet gugnirus has joined the galaxy.
The planet thalnuestea has joined the galaxy.
NAME: theccurilia
CLOSEST: lozegantu and ralruvis
SHIELDS: 1 1 1 1 
KILLED: 1
A planet cannot have less than 4 shields!
The planet kothaocury has imploded.
The planet epharuta has been eaten by the vortex.
The planet midiohines has joined the galaxy.
NAME: xemierilia
CLOSEST: nivulea and cenrogawa
SHIELDS: 1 1 0 1 1 
KILLED: 1
The planet rophuinerth has been eaten by the vortex.
A planet cannot have less than 4 shields!
A planet cannot have less than 4 shields!
The planet chondiezuno has joined the galaxy.
NAME: kobraerilia
CLOSEST: cenrogawa and thulvuanides
SHIELDS: 1 3 1 1 1 1 0 1 1 
KILLED: 0
The planet almounia has joined the galaxy.
The planet gonzenia has joined the galaxy.
The planet thulvuanides has been eaten by the vortex.
A planet cannot have less than 4 shields!
A planet cannot have less than 4 shields!
NAME: alnenus
CLOSEST: thalnuestea and bangecarro
SHIELDS: 1 1 1 0 1 
KILLED: 0
The planet yugroalara has been eaten by the vortex.
NAME: boatune
CLOSEST: abrieruta and totrioria
SHIELDS: 1 1 0 5 1 3 0 4 1 1 2 2 
KILLED: 0
The planet illeinides has joined the galaxy.
NAME: alnenus
CLOSEST: thalnuestea and bangecarro
SHIELDS: 1 1 1 0 1 
KILLED: 0
The planet adoucarro has been eaten by the vortex.
NAME: ugrubos
CLOSEST: chephiuwei and istripra
SHIELDS: 1 1 1 0 1 1 1 1 1 0 1 1 1 1 
KILLED: 1
Shield out of bounds!
The planet ponecury has been eaten by the vortex.
NAME: golnitis
CLOSEST: chondiezuno and illeinides
SHIELDS: 1 1 1 1 1 1 0 2 
KILLED: 0
The planet ongouhiri has been eaten by the vortex.
NAME: palrueyama
CLOSEST: sillienus and chephiuwei
SHIELDS: 1 1 1 1 1 1 1 1 1 1 1 
KILLED: 0
The planet gonzenia has been eaten by the vortex.
The planet chephiuwei has imploded.
The planet ugrubos has imploded.
The planet kulnuetune has joined the galaxy.
NAME: alnenus
CLOSEST: thalnuestea and bangecarro
SHIELDS: 1 1 1 0 1 
KILLED: 0
NAME: zullinope
CLOSEST: chacovis and tathainides
SHIELDS: 1 1 1 1 1 1 1 1 1 1 1 1 1 1 1 
KILLED: 0
Shield out of bounds!
The planet henguimia has joined the galaxy.
The planet pennoicury has joined the galaxy.
The planet bangecarro has imploded.
NAME: vonviatera
CLOSEST: gugnirus and senkorilia
SHIELDS: 1 1 1 1 1 2 
KILLED: 0
Shield out of bounds!
The planet thonruaphus has joined the galaxy.
The planet kuphion has imploded.
NAME: midiohines
CLOSEST: tenestea and gugnirus
SHIELDS: 1 2 1 1 1 
KILLED: 0
Shield out of bounds!
The planet distriecury has joined the galaxy.
The planet endozuno has been eaten by the vortex.
The planet totrioria has been eaten by the vortex.
NAME: pegriunus
CLOSEST: olatis and dunaostea
SHIELDS: 1 1 1 0 2 
KILLED: 0
The planet ulmuthea has joined the galaxy.
The planet vonviatera has been eaten by the vortex.
The planet vonziulara has been eaten by the vortex.
NAME: inanides
CLOSEST: hilmiotania and ulneacury
SHIELDS: 1 1 1 1 1 1 1 2 1 1 1 1 
KILLED: 0
The planet nogewei has imploded.
The planet yollounov has imploded.
Shield out of bounds!
The planet tathainides has been eaten by the vortex.
The planet zudruliv has imploded.
The planet ulneacury has been eaten by the vortex.
The planet chacovis has been eaten by the vortex.
The planet midiohines has been eaten by the vortex.
The planet migiyama has joined the galaxy.
The planet pegriunus has been eaten by the vortex.
The planet senvazuno has joined the galaxy.
The planet labaeclite has been eaten by the vortex.
NAME: istripra
CLOSEST: palrueyama and ucaulia
SHIELDS: 1 1 1 1 1 1 1 1 1 0 1 2 2 
KILLED: 0
The planet ulmuthea has imploded.
The planet cenrogawa has imploded.
The planet kobraerilia has imploded.
The planet xemierilia has been eaten by the vortex.
The planet kebrouhiri has imploded.
The planet uzitis has imploded.
NAME: dunaostea
CLOSEST: olatis and thalnuestea
SHIELDS: 1 3 1 1 2 1 1 0 0 1 1 
KILLED: 1
The planet holmozuno has joined the galaxy.
The planet thalnuestea has been eaten by the vortex.
Shield out of bounds!
A planet cannot have less than 4 shields!
The planet pidroirus has joined the galaxy.
The planet olatis has imploded.
NAME: ginvustea
CLOSEST: kulnuetune and henguimia
SHIELDS: 1 1 1 1 1 1 1 3 1 0 1 1 
KILLED: 0
NAME: gobulia
CLOSEST: alnenus and hiletov
SHIELDS: 3 1 1 0 1 1 1 1 1 1 1 1 
KILLED: 1
NAME: illeinides
CLOSEST: golnitis and senvazuno
SHIELDS: 1 0 1 1 
KILLED: 0
The planet kulnuetune has been eaten by the vortex.
NAME: thimeucarro
CLOSEST: inkaecarro and lozegantu
SHIELDS: 1 1 0 2 1 1 1 1 1 1 1 
KILLED: 0
Shield out of bounds!
The planet yemovis has joined the galaxy.
NAME: bonvuetis
CLOSEST: kidiocury and chondiezuno
SHIELDS: 1 1 0 1 0 1 1 1 0 1 1 1 3 2 1 2 1 1 2 
KILLED: 2
NAME: senvazuno
CLOSEST: illeinides and chadraiter
SHIELDS: 1 0 1 1 1 1 1 
KILLED: 1
Shield out of bounds!
The planet pidroirus has been eaten by the vortex.
The planet bonvuetis has imploded.
The planet chondiezuno has imploded.
The planet yemovis has been eaten by the vortex.
Shield out of bounds!
Shield out of bounds!
The planet cupheoruta has joined the galaxy.
The planet isoter has joined the galaxy.
The planet alnenus has imploded.
NAME: pennoicury
CLOSEST: hiletov and enaulea
SHIELDS: 1 1 1 0 
KILLED: 0
The planet thaneiwei has imploded.
The planet agugantu has imploded.
NAME: inkaecarro
CLOSEST: senkorilia and thimeucarro
SHIELDS: 1 1 1 0 1 1 1 1 1 0 1 1 1 
KILLED: 1
The planet holnoustea has been eaten by the vortex.
Planet out of bounds!
Planet out of bounds!
NAME: senvazuno
CLOSEST: illeinides and chadraiter
SHIELDS: 1 0 1 1 1 1 1 
KILLED: 1
Planet out of bounds!
A planet cannot have less than 4 shields!
The planet etheomia has joined the galaxy.
Shield out of bounds!
The planet etheomia has been eaten by the vortex.
The planet dunaostea has been eaten by the vortex.
NAME: tutheohines
CLOSEST: chadraiter and almounia
SHIELDS: 1 1 1 1 1 2 3 1 1 0 1 1 2 2 
KILLED: 0
NAME: palrueyama
CLOSEST: sillienus and istripra
SHIELDS: 1 1 1 1 1 1 1 1 1 
KILLED: 0
The planet senvazuno has been eaten by the vortex.
NAME: hilmiotania
CLOSEST: ucaulia and inanides
SHIELDS: 1 1 0 1 
KILLED: 1
The planet henguimia has been eaten by the vortex.
The planet sabitania has joined the galaxy.
The planet munrolia has imploded.
The planet yalrophus has imploded.
Shield out of bounds!
NAME: enaulea
CLOSEST: pennoicury and dechuter
SHIELDS: 5 1 1 1 1 1 1 1 1 1 1 1 1 1 1 1 
KILLED: 0
NAME: inkaecarro
CLOSEST: senkorilia and thimeucarro
SHIELDS: 1 1 1 0 1 1 1 1 1 0 1 1 1 
KILLED: 1
NAME: boatune
CLOSEST: migiyama and thonruaphus
SHIELDS: 1 1 0 5 1 3 0 4 1 1 2 2 2 
KILLED: 0
Planet out of bounds!
NAME: hilmiotania
CLOSEST: ucaulia and inanides
SHIELDS: 1 1 0 1 
KILLED: 1
A planet cannot have less than 4 shields!
The planet isoter has been eaten by the vortex.
Planet out of bounds!
The planet tuthatis has joined the galaxy.
NAME: migiyama
CLOSEST: holmozuno and boatune
SHIELDS: 1 1 1 1 1 1 1 1 1 
KILLED: 0
The planet rilveatov has joined the galaxy.
The planet kulriliv has joined the galaxy.
NAME: ralruvis
CLOSEST: theccurilia and yognohiri
SHIELDS: 1 1 1 1 1 1 2 
KILLED: 0
NAME: golnitis
CLOSEST: kidiocury and illeinides
SHIELDS: 1 1 1 1 1 1 0 2 2 
KILLED: 0
NAME: ucaulia
CLOSEST: istripra and hilmiotania
SHIELDS: 1 0 2 1 1 2 1 2 
KILLED: 0
The planet almounia has been eaten by the vortex.
The planet chageihines has joined the galaxy.
The planet migiyama has been eaten by the vortex.
NAME: gugnirus
CLOSEST: tenestea and senkorilia
SHIELDS: 1 1 1 1 1 1 1 1 1 1 1 1 2 
KILLED: 0
Planet out of bounds!
NAME: chageihines
CLOSEST: gobulia and hiletov
SHIELDS: 1 1 1 1 
KILLED: 0
Planet out of bounds!
The planet izowei has joined the galaxy.
NAME: distriecury
CLOSEST: nivulea and abrieruta
SHIELDS: 1 1 2 1 1 1 1 
KILLED: 0
The planet inkaecarro has been eaten by the vortex.
The planet nivulea has been eaten by the vortex.
The planet ranvoustea has joined the galaxy.
The planet regreonia has joined the galaxy.
The planet casoiria has joined the galaxy.
The planet thilvuepra has joined the galaxy.
NAME: kulriliv
CLOSEST: hiletov and pennoicury
SHIELDS: 1 1 1 1 
KILLED: 0
Planet out of bounds!
NAME: hiletov
CLOSEST: chageihines and kulriliv
SHIELDS: 1 2 1 0 2 1 
KILLED: 1
NAME: rilveatov
CLOSEST: lozegantu and theccurilia
SHIELDS: 1 1 1 1 1 1 1 1 1 1 1 
KILLED: 0
Planet out of bounds!
Shield out of bounds!
The planet ebounerth has joined the galaxy.
The planet istripra has been eaten by the vortex.
A planet cannot have less than 4 shields!
NAME: sillienus
CLOSEST: dechuter and palrueyama
SHIELDS: 1 1 1 1 1 1 1 1 1 1 1 5 1 1 1 
KILLED: 0
The planet getrihines has joined the galaxy.
The planet ebbiovis has joined the galaxy.
The planet distriecury has been eaten by the vortex.
The planet gomecury has joined the galaxy.
The planet yollolia has joined the galaxy.
The planet tolovis has joined the galaxy.
The planet tolovis has been eaten by the vortex.
The planet hidoalia has joined the galaxy.
NAME: gomecury
CLOSEST: ralruvis and izowei
SHIELDS: 1 1 1 1 1 1 1 1 
KILLED: 0
The planet occustea has joined the galaxy.
The planet golnitis has imploded.
The planet ebbiovis has been eaten by the vortex.
NAME: sabitania
CLOSEST: palrueyama and ucaulia
SHIELDS: 1 1 0 1 1 1 1 1 1 1 
KILLED: 0
Shield out of bounds!
The planet regreonia has been eaten by the vortex.
The planet anrueyama has joined the galaxy.
The planet abrieruta has been eaten by the vortex.
NAME: rilveatov
CLOSEST: lozegantu and theccurilia
SHIELDS: 1 1 1 1 1 0 1 1 1 1 
KILLED: 0
The planet kidiocury has imploded.
The planet pennoicury has been eaten by the vortex.
The planet yognohiri has been eaten by the vortex.
The planet ebounerth has been eaten by the vortex.
NAME: hilmiotania
CLOSEST: ucaulia and inanides
SHIELDS: 1 1 0 1 
KILLED: 1
NAME: kulriliv
CLOSEST: hidoalia and getrihines
SHIELDS: 1 1 1 1 
KILLED: 0
NAME: senkorilia
CLOSEST: gugnirus and thimeucarro
SHIELDS: 1 3 1 1 2 1 
KILLED: 0
The planet getrihines has been eaten by the vortex.
Shield out of bounds!
The planet lethetune has joined the galaxy.
NAME: senkorilia
CLOSEST: gugnirus and thimeucarro
SHIELDS: 1 3 1 1 2 1 
KILLED: 0
NAME: thonruaphus
CLOSEST: boatune and yagnialia
SHIELDS: 3 1 1 2 
KILLED: 0
The planet tutheohines has imploded.
The planet ralruvis has been eaten by the vortex.
The planet dechuter has imploded.
The planet hidoalia has been eaten by the vortex.
A planet cannot have less than 4 shields!
The planet damaohines has joined the galaxy.
The planet zullinope has been eaten by the vortex.
The planet chulnaiyama has joined the galaxy.
The planet dendoibos has joined the galaxy.
NAME: thimeucarro
CLOSEST: senkorilia and cupheoruta
SHIELDS: 1 1 2 2 1 1 1 1 1 1 1 1 1 1 2 
KILLED: 0
NAME: lethetune
CLOSEST: ucaulia and hilmiotania
SHIELDS: 1 1 1 1 1 1 2 
KILLED: 0
The planet tenestea has been eaten by the vortex.
The planet izowei has been eaten by the vortex.
The planet gedreotov has joined the galaxy.
NAME: thimeucarro
CLOSEST: senkorilia and cupheoruta
SHIELDS: 1 1 2 2 1 1 1 1 1 1 1 1 1 1 2 1 
KILLED: 0
A planet cannot have less than 4 shields!
The planet mankaturn has joined the galaxy.
The planet sipheihiri has joined the galaxy.
The planet palrueyama has been eaten by the vortex.
NAME: senkorilia
CLOSEST: gugnirus and thimeucarro
SHIELDS: 1 3 1 1 2 1 
KILLED: 0
A planet cannot have less than 4 shields!
The planet niccoucury has joined the galaxy.
The planet cholanides has joined the galaxy.
The planet holmozuno has been eaten by the vortex.
The planet xeveamia has joined the galaxy.
NAME: hilmiotania
CLOSEST: lethetune and chulnaiyama
SHIELDS: 1 1 0 1 
KILLED: 1
NAME: sabitania
CLOSEST: mankaturn and ucaulia
SHIELDS: 1 1 0 1 1 1 1 1 1 1 
KILLED: 0
The planet hiletov has been eaten by the vortex.
The planet digozuno has joined the galaxy.
The planet imiturn has joined the galaxy.
Shield out of bounds!
The planet illeinides has imploded.
Shield out of bounds!
The planet gomecury has imploded.
The planet casoiria has imploded.
NAME: kulriliv
CLOSEST: damaohines and enaulea
SHIELDS: 1 1 1 0 
KILLED: 0
NAME: ucaulia
CLOSEST: sabitania and lethetune
SHIELDS: 1 0 1 1 2 0 2 1 1 
KILLED: 0
The planet occustea has imploded.
The planet cholanides has been eaten by the vortex.
The planet hinzutune has joined the galaxy.
The planet niccoucury has been eaten by the vortex.
Shield out of bounds!
The planet undoulea has joined the galaxy.
The planet enaulea has been eaten by the vortex.
NAME: sillienus
CLOSEST: kulriliv and yollolia
SHIELDS: 1 1 1 0 1 1 1 1 3 0 1 5 1 1 1 
KILLED: 0
The planet negoturn has joined the galaxy.
NAME: negoturn
CLOSEST: yagnialia and sipheihiri
SHIELDS: 1 1 1 1 1 1 
KILLED: 0
The planet vunkaotov has joined the galaxy.
NAME: chadraiter
CLOSEST: thilvuepra and tuthatis
SHIELDS: 3 1 0 0 1 1 0 
KILLED: 1
The planet gogreyama has joined the galaxy.
A planet cannot have less than 4 shields!
A planet cannot have less than 4 shields!
The planet rongaecury has joined the galaxy.
The planet ginvustea has been eaten by the vortex.
The planet udraruta has joined the galaxy.
The planet ebaria has joined the galaxy.
The planet penvuwei has joined the galaxy.
Shield out of bounds!
Shield out of bounds!
NAME: rongaecury
CLOSEST: boatune and thonruaphus
SHIELDS: 1 1 1 0 1 1 1 1 1 1 1 1 1 
KILLED: 0
The planet thonruaphus has imploded.
NAME: theccurilia
CLOSEST: xeveamia and boatune
SHIELDS: 1 0 1 4 2 1 1 
KILLED: 1
The planet negoturn has been eaten by the vortex.
The planet digozuno has been eaten by the vortex.
A planet cannot have less than 4 shields!
The planet yagnialia has imploded.
The planet kadrianus has joined the galaxy.
Shield out of bounds!
The planet solnostea has joined the galaxy.
NAME: sabitania
CLOSEST: ebaria and ucaulia
SHIELDS: 1 1 2 1 1 1 1 1 1 
KILLED: 0
The planet lozegantu has imploded.
NAME: chulnaiyama
CLOSEST: kadrianus and inanides
SHIELDS: 3 1 1 1 
KILLED: 0
NAME: xeveamia
CLOSEST: solnostea and theccurilia
SHIELDS: 1 1 1 1 1 1 1 1 1 1 1 1 1 1 1 
KILLED: 0
The planet xeveamia has been eaten by the vortex.
The planet tuthatis has imploded.
The planet gedreotov has imploded.
Shield out of bounds!
The planet sabitania has been eaten by the vortex.
The planet dendoibos has been eaten by the vortex.
The planet aluibos has joined the galaxy.
The planet agaenides has joined the galaxy.
The planet cinranov has joined the galaxy.
The planet thimeucarro has imploded.
The planet nuderus has joined the galaxy.
NAME: inanides
CLOSEST: chulnaiyama and anrueyama
SHIELDS: 1 1 0 2 1 2 1 1 1 
KILLED: 0
The planet imiturn has imploded.
The planet nuderus has been eaten by the vortex.
The planet solnostea has been eaten by the vortex.
The planet vunkaotov has imploded.
NAME: senkorilia
CLOSEST: hinzutune and udraruta
SHIELDS: 1 1 1 0 2 1 
KILLED: 1
The planet cupheoruta has been eaten by the vortex.
The planet theccurilia has imploded.
The planet hilmiotania has been eaten by the vortex.
The planet inanides has been eaten by the vortex.
NAME: rilveatov
CLOSEST: udraruta and boatune
SHIELDS: 4 1 1 1 1 0 0 1 1 1 3 
KILLED: 1
The planet boatune has been eaten by the vortex.
NAME: agaenides
CLOSEST: anrueyama and gugnirus
SHIELDS: 1 1 1 0 1 1 1 1 1 1 1 1 1 
KILLED: 1
The planet hogniaruta has joined the galaxy.
The planet sipheihiri has imploded.
NAME: gugnirus
CLOSEST: agaenides and hinzutune
SHIELDS: 1 3 1 0 3 1 3 1 1 1 1 2 
KILLED: 0
NAME: ucaulia
CLOSEST: ebaria and lethetune
SHIELDS: 1 0 0 1 2 0 2 1 1 
KILLED: 0
The planet yollolia has been eaten by the vortex.
The planet dudrogantu has joined the galaxy.
The planet nozonus has joined the galaxy.
The planet thostrenides has joined the galaxy.
The planet gogreyama has been eaten by the vortex.
The planet damaohines has been eaten by the vortex.
The planet senkorilia has been eaten by the vortex.
The planet sebbiclite has joined the galaxy.
NAME: chulnaiyama
CLOSEST: kadrianus and anrueyama
SHIELDS: 3 1 1 1 
KILLED: 0
NAME: agaenides
CLOSEST: anrueyama and gugnirus
SHIELDS: 1 1 1 0 1 1 1 1 1 1 1 1 1 
KILLED: 1
NAME: udraruta
CLOSEST: nozonus and rilveatov
SHIELDS: 1 1 1 1 1 1 
KILLED: 0
NAME: sillienus
CLOSEST: kulriliv and mankaturn
SHIELDS: 1 1 1 0 1 1 1 3 0 0 5 1 1 1 
KILLED: 0
The planet engiania has joined the galaxy.
The planet agaenides has been eaten by the vortex.
The planet anrueyama has imploded.
The planet sebbiclite has been eaten by the vortex.
NAME: aluibos
CLOSEST: penvuwei and kadrianus
SHIELDS: 1 1 1 1 1 1 1 1 1 1 1 1 
KILLED: 0
The planet ucaulia has been eaten by the vortex.
NAME: nozonus
CLOSEST: hinzutune and udraruta
SHIELDS: 1 1 3 1 1 1 1 
KILLED: 0
NAME: lethetune
CLOSEST: ebaria and undoulea
SHIELDS: 1 1 0 0 1 1 1 1 
KILLED: 0
The planet kulriliv has imploded.
NAME: undoulea
CLOSEST: lethetune and dudrogantu
SHIELDS: 1 1 1 1 1 
KILLED: 0
The planet nulvuenus has joined the galaxy.
NAME: mankaturn
CLOSEST: sillienus and ebaria
SHIELDS: 1 2 1 1 1 1 1 1 0 1 1 1 
KILLED: 0
NAME: lethetune
CLOSEST: ebaria and undoulea
SHIELDS: 1 1 0 0 1 1 1 1 
KILLED: 0
Shield out of bounds!
The planet laccatov has joined the galaxy.
The planet tagnagantu has joined the galaxy.
The planet engiania has been eaten by the vortex.
NAME: ebaria
CLOSEST: mankaturn and lethetune
SHIELDS: 1 1 0 1 1 1 1 1 
KILLED: 0
The planet pastriubos has joined the galaxy.
NAME: undoulea
CLOSEST: lethetune and dudrogantu
SHIELDS: 1 1 1 1 1 
KILLED: 0
NAME: kadrianus
CLOSEST: aluibos and chulnaiyama
SHIELDS: 1 1 1 1 1 1 1 1 1 1 1 1 
KILLED: 0
The planet ebaria has been eaten by the vortex.
NAME: rongaecury
CLOSEST: rilveatov and thilvuepra
SHIELDS: 1 2 2 2 1 1 1 1 1 1 1 
KILLED: 0
The planet nulvuenus has imploded.
The planet hogniaruta has imploded.
The planet thostrenides has been eaten by the vortex.
The planet benkanides has joined the galaxy.
The planet onkuwei has joined the galaxy.
The planet chulnaiyama has been eaten by the vortex.
NAME: rilveatov
CLOSEST: udraruta and rongaecury
SHIELDS: 4 1 1 1 1 0 0 1 1 1 3 
KILLED: 1
The planet udraruta has imploded.
The planet chithaturn has joined the galaxy.
The planet pastriubos has imploded.
The planet rilveatov has imploded.
The planet penvuwei has been eaten by the vortex.
The planet aduerilia has joined the galaxy.
NAME: sillienus
CLOSEST: chageihines and aduerilia
SHIELDS: 1 1 1 0 1 1 1 3 0 0 5 1 1 1 
KILLED: 0
A planet cannot have less than 4 shields!
NAME: kadrianus
CLOSEST: aluibos and laccatov
SHIELDS: 1 1 1 0 1 2 1 1 1 1 1 1 
KILLED: 0
Shield out of bounds!
The planet nozonus has been eaten by the vortex.
NAME: benkanides
CLOSEST: tagnagantu and chithaturn
SHIELDS: 1 1 1 0 1 1 
KILLED: 0
The planet kadrianus has been eaten by the vortex.
The planet iluatune has joined the galaxy.
The planet chithaturn has been eaten by the vortex.
The planet icrioclite has joined the galaxy.
The planet camimia has joined the galaxy.
NAME: benkanides
CLOSEST: tagnagantu and iluatune
SHIELDS: 1 1 1 0 1 1 
KILLED: 0
The planet hinzutune has imploded.
NAME: aluibos
CLOSEST: icrioclite and laccatov
SHIELDS: 1 1 1 1 1 1 1 1 1 0 1 2 
KILLED: 0
The planet icrioclite has imploded.
The planet aluibos has imploded.
NAME: benkanides
CLOSEST: tagnagantu and iluatune
SHIELDS: 1 1 1 0 1 1 
KILLED: 0
The planet thicrutis has joined the galaxy.
The planet vogrinus has joined the galaxy.
The planet yumotania has joined the galaxy.
The planet mankaturn has been eaten by the vortex.
The planet dudrogantu has been eaten by the vortex.
The planet rathewei has joined the galaxy.
The planet gugnirus has been eaten by the vortex.
The planet iluatune has been eaten by the vortex.
NAME: sillienus
CLOSEST: chageihines and aduerilia
SHIELDS: 1 1 1 0 1 1 1 3 0 0 5 1 1 1 
KILLED: 0
The planet onkuwei has been eaten by the vortex.
The planet thicrutis has been eaten by the vortex.
The planet volmohines has joined the galaxy.
The planet camimia has been eaten by the vortex.
The planet kiccinov has joined the galaxy.
NAME: rongaecury
CLOSEST: rathewei and thilvuepra
SHIELDS: 4 2 2 2 1 1 0 1 1 1 1 
KILLED: 0
The planet chindelea has joined the galaxy.
The planet rotretis has joined the galaxy.
The planet benkanides has imploded.
The planet thecreathea has joined the galaxy.
The planet yumotania has imploded.
A planet cannot have less than 4 shields!
NAME: aduerilia
CLOSEST: thecreathea and vogrinus
SHIELDS: 1 0 1 1 1 1 1 1 
KILLED: 0
NAME: thecreathea
CLOSEST: sillienus and aduerilia
SHIELDS: 1 1 1 1 1 1 1 1 1 
KILLED: 0
NAME: rongaecury
CLOSEST: rathewei and thilvuepra
SHIELDS: 4 2 2 2 1 1 0 1 1 1 1 
KILLED: 0
NAME: vogrinus
CLOSEST: aduerilia and lethetune
SHIELDS: 1 1 1 1 1 1 1 1 1 0 1 1 1 
KILLED: 0
NAME: rathewei
CLOSEST: laccatov and rongaecury
SHIELDS: 1 1 1 1 1 1 1 1 
KILLED: 0
NAME: kiccinov
CLOSEST: tagnagantu and rotretis
SHIELDS: 1 1 1 1 1 1 
KILLED: 0
NAME: chindelea
CLOSEST: rotretis and laccatov
SHIELDS: 1 1 1 1 1 1 1 1 1 1 
KILLED: 0
NAME: lethetune
CLOSEST: vogrinus and undoulea
SHIELDS: 1 1 0 0 1 1 1 1 
KILLED: 0
NAME: laccatov
CLOSEST: chindelea and rathewei
SHIELDS: 1 1 1 1 1 1 1 1 1 0 1 1 1 1 1 
KILLED: 0
NAME: rotretis
CLOSEST: kiccinov and chindelea
SHIELDS: 1 1 1 1 1 1 1 1 1 0 1 1 1 1 
KILLED: 1
