The planet ralmainus has joined the galaxy.
NAME: ralmainus
CLOSEST: none
SHIELDS: 1 1 1 1 1 1 1 1 1 
KILLED: 0
NAME: ralmainus
CLOSEST: none
SHIELDS: 1 1 1 1 1 1 1 1 1 
KILLED: 0
NAME: ralmainus
CLOSEST: none
SHIELDS: 1 1 1 1 1 1 1 1 1 7 
KILLED: 0
NAME: ralmainus
CLOSEST: none
SHIELDS: 7 1 1 1 1 1 1 1 1 1 
KILLED: 0
NAME: ralmainus
CLOSEST: none
SHIELDS: 1 1 1 7 1 1 1 1 1 1 
KILLED: 0
NAME: ralmainus
CLOSEST: none
SHIELDS: 1 1 1 7 1 1 1 1 1 1 9 
KILLED: 0
NAME: ralmainus
CLOSEST: none
SHIELDS: 9 1 1 1 7 1 1 1 1 1 1 
KILLED: 0
NAME: ralmainus
CLOSEST: none
SHIELDS: 9 1 1 1 7 1 1 1 1 1 1 5 
KILLED: 0
NAME: ralmainus
CLOSEST: none
SHIELDS: 9 1 1 1 7 1 1 1 1 1 1 5 3 
KILLED: 0
NAME: ralmainus
CLOSEST: none
SHIELDS: 1 1 7 1 1 1 1 1 1 5 3 9 1 
KILLED: 0
NAME: ralmainus
CLOSEST: none
SHIELDS: 1 1 7 1 1 1 1 1 1 5 3 9 1 
KILLED: 0
