The planet ochounides has joined the galaxy.
The planet ulalara has joined the galaxy.
The planet hobrypso has joined the galaxy.
The planet helars has joined the galaxy.
The planet nonope has joined the galaxy.
The planet hivis has joined the galaxy.
The planet ochounides has imploded.
The planet ulalara has imploded.
Planet out of bounds!
Planet out of bounds!
Planet out of bounds!
NAME: nonope
CLOSEST: helars and hivis
SHIELDS: 1 1 1 1 1 1 1 1 1 1 1 0 
KILLED: 0
Planet out of bounds!
