The planet chapheutania has joined the galaxy.
The planet kanninerth has joined the galaxy.
The planet calrosie has joined the galaxy.
The planet calrosie has imploded.
The planet kanninerth has imploded.
The planet chapheutania has been eaten by the vortex.
The planet Gigelandolanzinoflux has joined the galaxy.
The planet Gigel6969Xfluxinator has joined the galaxy.
NAME: Gigelandolanzinoflux
CLOSEST: Gigel6969Xfluxinator
SHIELDS: 1 1 1 1 
KILLED: 0
