The planet lonvuehines has joined the galaxy.
The planet lundeoliv has joined the galaxy.
The planet pisyria has joined the galaxy.
The planet zilrerth has joined the galaxy.
The planet derilia has joined the galaxy.
The planet yeria has joined the galaxy.
The planet phiawei has joined the galaxy.
The planet laxatania has joined the galaxy.
The planet pisyria has been eaten by the vortex.
The planet phiawei has been eaten by the vortex.
The planet laxatania has been eaten by the vortex.
The planet lonvuehines has been eaten by the vortex.
The planet yeria has been eaten by the vortex.
The planet zilrerth has been eaten by the vortex.
Planet out of bounds!
The planet lundeoliv has been eaten by the vortex.
