The planet patrioyama has joined the galaxy.
The planet yuzenov has joined the galaxy.
The planet ugnolla has joined the galaxy.
The planet hodriea has joined the galaxy.
The planet xolea has joined the galaxy.
The planet mebos has joined the galaxy.
The planet gnisawei has joined the galaxy.
The planet choyothea has joined the galaxy.
The planet phichiIT has joined the galaxy.
The planet bradusNK9 has joined the galaxy.
The planet gocroutania has joined the galaxy.
The planet zulninope has joined the galaxy.
The planet ponkara has joined the galaxy.
The planet kagnapus has joined the galaxy.
The planet mounides has joined the galaxy.
The planet xueria has joined the galaxy.
The planet bihetov has joined the galaxy.
The planet nichestea has joined the galaxy.
The planet pherth94 has joined the galaxy.
The planet grosie87 has joined the galaxy.
The planet sithorus has joined the galaxy.
The planet gizunus has joined the galaxy.
The planet adonoe has joined the galaxy.
The planet cedov has joined the galaxy.
The planet binov has joined the galaxy.
The planet iecury has joined the galaxy.
The planet cragutis has joined the galaxy.
The planet struzonides has joined the galaxy.
The planet lykeRM has joined the galaxy.
The planet grurn3XG has joined the galaxy.
The planet gubreilia has joined the galaxy.
The planet ignutania has joined the galaxy.
The planet bedrorix has joined the galaxy.
The planet cundone has joined the galaxy.
The planet venus has joined the galaxy.
The planet cuhiri has joined the galaxy.
The planet crachohines has joined the galaxy.
The planet struunus has joined the galaxy.
The planet cryria has joined the galaxy.
The planet deron9173 has joined the galaxy.
The planet enuturn has joined the galaxy.
The planet givaigantu has joined the galaxy.
The planet banarth has joined the galaxy.
The planet adrurn has joined the galaxy.
The planet baliv has joined the galaxy.
The planet ianov has joined the galaxy.
The planet dulotera has joined the galaxy.
The planet dapurus has joined the galaxy.
The planet streshan1GC has joined the galaxy.
The planet thiea4I has joined the galaxy.
The planet rustruphus has joined the galaxy.
The planet xueria has been eaten by the vortex.
The planet vuzutera has joined the galaxy.
The planet cryria has been eaten by the vortex.
The planet nichestea has been eaten by the vortex.
The planet enuturn has been eaten by the vortex.
The planet chiphuater has joined the galaxy.
The planet hodriea has been eaten by the vortex.
The planet tinrutis has joined the galaxy.
The planet komoinus has joined the galaxy.
The planet volmecarro has joined the galaxy.
NAME: adrurn
CLOSEST: baliv and banarth
SHIELDS: 1 1 1 1 1 1 1 1 1 1 1 1 
KILLED: 0
NAME: ponkara
CLOSEST: kagnapus and zulninope
SHIELDS: 1 1 1 1 1 1 1 1 1 1 1 1 
KILLED: 0
The planet zulninope has been eaten by the vortex.
The planet achaonia has joined the galaxy.
NAME: pherth94
CLOSEST: grosie87 and bihetov
SHIELDS: 1 1 1 1 1 1 1 1 1 3 1 1 
KILLED: 0
The planet edronerth has joined the galaxy.
The planet chiphuater has been eaten by the vortex.
The planet pugrathea has joined the galaxy.
The planet achaonia has been eaten by the vortex.
The planet gocroutania has been eaten by the vortex.
The planet cragutis has been eaten by the vortex.
The planet adonoe has been eaten by the vortex.
NAME: bradusNK9
CLOSEST: vuzutera and phichiIT
SHIELDS: 1 1 1 1 1 1 1 1 1 1 1 1 1 
KILLED: 0
NAME: ugnolla
CLOSEST: edronerth and yuzenov
SHIELDS: 1 1 1 1 1 1 1 1 1 1 1 1 
KILLED: 0
The planet yuzenov has been eaten by the vortex.
The planet edraetania has joined the galaxy.
The planet ponkara has been eaten by the vortex.
NAME: bihetov
CLOSEST: pherth94 and mounides
SHIELDS: 1 1 1 0 1 1 1 1 1 1 1 
KILLED: 0
The planet bradusNK9 has been eaten by the vortex.
NAME: choyothea
CLOSEST: phichiIT and gnisawei
SHIELDS: 1 1 1 0 1 2 1 1 1 1 1 1 1 1 
KILLED: 0
NAME: choyothea
CLOSEST: phichiIT and gnisawei
SHIELDS: 1 1 1 0 1 2 1 1 1 1 1 1 1 1 
KILLED: 0
The planet cundone has been eaten by the vortex.
The planet inkieyama has joined the galaxy.
The planet ulnoutania has joined the galaxy.
NAME: gubreilia
CLOSEST: pugrathea and grurn3XG
SHIELDS: 1 1 1 1 1 1 1 1 1 1 1 1 
KILLED: 0
The planet deron9173 has been eaten by the vortex.
NAME: bedrorix
CLOSEST: venus and ignutania
SHIELDS: 1 1 1 1 1 1 1 1 1 1 
KILLED: 0
NAME: gnisawei
CLOSEST: choyothea and mebos
SHIELDS: 1 1 1 1 1 1 1 1 1 0 1 1 
KILLED: 0
The planet kuneuthea has joined the galaxy.
The planet eloria has joined the galaxy.
NAME: mebos
CLOSEST: gnisawei and xolea
SHIELDS: 1 1 1 1 1 1 1 1 1 1 1 1 
KILLED: 0
The planet ongaria has joined the galaxy.
The planet dapurus has imploded.
The planet onrater has joined the galaxy.
NAME: binov
CLOSEST: volmecarro and kuneuthea
SHIELDS: 1 1 1 1 1 3 1 1 1 1 1 1 
KILLED: 0
The planet rozouter has joined the galaxy.
The planet ulnoutania has been eaten by the vortex.
The planet thinkiter has joined the galaxy.
The planet tubuistea has joined the galaxy.
The planet ocaclite has joined the galaxy.
NAME: gnisawei
CLOSEST: choyothea and mebos
SHIELDS: 1 1 1 1 1 1 1 1 1 0 1 1 
KILLED: 0
The planet kuneuthea has imploded.
The planet cedov has imploded.
The planet thiea4I has been eaten by the vortex.
The planet nistrauzuno has joined the galaxy.
NAME: crachohines
CLOSEST: struunus and cuhiri
SHIELDS: 1 1 0 1 1 1 1 1 1 1 1 
KILLED: 0
The planet olletania has joined the galaxy.
NAME: mebos
CLOSEST: gnisawei and xolea
SHIELDS: 1 1 1 1 1 1 1 1 1 1 1 1 
KILLED: 0
The planet edronerth has been eaten by the vortex.
The planet adrurn has imploded.
The planet edraetania has imploded.
Planet out of bounds!
NAME: phichiIT
CLOSEST: vuzutera and nistrauzuno
SHIELDS: 1 1 1 1 1 1 1 1 2 0 1 1 2 
KILLED: 0
NAME: xolea
CLOSEST: mebos and ugnolla
SHIELDS: 1 2 2 1 1 1 1 1 1 1 1 1 
KILLED: 0
Planet out of bounds!
The planet gimougantu has joined the galaxy.
The planet zannayama has joined the galaxy.
The planet dulotera has imploded.
NAME: mebos
CLOSEST: gnisawei and xolea
SHIELDS: 1 1 1 1 1 1 1 1 1 1 1 1 
KILLED: 0
NAME: xolea
CLOSEST: mebos and ugnolla
SHIELDS: 1 2 2 1 1 1 1 1 1 1 1 1 
KILLED: 0
The planet avoihiri has joined the galaxy.
The planet odriolia has joined the galaxy.
NAME: xolea
CLOSEST: mebos and ugnolla
SHIELDS: 1 2 2 1 1 1 1 1 1 1 1 1 
KILLED: 0
The planet invuepra has joined the galaxy.
The planet nistrauzuno has been eaten by the vortex.
The planet kagnapus has been eaten by the vortex.
The planet aluter has joined the galaxy.
The planet xolea has been eaten by the vortex.
NAME: avoihiri
CLOSEST: komoinus and vuzutera
SHIELDS: 1 1 1 1 1 1 1 1 1 1 
KILLED: 0
The planet monkounides has joined the galaxy.
The planet binviathea has joined the galaxy.
The planet inkieyama has been eaten by the vortex.
The planet randoinov has joined the galaxy.
The planet thitroinia has joined the galaxy.
The planet onkiecarro has joined the galaxy.
The planet pogrovis has joined the galaxy.
The planet streshan1GC has been eaten by the vortex.
The planet monkitune has joined the galaxy.
The planet bathaetis has joined the galaxy.
The planet molmiotera has joined the galaxy.
The planet thinkiter has been eaten by the vortex.
NAME: ongaria
CLOSEST: mounides and rustruphus
SHIELDS: 1 1 1 1 1 1 0 2 
KILLED: 0
NAME: struunus
CLOSEST: rozouter and crachohines
SHIELDS: 1 1 1 1 1 1 1 1 1 1 1 
KILLED: 0
The planet rustruphus has been eaten by the vortex.
The planet onzaubos has joined the galaxy.
The planet mebos has been eaten by the vortex.
The planet binrazuno has joined the galaxy.
The planet abbiolea has joined the galaxy.
NAME: invuepra
CLOSEST: bedrorix and ignutania
SHIELDS: 1 1 1 1 1 1 1 1 1 1 1 1 1 1 1 
KILLED: 0
NAME: aluter
CLOSEST: gizunus and sithorus
SHIELDS: 1 1 0 1 1 1 1 1 1 1 
KILLED: 0
The planet olletania has imploded.
The planet hunigawa has joined the galaxy.
NAME: hunigawa
CLOSEST: givaigantu and monkitune
SHIELDS: 1 1 1 1 
KILLED: 0
The planet xangiolia has joined the galaxy.
NAME: choyothea
CLOSEST: phichiIT and gnisawei
SHIELDS: 1 1 1 0 1 2 1 1 1 1 1 1 1 1 
KILLED: 0
NAME: binov
CLOSEST: volmecarro and pogrovis
SHIELDS: 3 1 1 1 1 3 1 1 1 1 1 1 
KILLED: 0
The planet venus has been eaten by the vortex.
The planet sidiaruta has joined the galaxy.
The planet grosie87 has been eaten by the vortex.
The planet ocaclite has been eaten by the vortex.
NAME: banarth
CLOSEST: baliv and givaigantu
SHIELDS: 1 1 1 0 1 1 1 1 5 1 1 1 
KILLED: 0
The planet lykeRM has imploded.
The planet struzonides has imploded.
The planet eboter has joined the galaxy.
The planet monkitune has been eaten by the vortex.
NAME: rozouter
CLOSEST: hunigawa and sidiaruta
SHIELDS: 1 1 1 0 1 1 1 1 1 1 1 1 1 
KILLED: 0
The planet lizaurilia has joined the galaxy.
NAME: bihetov
CLOSEST: onrater and mounides
SHIELDS: 1 1 1 0 1 1 1 1 1 1 3 2 
KILLED: 0
The planet ellaenope has joined the galaxy.
The planet choyothea has been eaten by the vortex.
NAME: thitroinia
CLOSEST: avoihiri and ellaenope
SHIELDS: 1 1 1 1 3 1 1 1 1 
KILLED: 0
The planet volmecarro has imploded.
The planet sithorus has been eaten by the vortex.
NAME: abbiolea
CLOSEST: binrazuno and phichiIT
SHIELDS: 1 1 1 1 1 1 1 1 1 1 
KILLED: 0
NAME: tinrutis
CLOSEST: tubuistea and patrioyama
SHIELDS: 1 0 1 1 
KILLED: 0
NAME: baliv
CLOSEST: molmiotera and banarth
SHIELDS: 1 1 1 1 1 1 1 1 1 1 1 
KILLED: 0
The planet nalvuitov has joined the galaxy.
The planet gnisawei has been eaten by the vortex.
Shield out of bounds!
NAME: hunigawa
CLOSEST: givaigantu and rozouter
SHIELDS: 1 1 1 1 
KILLED: 0
Shield out of bounds!
The planet aluter has been eaten by the vortex.
NAME: mounides
CLOSEST: bihetov and ongaria
SHIELDS: 1 1 1 0 1 2 2 1 1 1 1 2 1 1 
KILLED: 0
The planet tinrutis has imploded.
The planet patrioyama has imploded.
The planet nalvuitov has been eaten by the vortex.
NAME: hunigawa
CLOSEST: givaigantu and rozouter
SHIELDS: 1 1 1 1 
KILLED: 0
NAME: ellaenope
CLOSEST: thitroinia and vuzutera
SHIELDS: 1 1 1 1 1 1 1 1 1 1 1 1 1 1 1 
KILLED: 0
NAME: ignutania
CLOSEST: invuepra and bathaetis
SHIELDS: 1 1 1 1 1 1 1 1 1 1 1 1 1 
KILLED: 0
The planet tatrulea has joined the galaxy.
NAME: givaigantu
CLOSEST: banarth and hunigawa
SHIELDS: 1 1 1 1 1 0 1 1 1 
KILLED: 0
NAME: binov
CLOSEST: iecury and pogrovis
SHIELDS: 3 1 1 0 1 3 1 1 1 1 1 1 
KILLED: 0
NAME: ugnolla
CLOSEST: phichiIT and tubuistea
SHIELDS: 1 1 0 1 1 1 1 1 0 1 1 
KILLED: 0
NAME: molmiotera
CLOSEST: ianov and baliv
SHIELDS: 1 2 1 1 1 1 0 1 1 2 1 
KILLED: 0
The planet vilneilia has joined the galaxy.
The planet mounides has imploded.
The planet goniawei has joined the galaxy.
Planet out of bounds!
A planet cannot have less than 4 shields!
The planet baliv has been eaten by the vortex.
The planet zonzitov has joined the galaxy.
The planet invuepra has been eaten by the vortex.
The planet zalvinerth has joined the galaxy.
NAME: bihetov
CLOSEST: onrater and tatrulea
SHIELDS: 1 1 1 0 1 1 1 1 1 0 3 2 
KILLED: 0
The planet ephieclite has joined the galaxy.
NAME: molmiotera
CLOSEST: ianov and banarth
SHIELDS: 1 2 1 1 1 1 0 1 1 2 1 
KILLED: 0
The planet liphalea has joined the galaxy.
The planet odroliv has joined the galaxy.
The planet udeotera has joined the galaxy.
The planet cellaevis has joined the galaxy.
The planet onnuihines has joined the galaxy.
The planet thevaruta has joined the galaxy.
The planet cistruehiri has joined the galaxy.
NAME: randoinov
CLOSEST: zonzitov and thevaruta
SHIELDS: 1 1 1 1 1 1 1 1 
KILLED: 0
Shield out of bounds!
The planet yolvaenus has joined the galaxy.
The planet chelranus has joined the galaxy.
The planet gubreilia has imploded.
The planet grurn3XG has imploded.
Shield out of bounds!
The planet banarth has imploded.
The planet zinnoithea has joined the galaxy.
NAME: ellaenope
CLOSEST: zinnoithea and vuzutera
SHIELDS: 1 1 1 1 1 1 1 1 1 1 1 1 1 1 1 1 
KILLED: 0
The planet pugrathea has been eaten by the vortex.
NAME: chelranus
CLOSEST: tubuistea and ianov
SHIELDS: 1 1 1 1 1 1 1 1 
KILLED: 0
NAME: odriolia
CLOSEST: udeotera and cellaevis
SHIELDS: 1 1 0 1 1 1 1 1 1 1 
KILLED: 0
The planet loveuwei has joined the galaxy.
The planet onrater has been eaten by the vortex.
The planet pogrovis has been eaten by the vortex.
The planet cilvevis has joined the galaxy.
The planet cellaevis has been eaten by the vortex.
Shield out of bounds!
NAME: abbiolea
CLOSEST: binrazuno and phichiIT
SHIELDS: 1 1 1 1 1 1 0 1 1 1 
KILLED: 0
The planet ephieclite has imploded.
The planet gizunus has been eaten by the vortex.
The planet vobbotera has joined the galaxy.
The planet bindacury has joined the galaxy.
The planet anraulea has joined the galaxy.
The planet vuzutera has been eaten by the vortex.
NAME: givaigantu
CLOSEST: bindacury and hunigawa
SHIELDS: 1 1 1 1 1 0 0 1 1 
KILLED: 1
The planet binviathea has been eaten by the vortex.
The planet agrunus has joined the galaxy.
The planet ragreyama has joined the galaxy.
The planet rumaecury has joined the galaxy.
NAME: udeotera
CLOSEST: bathaetis and odriolia
SHIELDS: 1 1 0 1 1 1 1 1 1 1 
KILLED: 0
Shield out of bounds!
The planet xangiolia has been eaten by the vortex.
The planet anraulea has been eaten by the vortex.
NAME: sidiaruta
CLOSEST: rumaecury and struunus
SHIELDS: 1 1 1 1 1 1 1 1 1 0 1 1 1 1 
KILLED: 0
NAME: cilvevis
CLOSEST: onnuihines and lizaurilia
SHIELDS: 1 3 1 1 
KILLED: 0
The planet gimougantu has been eaten by the vortex.
The planet kodaophus has joined the galaxy.
The planet zanvigantu has joined the galaxy.
The planet tuccotov has joined the galaxy.
Shield out of bounds!
The planet binrazuno has been eaten by the vortex.
The planet zellibos has joined the galaxy.
The planet acreomia has joined the galaxy.
NAME: thevaruta
CLOSEST: randoinov and pherth94
SHIELDS: 1 1 1 1 1 1 1 1 1 1 1 1 1 1 
KILLED: 0
The planet emurus has joined the galaxy.
The planet monkounides has imploded.
The planet tatrulea has been eaten by the vortex.
NAME: acreomia
CLOSEST: cuhiri and bedrorix
SHIELDS: 1 1 1 1 1 1 1 1 1 1 
KILLED: 0
The planet bizaeter has joined the galaxy.
Shield out of bounds!
NAME: ragreyama
CLOSEST: iecury and binov
SHIELDS: 1 1 1 0 1 1 1 
KILLED: 0
The planet givaigantu has been eaten by the vortex.
The planet kedruetera has joined the galaxy.
The planet thitroinia has been eaten by the vortex.
NAME: eboter
CLOSEST: lizaurilia and zannayama
SHIELDS: 1 1 1 1 1 1 1 1 1 1 1 1 1 1 1 2 1 
KILLED: 0
The planet xalroanus has joined the galaxy.
The planet molmiotera has been eaten by the vortex.
NAME: zellibos
CLOSEST: liphalea and loveuwei
SHIELDS: 1 1 1 1 1 1 1 1 1 1 1 1 1 
KILLED: 0
The planet ulvuhiri has joined the galaxy.
NAME: cistruehiri
CLOSEST: ianov and kodaophus
SHIELDS: 1 1 1 1 1 1 1 1 1 1 1 1 
KILLED: 0
The planet zonzitov has been eaten by the vortex.
The planet vangeanus has joined the galaxy.
The planet ignutania has been eaten by the vortex.
The planet idriutera has joined the galaxy.
NAME: odriolia
CLOSEST: udeotera and onnuihines
SHIELDS: 1 1 0 1 1 3 0 1 1 1 
KILLED: 0
The planet ragreyama has been eaten by the vortex.
The planet iecury has imploded.
Shield out of bounds!
The planet kungeowei has joined the galaxy.
The planet ipheonus has joined the galaxy.
NAME: zinnoithea
CLOSEST: vobbotera and ellaenope
SHIELDS: 1 1 1 1 1 1 1 1 1 1 1 1 1 1 
KILLED: 0
The planet bedrorix has been eaten by the vortex.
The planet sidiaruta has imploded.
The planet bathaetis has been eaten by the vortex.
The planet eseutania has joined the galaxy.
NAME: goniawei
CLOSEST: zalvinerth and eloria
SHIELDS: 1 1 1 1 1 1 1 
KILLED: 0
The planet lodanope has joined the galaxy.
The planet tuvolara has joined the galaxy.
The planet thevaruta has been eaten by the vortex.
NAME: bihetov
CLOSEST: eloria and ongaria
SHIELDS: 2 1 0 1 1 1 1 1 0 3 2 
KILLED: 0
The planet savuzuno has joined the galaxy.
The planet ellaenope has been eaten by the vortex.
Shield out of bounds!
The planet avoihiri has been eaten by the vortex.
The planet kedruetera has been eaten by the vortex.
The planet zivaenus has joined the galaxy.
The planet yolvaenus has been eaten by the vortex.
The planet ganderilia has joined the galaxy.
Shield out of bounds!
The planet odroliv has imploded.
The planet binov has imploded.
Shield out of bounds!
The planet sibbauwei has joined the galaxy.
NAME: ulvuhiri
CLOSEST: bizaeter and liphalea
SHIELDS: 1 1 1 1 1 1 1 1 1 1 1 1 1 1 
KILLED: 0
The planet eloria has been eaten by the vortex.
The planet vobipra has joined the galaxy.
NAME: emurus
CLOSEST: loveuwei and vobbotera
SHIELDS: 1 1 1 1 1 1 1 1 1 1 1 
KILLED: 0
The planet odriolia has been eaten by the vortex.
The planet bitroria has joined the galaxy.
The planet bihetov has been eaten by the vortex.
The planet occotune has joined the galaxy.
NAME: ipheonus
CLOSEST: idriutera and onzaubos
SHIELDS: 1 1 1 1 1 1 1 1 1 1 1 1 1 
KILLED: 0
The planet mocceria has joined the galaxy.
NAME: ongaria
CLOSEST: sibbauwei and komoinus
SHIELDS: 2 1 1 1 1 0 2 1 
KILLED: 0
The planet zanvigantu has been eaten by the vortex.
The planet gosorus has joined the galaxy.
The planet unvougawa has joined the galaxy.
NAME: komoinus
CLOSEST: ongaria and bizaeter
SHIELDS: 1 1 3 1 1 1 1 1 1 1 1 2 2 
KILLED: 0
NAME: ugnolla
CLOSEST: phichiIT and tubuistea
SHIELDS: 1 1 0 1 1 1 1 0 1 1 
KILLED: 0
The planet zannayama has been eaten by the vortex.
The planet cistruehiri has been eaten by the vortex.
The planet mocceria has been eaten by the vortex.
The planet eboter has been eaten by the vortex.
The planet onzaubos has imploded.
NAME: pherth94
CLOSEST: zivaenus and zalvinerth
SHIELDS: 1 1 1 1 2 1 1 1 1 2 1 1 1 1 1 
KILLED: 0
NAME: agrunus
CLOSEST: chelranus and ianov
SHIELDS: 1 1 1 1 1 1 1 1 1 1 1 
KILLED: 0
The planet haniayama has joined the galaxy.
NAME: hunigawa
CLOSEST: bindacury and rozouter
SHIELDS: 1 2 1 0 
KILLED: 0
Shield out of bounds!
The planet uleturn has joined the galaxy.
The planet liphalea has imploded.
The planet zellibos has imploded.
Shield out of bounds!
The planet bizaeter has been eaten by the vortex.
NAME: chelranus
CLOSEST: vangeanus and agrunus
SHIELDS: 3 1 1 1 1 3 1 1 1 
KILLED: 0
The planet idriutera has been eaten by the vortex.
NAME: lodanope
CLOSEST: udeotera and onnuihines
SHIELDS: 1 0 1 1 
KILLED: 0
NAME: tuvolara
CLOSEST: onkiecarro and gosorus
SHIELDS: 1 1 1 1 1 
KILLED: 0
NAME: zalvinerth
CLOSEST: pherth94 and goniawei
SHIELDS: 1 1 1 1 3 
KILLED: 0
The planet yalnaria has joined the galaxy.
The planet zalvinerth has been eaten by the vortex.
The planet yibirus has joined the galaxy.
Shield out of bounds!
NAME: onnuihines
CLOSEST: lodanope and cilvevis
SHIELDS: 1 1 1 0 1 1 1 1 1 0 1 1 1 1 1 2 1 
KILLED: 0
The planet yibirus has been eaten by the vortex.
The planet tuvolara has been eaten by the vortex.
NAME: eseutania
CLOSEST: randoinov and zivaenus
SHIELDS: 1 1 1 0 1 1 1 
KILLED: 0
The planet lonzenerth has joined the galaxy.
The planet chubrialara has joined the galaxy.
The planet bindacury has been eaten by the vortex.
The planet sachionov has joined the galaxy.
The planet celraenia has joined the galaxy.
The planet occotune has imploded.
NAME: randoinov
CLOSEST: sachionov and eseutania
SHIELDS: 1 0 1 0 1 1 1 
KILLED: 1
NAME: gosorus
CLOSEST: onkiecarro and unvougawa
SHIELDS: 1 1 1 1 1 1 1 1 1 1 1 1 1 1 
KILLED: 0
The planet nobrewei has joined the galaxy.
The planet sibbauwei has been eaten by the vortex.
A planet cannot have less than 4 shields!
Shield out of bounds!
The planet chelranus has been eaten by the vortex.
NAME: unvougawa
CLOSEST: gosorus and abbiolea
SHIELDS: 1 1 1 1 1 1 1 
KILLED: 0
The planet komoinus has been eaten by the vortex.
The planet haniayama has been eaten by the vortex.
The planet ligraliv has joined the galaxy.
The planet rumaecury has been eaten by the vortex.
The planet savuzuno has imploded.
The planet ganderilia has imploded.
NAME: lizaurilia
CLOSEST: cilvevis and bitroria
SHIELDS: 1 0 1 1 1 1 2 
KILLED: 0
The planet onnuihines has been eaten by the vortex.
NAME: ongaria
CLOSEST: goniawei and chubrialara
SHIELDS: 2 1 1 1 0 2 1 2 
KILLED: 0
A planet cannot have less than 4 shields!
NAME: lonzenerth
CLOSEST: struunus and uleturn
SHIELDS: 1 1 1 0 1 
KILLED: 0
The planet abanus has joined the galaxy.
The planet legrelia has joined the galaxy.
The planet randoinov has imploded.
The planet zugnalara has joined the galaxy.
The planet cuhiri has been eaten by the vortex.
The planet vilneilia has been eaten by the vortex.
The planet chothephus has joined the galaxy.
Shield out of bounds!
The planet zinnoithea has imploded.
Shield out of bounds!
The planet yalnaria has been eaten by the vortex.
The planet rivegantu has joined the galaxy.
NAME: xalroanus
CLOSEST: acreomia and celraenia
SHIELDS: 1 1 1 1 1 1 0 1 1 1 1 
KILLED: 0
NAME: emurus
CLOSEST: zugnalara and vobbotera
SHIELDS: 2 1 0 1 1 1 1 1 1 1 1 2 
KILLED: 0
The planet accoaria has joined the galaxy.
The planet tuccotov has imploded.
The planet phichiIT has imploded.
The planet ugnolla has been eaten by the vortex.
The planet vobipra has been eaten by the vortex.
The planet cellavis has joined the galaxy.
The planet zotreaphus has joined the galaxy.
The planet obrunides has joined the galaxy.
The planet obrunides has been eaten by the vortex.
NAME: lodanope
CLOSEST: udeotera and cilvevis
SHIELDS: 3 0 1 1 
KILLED: 0
Shield out of bounds!
NAME: zugnalara
CLOSEST: loveuwei and emurus
SHIELDS: 1 1 0 1 1 1 1 1 
KILLED: 0
The planet lizaurilia has been eaten by the vortex.
NAME: sachionov
CLOSEST: ipheonus and nobrewei
SHIELDS: 1 2 1 1 
KILLED: 0
The planet lodanope has been eaten by the vortex.
Planet out of bounds!
The planet chothephus has been eaten by the vortex.
The planet kungeowei has been eaten by the vortex.
Planet out of bounds!
The planet xalroanus has been eaten by the vortex.
NAME: ligraliv
CLOSEST: accoaria and hunigawa
SHIELDS: 1 1 1 0 1 
KILLED: 0
The planet dubobos has joined the galaxy.
The planet ianov has been eaten by the vortex.
The planet ostroiter has joined the galaxy.
The planet pherth94 has been eaten by the vortex.
NAME: emurus
CLOSEST: zugnalara and vobbotera
SHIELDS: 2 1 0 1 1 1 1 1 1 0 1 2 
KILLED: 0
NAME: zugnalara
CLOSEST: loveuwei and emurus
SHIELDS: 1 1 0 1 1 1 1 1 
KILLED: 0
The planet uleturn has been eaten by the vortex.
Planet out of bounds!
NAME: unvougawa
CLOSEST: gosorus and dubobos
SHIELDS: 1 1 1 1 1 1 1 2 
KILLED: 0
NAME: vobbotera
CLOSEST: emurus and onkiecarro
SHIELDS: 1 1 1 1 1 1 0 1 
KILLED: 0
Shield out of bounds!
Planet out of bounds!
The planet sachionov has been eaten by the vortex.
The planet hunigawa has imploded.
NAME: abanus
CLOSEST: struunus and lonzenerth
SHIELDS: 1 1 1 1 1 
KILLED: 0
The planet acreomia has been eaten by the vortex.
The planet zugnalara has been eaten by the vortex.
NAME: nobrewei
CLOSEST: ipheonus and eseutania
SHIELDS: 3 2 1 1 1 1 0 1 2 
KILLED: 1
The planet katreter has joined the galaxy.
The planet cilvevis has been eaten by the vortex.
The planet odreagantu has joined the galaxy.
The planet lenkotania has joined the galaxy.
The planet pilleathea has joined the galaxy.
The planet accoaria has imploded.
The planet ligraliv has imploded.
NAME: dubobos
CLOSEST: unvougawa and abbiolea
SHIELDS: 1 1 1 1 1 1 1 1 
KILLED: 0
The planet xitharia has joined the galaxy.
NAME: agrunus
CLOSEST: vangeanus and kodaophus
SHIELDS: 1 1 0 1 1 1 1 1 1 1 
KILLED: 0
The planet odreagantu has been eaten by the vortex.
The planet struunus has imploded.
The planet abroicarro has joined the galaxy.
NAME: goniawei
CLOSEST: lenkotania and ongaria
SHIELDS: 2 1 1 2 1 2 1 
KILLED: 0
The planet ipheonus has been eaten by the vortex.
NAME: katreter
CLOSEST: ulvuhiri and loveuwei
SHIELDS: 1 1 1 1 1 1 
KILLED: 0
The planet yastrumia has joined the galaxy.
NAME: dubobos
CLOSEST: unvougawa and abbiolea
SHIELDS: 1 1 1 1 1 1 1 
KILLED: 0
The planet donrounides has joined the galaxy.
NAME: zivaenus
CLOSEST: donrounides and lenkotania
SHIELDS: 1 1 1 0 1 1 1 1 1 0 1 1 1 1 
KILLED: 0
NAME: chubrialara
CLOSEST: ostroiter and ulvuhiri
SHIELDS: 1 1 1 1 1 1 1 1 1 1 1 1 
KILLED: 0
The planet guzaehines has joined the galaxy.
A planet cannot have less than 4 shields!
The planet vobbotera has imploded.
The planet onkiecarro has imploded.
The planet gunrehiri has joined the galaxy.
The planet abanus has been eaten by the vortex.
The planet gignoater has joined the galaxy.
The planet cellavis has been eaten by the vortex.
NAME: crachohines
CLOSEST: lonzenerth and celraenia
SHIELDS: 3 1 0 1 1 1 1 1 1 1 1 1 
KILLED: 0
The planet vamoawei has joined the galaxy.
The planet nobrewei has imploded.
NAME: vamoawei
CLOSEST: ostroiter and chubrialara
SHIELDS: 1 1 1 1 1 1 1 1 1 
KILLED: 0
The planet pebbaubos has joined the galaxy.
The planet gatheinus has joined the galaxy.
The planet kedreturn has joined the galaxy.
The planet lonzenerth has imploded.
The planet katreter has been eaten by the vortex.
The planet legrelia has been eaten by the vortex.
NAME: unvougawa
CLOSEST: gosorus and pebbaubos
SHIELDS: 1 1 0 1 1 3 1 2 
KILLED: 0
Shield out of bounds!
NAME: udeotera
CLOSEST: celraenia and guzaehines
SHIELDS: 1 1 0 1 1 1 1 3 3 1 1 
KILLED: 0
The planet ulvuhiri has been eaten by the vortex.
The planet unvougawa has been eaten by the vortex.
The planet gosorus has been eaten by the vortex.
The planet xestrailea has joined the galaxy.
The planet vudonia has joined the galaxy.
The planet guzaehines has been eaten by the vortex.
The planet innoiter has joined the galaxy.
The planet dulmutune has joined the galaxy.
The planet daviwei has joined the galaxy.
The planet ulraopra has joined the galaxy.
The planet kedreturn has been eaten by the vortex.
The planet zivaenus has imploded.
Planet out of bounds!
The planet emurus has imploded.
The planet abroicarro has imploded.
The planet thandihines has joined the galaxy.
The planet xucumia has joined the galaxy.
NAME: rozouter
CLOSEST: xitharia and yastrumia
SHIELDS: 1 2 1 1 1 1 1 1 1 2 
KILLED: 0
Planet out of bounds!
NAME: vamoawei
CLOSEST: ostroiter and chubrialara
SHIELDS: 1 1 1 1 1 1 1 1 1 
KILLED: 0
Planet out of bounds!
Shield out of bounds!
Planet out of bounds!
The planet ulraopra has been eaten by the vortex.
The planet vangeanus has been eaten by the vortex.
The planet rozouter has been eaten by the vortex.
The planet xestrailea has been eaten by the vortex.
Planet out of bounds!
The planet agrunus has imploded.
The planet cubraphus has joined the galaxy.
NAME: chubrialara
CLOSEST: vamoawei and loveuwei
SHIELDS: 1 1 1 1 1 1 1 1 1 1 1 1 1 
KILLED: 0
NAME: daviwei
CLOSEST: vudonia and dubobos
SHIELDS: 1 1 1 1 1 1 1 1 1 1 1 
KILLED: 0
NAME: kodaophus
CLOSEST: gunrehiri and rivegantu
SHIELDS: 2 1 1 1 2 1 1 1 1 2 1 
KILLED: 0
The planet unniotune has joined the galaxy.
NAME: rivegantu
CLOSEST: kodaophus and gatheinus
SHIELDS: 1 0 2 1 1 1 1 
KILLED: 0
NAME: daviwei
CLOSEST: vudonia and dubobos
SHIELDS: 1 1 1 1 1 1 1 1 1 1 1 
KILLED: 0
Planet out of bounds!
The planet bitroria has been eaten by the vortex.
Planet out of bounds!
NAME: dulmutune
CLOSEST: tubuistea and gunrehiri
SHIELDS: 1 1 0 1 1 1 0 1 1 
KILLED: 1
NAME: unniotune
CLOSEST: donrounides and lenkotania
SHIELDS: 1 1 1 1 
KILLED: 0
Planet out of bounds!
NAME: gatheinus
CLOSEST: rivegantu and xitharia
SHIELDS: 1 1 1 1 
KILLED: 0
The planet pebbaubos has imploded.
The planet vudonia has imploded.
Planet out of bounds!
The planet donrounides has been eaten by the vortex.
The planet eneuturn has joined the galaxy.
The planet todocarro has joined the galaxy.
The planet buthietania has joined the galaxy.
Planet out of bounds!
The planet hilruevis has joined the galaxy.
The planet xitharia has imploded.
Planet out of bounds!
The planet abbiolea has been eaten by the vortex.
The planet ungathea has joined the galaxy.
The planet yastrumia has been eaten by the vortex.
The planet loveuwei has been eaten by the vortex.
A planet cannot have less than 4 shields!
Planet out of bounds!
Planet out of bounds!
A planet cannot have less than 4 shields!
NAME: gignoater
CLOSEST: ongaria and ostroiter
SHIELDS: 1 1 1 1 1 1 3 1 1 
KILLED: 0
The planet rugauthea has joined the galaxy.
NAME: daviwei
CLOSEST: buthietania and dubobos
SHIELDS: 1 1 1 1 1 1 1 1 1 1 1 
KILLED: 0
NAME: chubrialara
CLOSEST: vamoawei and buthietania
SHIELDS: 1 1 1 0 1 1 1 1 1 1 1 1 1 
KILLED: 0
The planet nenruaturn has joined the galaxy.
The planet udeotera has been eaten by the vortex.
NAME: lenkotania
CLOSEST: unniotune and goniawei
SHIELDS: 1 3 3 1 1 1 0 1 0 1 1 
KILLED: 1
The planet dubobos has been eaten by the vortex.
The planet vamoawei has been eaten by the vortex.
The planet gatheinus has been eaten by the vortex.
NAME: goniawei
CLOSEST: lenkotania and ongaria
SHIELDS: 2 1 1 2 1 2 1 2 1 2 
KILLED: 0
The planet lostratov has joined the galaxy.
NAME: lenkotania
CLOSEST: unniotune and goniawei
SHIELDS: 1 3 3 1 1 1 0 1 0 1 1 
KILLED: 1
NAME: rugauthea
CLOSEST: celraenia and zotreaphus
SHIELDS: 1 1 1 1 1 1 1 1 1 1 1 
KILLED: 0
Planet out of bounds!
The planet vingapra has joined the galaxy.
The planet pubriunia has joined the galaxy.
NAME: ongaria
CLOSEST: goniawei and gignoater
SHIELDS: 2 1 0 1 0 2 1 4 1 2 
KILLED: 0
The planet ungathea has been eaten by the vortex.
The planet vingapra has been eaten by the vortex.
The planet ibbioyama has joined the galaxy.
The planet tubuistea has been eaten by the vortex.
The planet ibbioyama has been eaten by the vortex.
The planet dulmutune has been eaten by the vortex.
NAME: goniawei
CLOSEST: lenkotania and ongaria
SHIELDS: 2 1 1 1 2 1 2 1 2 
KILLED: 0
The planet thinraithea has joined the galaxy.
NAME: ongaria
CLOSEST: goniawei and gignoater
SHIELDS: 2 1 0 1 0 2 1 4 1 2 1 
KILLED: 0
The planet genveotis has joined the galaxy.
The planet zistreania has joined the galaxy.
The planet pavonope has joined the galaxy.
The planet unniotune has been eaten by the vortex.
The planet celraenia has been eaten by the vortex.
The planet othicury has joined the galaxy.
NAME: hilruevis
CLOSEST: kodaophus and eneuturn
SHIELDS: 1 1 1 0 1 1 1 
KILLED: 0
The planet lostratov has been eaten by the vortex.
The planet cubraphus has been eaten by the vortex.
The planet sonrihines has joined the galaxy.
NAME: pavonope
CLOSEST: sonrihines and genveotis
SHIELDS: 1 1 1 1 1 1 1 1 1 1 1 
KILLED: 0
The planet innoiter has imploded.
The planet xucumia has imploded.
The planet gunrehiri has imploded.
The planet ongaria has imploded.
The planet zelnaruta has joined the galaxy.
The planet eneuturn has been eaten by the vortex.
NAME: pilleathea
CLOSEST: rivegantu and pubriunia
SHIELDS: 3 3 1 0 1 1 1 1 0 1 1 
KILLED: 1
Planet out of bounds!
Planet out of bounds!
The planet nenruaturn has been eaten by the vortex.
The planet cidoter has joined the galaxy.
Planet out of bounds!
Planet out of bounds!
Planet out of bounds!
The planet zelnaruta has been eaten by the vortex.
Planet out of bounds!
NAME: thandihines
CLOSEST: pubriunia and crachohines
SHIELDS: 1 1 1 1 1 1 1 1 1 1 1 1 1 
KILLED: 0
The planet chilnagantu has joined the galaxy.
NAME: crachohines
CLOSEST: thandihines and thinraithea
SHIELDS: 3 1 0 1 1 3 1 1 1 1 1 1 
KILLED: 0
The planet eseutania has imploded.
The planet thandihines has been eaten by the vortex.
Planet out of bounds!
NAME: goniawei
CLOSEST: lenkotania and gignoater
SHIELDS: 2 1 1 1 2 1 2 1 2 
KILLED: 0
NAME: zotreaphus
CLOSEST: zistreania and othicury
SHIELDS: 1 1 0 0 4 1 3 1 2 0 2 2 2 
KILLED: 0
The planet rivegantu has been eaten by the vortex.
NAME: sonrihines
CLOSEST: gignoater and cidoter
SHIELDS: 1 1 1 0 1 1 1 1 1 1 1 1 1 1 
KILLED: 0
NAME: zotreaphus
CLOSEST: zistreania and othicury
SHIELDS: 1 1 0 0 4 1 3 1 2 0 2 2 2 
KILLED: 0
The planet kodaophus has been eaten by the vortex.
The planet nadoter has joined the galaxy.
The planet galmaovis has joined the galaxy.
The planet chelrairilia has joined the galaxy.
The planet galmaovis has been eaten by the vortex.
The planet telnaulea has joined the galaxy.
The planet chilnagantu has been eaten by the vortex.
The planet nanvonides has joined the galaxy.
The planet mugnialea has joined the galaxy.
The planet pavonope has been eaten by the vortex.
NAME: rugauthea
CLOSEST: thinraithea and zistreania
SHIELDS: 1 1 1 1 1 1 0 1 1 1 1 1 
KILLED: 0
The planet tebbeocury has joined the galaxy.
The planet nuciotov has joined the galaxy.
The planet bizalea has joined the galaxy.
Planet out of bounds!
The planet chelrairilia has been eaten by the vortex.
The planet daviwei has been eaten by the vortex.
The planet pubriunia has been eaten by the vortex.
The planet gignoater has been eaten by the vortex.
The planet nuciotov has imploded.
The planet todocarro has imploded.
NAME: zotreaphus
CLOSEST: zistreania and othicury
SHIELDS: 3 1 0 0 4 1 3 1 2 0 2 2 2 
KILLED: 0
The planet lenkotania has been eaten by the vortex.
The planet buthietania has been eaten by the vortex.
The planet pilleathea has been eaten by the vortex.
NAME: nanvonides
CLOSEST: othicury and tebbeocury
SHIELDS: 1 1 1 1 
KILLED: 0
The planet hilruevis has been eaten by the vortex.
The planet thegnuhiri has joined the galaxy.
The planet lisuria has joined the galaxy.
NAME: mugnialea
CLOSEST: cidoter and thegnuhiri
SHIELDS: 1 1 1 2 1 1 1 1 2 1 1 1 1 
KILLED: 0
NAME: chubrialara
CLOSEST: ostroiter and lisuria
SHIELDS: 1 1 1 0 1 1 1 1 1 1 1 1 
KILLED: 0
The planet genveotis has been eaten by the vortex.
Planet out of bounds!
NAME: bizalea
CLOSEST: tebbeocury and telnaulea
SHIELDS: 1 1 3 1 
KILLED: 0
NAME: lisuria
CLOSEST: chubrialara and crachohines
SHIELDS: 1 1 1 1 1 1 1 
KILLED: 0
The planet zotreaphus has imploded.
Shield out of bounds!
The planet sonrihines has been eaten by the vortex.
Planet out of bounds!
The planet govouter has joined the galaxy.
NAME: telnaulea
CLOSEST: bizalea and goniawei
SHIELDS: 1 1 5 1 1 1 
KILLED: 0
Planet out of bounds!
NAME: mugnialea
CLOSEST: cidoter and thegnuhiri
SHIELDS: 1 3 1 2 1 1 1 1 2 1 1 1 1 
KILLED: 0
The planet polmeruta has joined the galaxy.
NAME: lisuria
CLOSEST: chubrialara and govouter
SHIELDS: 1 1 1 1 1 1 1 
KILLED: 0
The planet cidriagawa has joined the galaxy.
NAME: chubrialara
CLOSEST: ostroiter and lisuria
SHIELDS: 1 1 1 0 1 1 1 1 1 1 1 1 
KILLED: 0
The planet zistreania has been eaten by the vortex.
NAME: goniawei
CLOSEST: telnaulea and nadoter
SHIELDS: 1 1 4 2 2 1 2 
KILLED: 0
Planet out of bounds!
The planet mugnialea has been eaten by the vortex.
Planet out of bounds!
The planet othicury has imploded.
The planet molmiulia has joined the galaxy.
Shield out of bounds!
NAME: govouter
CLOSEST: molmiulia and cidriagawa
SHIELDS: 1 1 1 1 1 1 1 1 1 1 1 1 1 1 
KILLED: 0
NAME: thegnuhiri
CLOSEST: cidoter and ostroiter
SHIELDS: 1 1 1 1 1 1 1 1 1 1 
KILLED: 0
The planet telnaulea has been eaten by the vortex.
The planet zuphuter has joined the galaxy.
The planet crachohines has been eaten by the vortex.
A planet cannot have less than 4 shields!
NAME: cidriagawa
CLOSEST: govouter and thinraithea
SHIELDS: 1 1 1 1 1 1 1 
KILLED: 0
Planet out of bounds!
Planet out of bounds!
Shield out of bounds!
The planet rugauthea has imploded.
The planet seginus has joined the galaxy.
NAME: bizalea
CLOSEST: tebbeocury and goniawei
SHIELDS: 1 1 3 1 
KILLED: 0
The planet tebbeocury has been eaten by the vortex.
Shield out of bounds!
Planet out of bounds!
NAME: ostroiter
CLOSEST: thegnuhiri and chubrialara
SHIELDS: 1 1 0 1 1 1 1 2 3 2 
KILLED: 0
NAME: govouter
CLOSEST: molmiulia and cidriagawa
SHIELDS: 1 1 1 0 1 1 1 1 1 1 1 1 1 1 
KILLED: 0
NAME: cidriagawa
CLOSEST: govouter and seginus
SHIELDS: 1 1 1 0 1 1 1 
KILLED: 0
NAME: lisuria
CLOSEST: chubrialara and molmiulia
SHIELDS: 1 0 1 1 1 1 1 2 
KILLED: 0
NAME: ostroiter
CLOSEST: thegnuhiri and chubrialara
SHIELDS: 1 1 0 1 1 1 1 2 3 2 1 
KILLED: 0
The planet cidoter has been eaten by the vortex.
The planet thinraithea has imploded.
The planet nanvonides has imploded.
Planet out of bounds!
The planet bizalea has been eaten by the vortex.
NAME: cidriagawa
CLOSEST: govouter and seginus
SHIELDS: 1 1 3 0 1 1 1 
KILLED: 0
The planet rocuerilia has joined the galaxy.
Shield out of bounds!
The planet seginus has been eaten by the vortex.
Planet out of bounds!
Shield out of bounds!
The planet molmiulia has been eaten by the vortex.
The planet rocuerilia has been eaten by the vortex.
NAME: lisuria
CLOSEST: chubrialara and govouter
SHIELDS: 1 0 1 0 1 1 2 
KILLED: 0
The planet destrotis has joined the galaxy.
Planet out of bounds!
NAME: lisuria
CLOSEST: chubrialara and govouter
SHIELDS: 1 0 1 0 1 1 2 
KILLED: 0
NAME: lisuria
CLOSEST: chubrialara and govouter
SHIELDS: 1 0 1 0 1 1 2 
KILLED: 0
Planet out of bounds!
Planet out of bounds!
Shield out of bounds!
The planet thegnuhiri has been eaten by the vortex.
The planet cidriagawa has been eaten by the vortex.
NAME: destrotis
CLOSEST: zuphuter and ostroiter
SHIELDS: 1 1 1 1 1 1 1 1 1 1 1 1 1 
KILLED: 0
NAME: goniawei
CLOSEST: polmeruta and nadoter
SHIELDS: 1 1 3 2 4 1 1 1 
KILLED: 0
Planet out of bounds!
NAME: nadoter
CLOSEST: goniawei and zuphuter
SHIELDS: 1 2 1 0 1 1 1 3 1 0 1 1 1 2 
KILLED: 0
NAME: lisuria
CLOSEST: chubrialara and govouter
SHIELDS: 1 0 1 0 1 1 2 
KILLED: 0
NAME: govouter
CLOSEST: lisuria and polmeruta
SHIELDS: 1 1 1 0 1 1 1 1 1 1 1 1 1 1 
KILLED: 0
NAME: polmeruta
CLOSEST: govouter and goniawei
SHIELDS: 1 1 1 1 1 1 3 
KILLED: 0
NAME: zuphuter
CLOSEST: nadoter and destrotis
SHIELDS: 1 1 1 1 
KILLED: 0
NAME: chubrialara
CLOSEST: ostroiter and lisuria
SHIELDS: 1 1 0 2 1 1 1 1 1 1 1 
KILLED: 0
NAME: ostroiter
CLOSEST: destrotis and chubrialara
SHIELDS: 1 1 0 1 1 1 1 2 3 2 1 
KILLED: 0
