The planet zibrutera has joined the galaxy.
The planet zoccophus has joined the galaxy.
The planet thograra has joined the galaxy.
The planet rezorth has joined the galaxy.
The planet cutania has joined the galaxy.
The planet ehiri has joined the galaxy.
The planet groustea has joined the galaxy.
The planet segoter has joined the galaxy.
The planet siriL5R has joined the galaxy.
The planet tryke0O has joined the galaxy.
The planet ecruthea has joined the galaxy.
The planet vechecury has joined the galaxy.
The planet tryke0O has been eaten by the vortex.
The planet yenvoinope has joined the galaxy.
The planet chuzuecury has joined the galaxy.
The planet unreurus has joined the galaxy.
The planet olrubos has joined the galaxy.
The planet groustea has been eaten by the vortex.
The planet segoter has been eaten by the vortex.
The planet cutania has been eaten by the vortex.
The planet rapharuta has joined the galaxy.
The planet zoccophus has been eaten by the vortex.
The planet rapharuta has been eaten by the vortex.
The planet ecruthea has been eaten by the vortex.
NAME: rezorth
CLOSEST: ehiri and thograra
SHIELDS: 1 1 1 1 1 1 1 1 1 1 1 1 
KILLED: 0
NAME: zibrutera
CLOSEST: olrubos and vechecury
SHIELDS: 1 1 1 1 1 1 1 1 1 1 1 1 
KILLED: 0
NAME: olrubos
CLOSEST: thograra and zibrutera
SHIELDS: 1 1 1 1 1 1 1 1 
KILLED: 0
NAME: ehiri
CLOSEST: unreurus and rezorth
SHIELDS: 1 1 1 1 1 1 1 1 1 1 1 1 
KILLED: 0
NAME: unreurus
CLOSEST: chuzuecury and ehiri
SHIELDS: 1 1 1 1 1 1 
KILLED: 0
