The planet enralea has joined the galaxy.
The planet denouhines has joined the galaxy.
The planet cenvippe has joined the galaxy.
The planet thegorth has joined the galaxy.
The planet viezuno has joined the galaxy.
The planet arilia has joined the galaxy.
The planet vodubos has joined the galaxy.
The planet vohotania has joined the galaxy.
The planet dosieN4CN has joined the galaxy.
The planet lorthQS has joined the galaxy.
The planet thibiutania has joined the galaxy.
The planet bibratov has joined the galaxy.
The planet xobagua has joined the galaxy.
The planet pitriea has joined the galaxy.
The planet cunia has joined the galaxy.
The planet yigawa has joined the galaxy.
The planet stronitera has joined the galaxy.
The planet modunerth has joined the galaxy.
The planet mapusNBH has joined the galaxy.
The planet darthIY7 has joined the galaxy.
The planet alluwei has joined the galaxy.
The planet talobos has joined the galaxy.
The planet numilles has joined the galaxy.
The planet kinkyke has joined the galaxy.
The planet taclite has joined the galaxy.
The planet einia has joined the galaxy.
The planet phokuthea has joined the galaxy.
The planet lochehiri has joined the galaxy.
The planet mionZH8 has joined the galaxy.
The planet zaguaXKT has joined the galaxy.
The planet xeneilia has joined the galaxy.
The planet tuciehiri has joined the galaxy.
The planet pecion has joined the galaxy.
The planet gonnomia has joined the galaxy.
The planet siyama has joined the galaxy.
The planet ouvis has joined the galaxy.
The planet triuwei has joined the galaxy.
The planet crihephus has joined the galaxy.
The planet charthG06 has joined the galaxy.
The planet brionR7W has joined the galaxy.
The planet munvuewei has joined the galaxy.
The planet uluemia has joined the galaxy.
The planet agnippe has joined the galaxy.
The planet zanov has joined the galaxy.
The planet tuphus has joined the galaxy.
The planet vogawa has joined the galaxy.
The planet llikeria has joined the galaxy.
The planet nemunus has joined the galaxy.
The planet deonIF5U has joined the galaxy.
The planet gnaguaU has joined the galaxy.
The planet vubeitania has joined the galaxy.
The planet yalmeonov has joined the galaxy.
The planet vankilles has joined the galaxy.
The planet batrerth has joined the galaxy.
The planet uyama has joined the galaxy.
The planet lonope has joined the galaxy.
The planet gouturn has joined the galaxy.
The planet struapra has joined the galaxy.
The planet cillesM58 has joined the galaxy.
The planet drypso6VN0 has joined the galaxy.
The planet zechiter has joined the galaxy.
The planet chusinov has joined the galaxy.
The planet ovion has joined the galaxy.
The planet nollypso has joined the galaxy.
The planet dugantu has joined the galaxy.
The planet iolara has joined the galaxy.
The planet niroria has joined the galaxy.
The planet chiutis has joined the galaxy.
The planet phosieNHT has joined the galaxy.
The planet sippeL325 has joined the galaxy.
The planet pebbounerth has joined the galaxy.
The planet pelnuawei has joined the galaxy.
The planet uzore has joined the galaxy.
The planet polvoth has joined the galaxy.
The planet eirus has joined the galaxy.
The planet oanides has joined the galaxy.
The planet senoria has joined the galaxy.
The planet brupiter has joined the galaxy.
The planet moreX1ZC has joined the galaxy.
The planet broneC1H has joined the galaxy.
The planet cidraocarro has joined the galaxy.
The planet kamuitov has joined the galaxy.
The planet utrurn has joined the galaxy.
The planet anrichi has joined the galaxy.
The planet aenides has joined the galaxy.
The planet iumia has joined the galaxy.
The planet theyonia has joined the galaxy.
The planet drunonus has joined the galaxy.
The planet llillon08 has joined the galaxy.
The planet breshanIT42 has joined the galaxy.
The planet colraelia has joined the galaxy.
The planet mizuiruta has joined the galaxy.
The planet ebbolla has joined the galaxy.
The planet gelyria has joined the galaxy.
The planet eagantu has joined the galaxy.
The planet hiunov has joined the galaxy.
The planet drorilia has joined the galaxy.
The planet crivucury has joined the galaxy.
The planet thion7CB has joined the galaxy.
The planet gichiX4K has joined the galaxy.
The planet bigniacarro has joined the galaxy.
The planet lulreonus has joined the galaxy.
The planet phokuthea has been eaten by the vortex.
The planet oanides has been eaten by the vortex.
The planet saloarus has joined the galaxy.
The planet dabrenus has joined the galaxy.
NAME: siyama
CLOSEST: ouvis and gonnomia
SHIELDS: 1 1 1 1 1 1 1 1 1 1 
KILLED: 0
The planet agnippe has been eaten by the vortex.
NAME: lochehiri
CLOSEST: mionZH8 and einia
SHIELDS: 1 1 1 1 1 1 1 1 1 1 1 1 1 1 1 1 1 1 
KILLED: 0
The planet triuwei has been eaten by the vortex.
NAME: cenvippe
CLOSEST: thegorth and denouhines
SHIELDS: 1 1 1 1 1 1 1 1 1 1 1 1 1 1 1 1 1 
KILLED: 0
NAME: crihephus
CLOSEST: charthG06 and ouvis
SHIELDS: 1 1 1 1 1 1 1 1 1 1 1 1 1 
KILLED: 0
The planet xolveoruta has joined the galaxy.
The planet culvaetera has joined the galaxy.
The planet niroria has been eaten by the vortex.
NAME: chiutis
CLOSEST: bigniacarro and iolara
SHIELDS: 1 1 1 1 
KILLED: 0
The planet maccuhines has joined the galaxy.
NAME: xobagua
CLOSEST: pitriea and bibratov
SHIELDS: 1 1 1 1 1 1 1 1 1 1 1 1 1 1 1 1 1 1 1 
KILLED: 0
A planet cannot have less than 4 shields!
The planet holmegantu has joined the galaxy.
The planet llikeria has been eaten by the vortex.
The planet drunonus has been eaten by the vortex.
NAME: pebbounerth
CLOSEST: pelnuawei and lulreonus
SHIELDS: 1 1 1 1 1 1 1 1 1 1 1 1 1 1 1 1 1 1 1 
KILLED: 0
The planet tethatera has joined the galaxy.
The planet thibiutania has been eaten by the vortex.
NAME: iumia
CLOSEST: dabrenus and aenides
SHIELDS: 1 1 1 1 1 1 1 1 1 0 1 1 1 1 
KILLED: 0
NAME: anrichi
CLOSEST: aenides and utrurn
SHIELDS: 1 1 1 1 
KILLED: 0
NAME: bigniacarro
CLOSEST: phosieNHT and chiutis
SHIELDS: 1 1 1 1 1 1 1 1 2 1 1 1 1 
KILLED: 0
The planet iolara has been eaten by the vortex.
The planet kamuitov has been eaten by the vortex.
The planet zivaihiri has joined the galaxy.
NAME: zaguaXKT
CLOSEST: xeneilia and mionZH8
SHIELDS: 1 1 1 1 1 1 1 1 1 1 1 1 1 1 1 1 1 1 2 
KILLED: 0
The planet dosieN4CN has been eaten by the vortex.
NAME: eirus
CLOSEST: senoria and maccuhines
SHIELDS: 1 1 1 1 1 1 1 1 1 1 1 
KILLED: 0
NAME: vogawa
CLOSEST: culvaetera and zivaihiri
SHIELDS: 1 1 1 1 1 1 1 1 1 1 1 1 1 
KILLED: 0
The planet nilnouria has joined the galaxy.
NAME: gouturn
CLOSEST: struapra and saloarus
SHIELDS: 1 1 1 1 1 
KILLED: 0
The planet cenvippe has been eaten by the vortex.
The planet phosieNHT has been eaten by the vortex.
The planet cicceulara has joined the galaxy.
NAME: ebbolla
CLOSEST: gelyria and mizuiruta
SHIELDS: 1 1 1 1 1 
KILLED: 0
The planet viezuno has been eaten by the vortex.
NAME: batrerth
CLOSEST: uyama and vankilles
SHIELDS: 1 1 1 1 1 1 1 1 1 1 1 1 1 
KILLED: 0
The planet umithea has joined the galaxy.
NAME: zivaihiri
CLOSEST: vogawa and tuphus
SHIELDS: 1 1 1 1 1 1 1 1 1 1 1 
KILLED: 0
The planet tociunope has joined the galaxy.
The planet sippeL325 has been eaten by the vortex.
NAME: breshanIT42
CLOSEST: colraelia and llillon08
SHIELDS: 1 1 1 1 1 1 1 1 1 
KILLED: 0
The planet tanziaturn has joined the galaxy.
The planet mionZH8 has been eaten by the vortex.
The planet cicceulara has been eaten by the vortex.
The planet kibrinerth has joined the galaxy.
The planet robienope has joined the galaxy.
The planet kinkyke has been eaten by the vortex.
The planet mizuiruta has been eaten by the vortex.
The planet lonrinus has joined the galaxy.
The planet xeceter has joined the galaxy.
The planet thochiepra has joined the galaxy.
NAME: culvaetera
CLOSEST: nemunus and vogawa
SHIELDS: 1 1 1 1 1 1 1 1 1 1 1 1 
KILLED: 0
The planet yubranides has joined the galaxy.
The planet nilnouria has been eaten by the vortex.
The planet vazaehiri has joined the galaxy.
The planet udrietis has joined the galaxy.
The planet anzerilia has joined the galaxy.
The planet dugantu has been eaten by the vortex.
The planet pebbounerth has been eaten by the vortex.
NAME: senoria
CLOSEST: brupiter and eirus
SHIELDS: 3 1 1 1 1 
KILLED: 0
NAME: munvuewei
CLOSEST: uluemia and brionR7W
SHIELDS: 1 1 1 1 1 1 
KILLED: 0
The planet zunzatov has joined the galaxy.
The planet daneogantu has joined the galaxy.
NAME: zaguaXKT
CLOSEST: xeneilia and lochehiri
SHIELDS: 1 1 1 1 1 1 1 1 1 1 1 1 1 1 1 1 1 1 2 
KILLED: 0
NAME: xeceter
CLOSEST: lochehiri and einia
SHIELDS: 1 1 1 1 1 1 1 1 1 1 
KILLED: 0
The planet crivucury has been eaten by the vortex.
The planet sigonus has joined the galaxy.
The planet gulriwei has joined the galaxy.
The planet sagrauliv has joined the galaxy.
The planet stronitera has been eaten by the vortex.
The planet belvievis has joined the galaxy.
The planet deonIF5U has been eaten by the vortex.
The planet thaduebos has joined the galaxy.
NAME: denouhines
CLOSEST: thegorth and enralea
SHIELDS: 1 1 2 0 1 1 1 0 1 1 
KILLED: 0
The planet munvuewei has been eaten by the vortex.
The planet dabrenus has been eaten by the vortex.
The planet pandotera has joined the galaxy.
NAME: vankilles
CLOSEST: batrerth and yalmeonov
SHIELDS: 1 1 1 1 1 1 1 1 1 1 1 1 1 1 1 
KILLED: 0
The planet tethatera has been eaten by the vortex.
NAME: zivaihiri
CLOSEST: yubranides and tuphus
SHIELDS: 1 1 1 1 1 1 1 1 1 1 1 
KILLED: 0
The planet gulriwei has been eaten by the vortex.
The planet elroiphus has joined the galaxy.
NAME: moreX1ZC
CLOSEST: broneC1H and brupiter
SHIELDS: 1 1 1 0 1 1 1 1 1 1 1 1 1 1 1 
KILLED: 0
The planet obreunides has joined the galaxy.
The planet eirus has been eaten by the vortex.
NAME: kibrinerth
CLOSEST: zunzatov and gnaguaU
SHIELDS: 1 1 1 1 1 1 1 1 1 
KILLED: 0
NAME: lulreonus
CLOSEST: pelnuawei and bigniacarro
SHIELDS: 1 1 1 1 1 1 1 
KILLED: 0
NAME: zivaihiri
CLOSEST: yubranides and tuphus
SHIELDS: 1 1 1 1 1 1 1 1 1 1 1 
KILLED: 0
The planet xankotania has joined the galaxy.
The planet vazaehiri has been eaten by the vortex.
A planet cannot have less than 4 shields!
The planet imaupra has joined the galaxy.
The planet pandotera has been eaten by the vortex.
NAME: gichiX4K
CLOSEST: enralea and thion7CB
SHIELDS: 1 3 1 1 1 1 
KILLED: 0
A planet cannot have less than 4 shields!
The planet talobos has been eaten by the vortex.
NAME: anrichi
CLOSEST: tociunope and utrurn
SHIELDS: 1 0 1 1 
KILLED: 0
The planet broneC1H has imploded.
The planet pelnuawei has been eaten by the vortex.
The planet sigonus has been eaten by the vortex.
NAME: brupiter
CLOSEST: moreX1ZC and senoria
SHIELDS: 1 1 1 1 3 0 1 
KILLED: 0
The planet thecriogawa has joined the galaxy.
The planet denouhines has been eaten by the vortex.
NAME: daneogantu
CLOSEST: robienope and gelyria
SHIELDS: 1 1 1 1 1 1 1 1 1 1 1 1 1 1 
KILLED: 0
The planet ovion has been eaten by the vortex.
NAME: theyonia
CLOSEST: llillon08 and iumia
SHIELDS: 1 1 0 1 1 1 1 1 
KILLED: 0
The planet kalmiugawa has joined the galaxy.
The planet mapusNBH has imploded.
The planet zelrobos has joined the galaxy.
The planet robienope has been eaten by the vortex.
The planet anrichi has imploded.
NAME: imaupra
CLOSEST: aenides and tociunope
SHIELDS: 1 1 1 1 1 1 
KILLED: 0
NAME: lulreonus
CLOSEST: uzore and bigniacarro
SHIELDS: 1 1 1 1 1 1 1 
KILLED: 0
NAME: gnaguaU
CLOSEST: kibrinerth and nemunus
SHIELDS: 1 1 1 1 1 1 1 1 1 1 1 1 1 1 1 
KILLED: 0
The planet vohotania has been eaten by the vortex.
The planet apheavis has joined the galaxy.
The planet drypso6VN0 has imploded.
The planet kinzailara has joined the galaxy.
The planet kalmiugawa has been eaten by the vortex.
The planet molliumia has joined the galaxy.
Shield out of bounds!
NAME: yigawa
CLOSEST: modunerth and cunia
SHIELDS: 1 1 1 1 1 1 1 1 1 1 1 1 1 1 1 1 
KILLED: 0
Shield out of bounds!
The planet cidraocarro has been eaten by the vortex.
NAME: arilia
CLOSEST: vodubos and xankotania
SHIELDS: 1 1 1 2 
KILLED: 0
The planet magneatera has joined the galaxy.
The planet xuguliv has joined the galaxy.
NAME: imaupra
CLOSEST: aenides and tociunope
SHIELDS: 1 0 1 1 1 1 
KILLED: 0
The planet tuverilia has joined the galaxy.
Shield out of bounds!
The planet drorilia has been eaten by the vortex.
The planet agriephus has joined the galaxy.
The planet alluwei has been eaten by the vortex.
The planet kindoinides has joined the galaxy.
The planet yedreyama has joined the galaxy.
The planet tanziaturn has been eaten by the vortex.
Shield out of bounds!
The planet batrerth has been eaten by the vortex.
NAME: chusinov
CLOSEST: udrietis and zechiter
SHIELDS: 1 1 1 2 1 1 1 1 1 1 1 1 1 1 1 1 1 1 1 
KILLED: 0
The planet holmegantu has been eaten by the vortex.
NAME: gonnomia
CLOSEST: siyama and pecion
SHIELDS: 2 1 1 1 1 1 1 2 1 1 1 1 1 
KILLED: 0
The planet vankilles has been eaten by the vortex.
The planet cugniuhines has joined the galaxy.
The planet chalruaruta has joined the galaxy.
The planet tuphus has been eaten by the vortex.
The planet chonnierus has joined the galaxy.
The planet tuciehiri has been eaten by the vortex.
NAME: iumia
CLOSEST: theyonia and aenides
SHIELDS: 1 1 1 1 1 0 1 1 1 1 1 1 1 1 2 
KILLED: 0
NAME: zelrobos
CLOSEST: lonrinus and nollypso
SHIELDS: 1 1 1 1 1 1 1 1 1 1 1 1 1 1 1 
KILLED: 0
NAME: maccuhines
CLOSEST: obreunides and polvoth
SHIELDS: 1 1 1 1 1 1 1 1 1 1 1 1 1 2 
KILLED: 0
The planet polvoth has been eaten by the vortex.
The planet uluemia has been eaten by the vortex.
The planet brionR7W has been eaten by the vortex.
Shield out of bounds!
The planet imaupra has imploded.
The planet tociunope has imploded.
The planet iumia has been eaten by the vortex.
The planet sunrinia has joined the galaxy.
The planet breshanIT42 has been eaten by the vortex.
The planet lulreonus has been eaten by the vortex.
NAME: agriephus
CLOSEST: enralea and gichiX4K
SHIELDS: 1 1 1 1 1 1 1 1 1 1 2 
KILLED: 0
NAME: ebbolla
CLOSEST: gelyria and colraelia
SHIELDS: 1 1 1 0 1 
KILLED: 0
The planet nemunus has imploded.
Shield out of bounds!
The planet ebbolla has imploded.
Shield out of bounds!
The planet cugniuhines has been eaten by the vortex.
The planet laduclite has joined the galaxy.
NAME: xolveoruta
CLOSEST: numilles and thochiepra
SHIELDS: 1 1 2 0 
KILLED: 0
The planet apheavis has been eaten by the vortex.
The planet moreX1ZC has imploded.
The planet hilverilia has joined the galaxy.
The planet obbiehines has joined the galaxy.
The planet tulvuayama has joined the galaxy.
The planet castrulara has joined the galaxy.
The planet obreunides has been eaten by the vortex.
NAME: hiunov
CLOSEST: anzerilia and eagantu
SHIELDS: 1 1 1 1 1 1 1 1 1 1 1 1 1 1 
KILLED: 0
NAME: siyama
CLOSEST: ouvis and gonnomia
SHIELDS: 1 1 0 1 1 1 1 1 1 1 
KILLED: 0
The planet signotera has joined the galaxy.
NAME: kindoinides
CLOSEST: zechiter and chalruaruta
SHIELDS: 1 3 1 1 1 1 1 1 
KILLED: 0
The planet pulaoliv has joined the galaxy.
NAME: agriephus
CLOSEST: enralea and gichiX4K
SHIELDS: 1 1 0 1 1 1 1 1 1 2 
KILLED: 0
The planet yigawa has been eaten by the vortex.
The planet udrietis has imploded.
The planet chusinov has imploded.
Shield out of bounds!
The planet cillesM58 has been eaten by the vortex.
The planet kindoinides has been eaten by the vortex.
Shield out of bounds!
NAME: anzerilia
CLOSEST: kinzailara and hiunov
SHIELDS: 1 1 1 1 1 1 1 1 1 1 1 3 1 
KILLED: 0
The planet pulaoliv has been eaten by the vortex.
The planet theyonia has been eaten by the vortex.
The planet cegreilea has joined the galaxy.
The planet vagnerilia has joined the galaxy.
The planet maccuhines has imploded.
NAME: yedreyama
CLOSEST: hilverilia and belvievis
SHIELDS: 1 1 1 1 1 1 1 1 1 1 
KILLED: 0
NAME: arilia
CLOSEST: vodubos and xankotania
SHIELDS: 1 1 1 2 
KILLED: 0
The planet hiunov has been eaten by the vortex.
The planet yenuater has joined the galaxy.
The planet cegreilea has been eaten by the vortex.
The planet einia has been eaten by the vortex.
NAME: senoria
CLOSEST: brupiter and uzore
SHIELDS: 3 0 2 3 1 1 
KILLED: 1
NAME: lonope
CLOSEST: saloarus and uyama
SHIELDS: 1 1 1 1 
KILLED: 0
NAME: xuguliv
CLOSEST: umithea and laduclite
SHIELDS: 1 1 1 1 1 1 1 1 1 1 1 1 1 
KILLED: 0
The planet yedreyama has been eaten by the vortex.
Shield out of bounds!
The planet chuzaihiri has joined the galaxy.
NAME: chalruaruta
CLOSEST: zechiter and thecriogawa
SHIELDS: 2 0 1 1 1 
KILLED: 0
The planet lorthQS has been eaten by the vortex.
NAME: lochehiri
CLOSEST: zaguaXKT and xeceter
SHIELDS: 1 2 1 1 1 1 1 1 1 1 1 1 0 1 1 1 1 1 
KILLED: 0
The planet llillon08 has imploded.
The planet himogantu has joined the galaxy.
The planet thion7CB has imploded.
The planet kinzailara has imploded.
The planet gongeocarro has joined the galaxy.
The planet enkigawa has joined the galaxy.
The planet yubranides has been eaten by the vortex.
The planet gnaguaU has imploded.
NAME: sagrauliv
CLOSEST: obbiehines and vubeitania
SHIELDS: 1 1 1 1 1 1 2 
KILLED: 0
NAME: elroiphus
CLOSEST: xeceter and tuverilia
SHIELDS: 1 1 1 2 1 1 
KILLED: 0
The planet gelyria has been eaten by the vortex.
The planet mibraonia has joined the galaxy.
Shield out of bounds!
The planet siyama has been eaten by the vortex.
The planet lochehiri has imploded.
The planet isaetune has joined the galaxy.
The planet mibraonia has been eaten by the vortex.
Shield out of bounds!
The planet nollypso has been eaten by the vortex.
The planet cephioter has joined the galaxy.
The planet lonrinus has been eaten by the vortex.
The planet xankotania has been eaten by the vortex.
The planet gotreuvis has joined the galaxy.
NAME: modunerth
CLOSEST: thaduebos and himogantu
SHIELDS: 1 1 1 1 0 1 1 1 1 0 1 1 1 1 1 0 1 1 1 2 
KILLED: 0
The planet datroanus has joined the galaxy.
The planet thuzearia has joined the galaxy.
The planet saloarus has been eaten by the vortex.
NAME: struapra
CLOSEST: cephioter and gouturn
SHIELDS: 1 1 3 1 0 1 1 1 1 1 1 2 3 1 1 1 1 1 
KILLED: 0
The planet chuzaihiri has been eaten by the vortex.
Shield out of bounds!
The planet utrurn has been eaten by the vortex.
The planet datroanus has been eaten by the vortex.
Shield out of bounds!
NAME: yenuater
CLOSEST: ouvis and gonnomia
SHIELDS: 1 1 1 1 1 1 1 1 1 1 1 1 1 1 
KILLED: 0
The planet ouvis has been eaten by the vortex.
The planet castrulara has imploded.
The planet kibrinerth has imploded.
The planet edionerth has joined the galaxy.
The planet nonveonerth has joined the galaxy.
NAME: vodubos
CLOSEST: vagnerilia and arilia
SHIELDS: 1 1 2 2 1 1 1 1 0 1 1 
KILLED: 0
NAME: bigniacarro
CLOSEST: uzore and chiutis
SHIELDS: 1 1 1 1 1 3 1 1 1 3 1 0 1 
KILLED: 0
Shield out of bounds!
Shield out of bounds!
NAME: umithea
CLOSEST: uyama and xuguliv
SHIELDS: 1 1 1 1 1 1 1 1 
KILLED: 0
The planet numilles has been eaten by the vortex.
The planet bigniacarro has been eaten by the vortex.
The planet anregawa has joined the galaxy.
NAME: arilia
CLOSEST: anregawa and thegorth
SHIELDS: 1 1 1 2 
KILLED: 0
The planet cugiulara has joined the galaxy.
Shield out of bounds!
The planet gullenus has joined the galaxy.
The planet zinguclite has joined the galaxy.
The planet gonnomia has imploded.
The planet crihephus has been eaten by the vortex.
The planet chalruaruta has imploded.
The planet pethaturn has joined the galaxy.
Shield out of bounds!
The planet thegorth has been eaten by the vortex.
The planet zephaibos has joined the galaxy.
The planet sunrinia has imploded.
The planet aenides has imploded.
Shield out of bounds!
A planet cannot have less than 4 shields!
The planet tenrienides has joined the galaxy.
The planet vogawa has been eaten by the vortex.
The planet hilverilia has been eaten by the vortex.
The planet umithea has imploded.
The planet xuguliv has imploded.
The planet culvaetera has been eaten by the vortex.
The planet xolveoruta has been eaten by the vortex.
NAME: xobagua
CLOSEST: molliumia and bibratov
SHIELDS: 1 1 1 1 1 1 1 1 3 1 1 1 1 1 1 1 1 1 1 
KILLED: 0
NAME: zechiter
CLOSEST: tenrienides and thecriogawa
SHIELDS: 0 1 1 1 1 1 1 1 1 1 1 0 1 1 1 1 
KILLED: 1
The planet ruthostea has joined the galaxy.
The planet cilvitune has joined the galaxy.
The planet xeceter has been eaten by the vortex.
The planet mestranides has joined the galaxy.
The planet ugnurus has joined the galaxy.
The planet enkigawa has been eaten by the vortex.
NAME: brupiter
CLOSEST: colraelia and senoria
SHIELDS: 1 0 1 1 3 0 2 
KILLED: 1
The planet olvuelia has joined the galaxy.
NAME: yenuater
CLOSEST: charthG06 and pecion
SHIELDS: 1 1 1 0 1 1 1 1 1 1 1 1 1 1 
KILLED: 1
The planet zinguclite has been eaten by the vortex.
The planet laduclite has been eaten by the vortex.
NAME: charthG06
CLOSEST: zanov and yenuater
SHIELDS: 1 2 1 1 0 
KILLED: 0
The planet rucriturn has joined the galaxy.
NAME: vagnerilia
CLOSEST: bibratov and vodubos
SHIELDS: 1 1 1 1 1 1 1 1 1 1 1 1 1 
KILLED: 0
The planet chiutis has imploded.
The planet ithaobos has joined the galaxy.
The planet brupiter has imploded.
NAME: senoria
CLOSEST: colraelia and olvuelia
SHIELDS: 3 1 1 0 3 0 2 
KILLED: 2
The planet modunerth has been eaten by the vortex.
Shield out of bounds!
NAME: vubeitania
CLOSEST: sagrauliv and gongeocarro
SHIELDS: 1 1 1 3 1 1 
KILLED: 0
The planet onnuizuno has joined the galaxy.
The planet ugnurus has been eaten by the vortex.
The planet ristrurilia has joined the galaxy.
The planet nonveonerth has been eaten by the vortex.
The planet xalnigantu has joined the galaxy.
NAME: cephioter
CLOSEST: belvievis and edionerth
SHIELDS: 1 1 1 1 1 1 1 1 1 1 1 1 2 
KILLED: 0
The planet ankerus has joined the galaxy.
NAME: edionerth
CLOSEST: cephioter and struapra
SHIELDS: 1 1 1 1 1 1 
KILLED: 0
NAME: magneatera
CLOSEST: zunzatov and zivaihiri
SHIELDS: 1 2 1 1 1 1 1 1 1 1 1 
KILLED: 0
NAME: zephaibos
CLOSEST: olvuelia and ankerus
SHIELDS: 1 1 1 1 
KILLED: 0
The planet gichiX4K has been eaten by the vortex.
NAME: zechiter
CLOSEST: tenrienides and thecriogawa
SHIELDS: 0 1 1 1 1 1 1 1 1 1 1 0 1 1 1 1 
KILLED: 1
NAME: thuzearia
CLOSEST: pitriea and signotera
SHIELDS: 1 1 0 1 1 1 1 
KILLED: 0
The planet ebbaustea has joined the galaxy.
The planet ruphaorus has joined the galaxy.
The planet xobagua has been eaten by the vortex.
Shield out of bounds!
The planet iniphus has joined the galaxy.
The planet somitania has joined the galaxy.
The planet thaduebos has been eaten by the vortex.
The planet rocaenope has joined the galaxy.
The planet struapra has imploded.
The planet ruthostea has been eaten by the vortex.
The planet thecriogawa has imploded.
The planet ankerus has been eaten by the vortex.
NAME: zaguaXKT
CLOSEST: xeneilia and elroiphus
SHIELDS: 1 1 0 0 1 1 1 1 1 1 0 1 1 1 1 1 2 2 1 1 1 
KILLED: 1
Shield out of bounds!
The planet hecraewei has joined the galaxy.
NAME: gotreuvis
CLOSEST: gouturn and lonope
SHIELDS: 1 1 1 1 1 1 1 1 
KILLED: 0
The planet ezaemia has joined the galaxy.
The planet rongaicury has joined the galaxy.
The planet signotera has imploded.
The planet chankiunia has joined the galaxy.
The planet belvievis has been eaten by the vortex.
NAME: rocaenope
CLOSEST: ebbaustea and gouturn
SHIELDS: 1 1 1 1 1 1 1 1 1 1 1 1 
KILLED: 0
NAME: chankiunia
CLOSEST: tuverilia and taclite
SHIELDS: 1 1 1 3 1 1 1 1 1 
KILLED: 0
The planet sagrauliv has been eaten by the vortex.
The planet rucriturn has been eaten by the vortex.
The planet alvulara has joined the galaxy.
The planet cuvenus has joined the galaxy.
The planet tenrienides has imploded.
The planet hecraewei has imploded.
NAME: charthG06
CLOSEST: zanov and yenuater
SHIELDS: 1 2 1 1 0 
KILLED: 0
NAME: elroiphus
CLOSEST: zaguaXKT and ezaemia
SHIELDS: 1 0 1 2 1 1 1 
KILLED: 0
The planet lonope has been eaten by the vortex.
The planet gouturn has been eaten by the vortex.
NAME: zephaibos
CLOSEST: olvuelia and uzore
SHIELDS: 1 1 1 1 
KILLED: 0
NAME: vubeitania
CLOSEST: ithaobos and gongeocarro
SHIELDS: 2 1 1 3 1 1 
KILLED: 0
NAME: pecion
CLOSEST: yenuater and tulvuayama
SHIELDS: 1 0 0 1 1 1 
KILLED: 0
The planet pecion has imploded.
The planet tulvuayama has imploded.
The planet eleatania has joined the galaxy.
The planet nizearilia has joined the galaxy.
The planet zelrobos has been eaten by the vortex.
NAME: himogantu
CLOSEST: rongaicury and cunia
SHIELDS: 1 1 1 1 0 3 1 1 1 1 0 1 1 1 1 1 
KILLED: 0
A planet cannot have less than 4 shields!
The planet cankirus has joined the galaxy.
The planet molliumia has been eaten by the vortex.
NAME: taclite
CLOSEST: chankiunia and gullenus
SHIELDS: 1 1 1 2 3 0 1 1 1 1 1 1 1 1 1 0 1 1 1 2 
KILLED: 0
The planet chennaelea has joined the galaxy.
The planet thaphauthea has joined the galaxy.
The planet olvuelia has been eaten by the vortex.
The planet yenuater has imploded.
The planet ezaemia has been eaten by the vortex.
NAME: thuzearia
CLOSEST: pitriea and mestranides
SHIELDS: 1 1 0 1 1 1 1 
KILLED: 1
NAME: rocaenope
CLOSEST: ebbaustea and gotreuvis
SHIELDS: 1 1 1 1 1 1 1 1 1 1 1 1 
KILLED: 0
NAME: onnuizuno
CLOSEST: gongeocarro and zunzatov
SHIELDS: 1 1 1 1 2 
KILLED: 0
NAME: zunzatov
CLOSEST: onnuizuno and magneatera
SHIELDS: 1 1 3 1 1 1 1 1 1 1 
KILLED: 0
The planet revuiter has joined the galaxy.
Shield out of bounds!
NAME: elroiphus
CLOSEST: nizearilia and tuverilia
SHIELDS: 1 0 1 2 1 1 1 
KILLED: 0
The planet chennaelea has been eaten by the vortex.
NAME: gongeocarro
CLOSEST: vubeitania and onnuizuno
SHIELDS: 1 1 1 1 1 1 1 1 
KILLED: 0
The planet lonnecury has joined the galaxy.
The planet chephilara has joined the galaxy.
The planet colraelia has imploded.
The planet cankirus has been eaten by the vortex.
NAME: taclite
CLOSEST: chankiunia and gullenus
SHIELDS: 1 1 1 2 3 0 1 1 1 1 1 1 1 1 1 0 1 1 1 2 
KILLED: 0
The planet elroiphus has imploded.
The planet tuverilia has imploded.
NAME: zanov
CLOSEST: cugiulara and charthG06
SHIELDS: 1 1 1 1 
KILLED: 0
The planet isaetune has been eaten by the vortex.
Shield out of bounds!
The planet zephaibos has imploded.
The planet uzore has imploded.
Shield out of bounds!
The planet chankiunia has been eaten by the vortex.
NAME: mestranides
CLOSEST: thuzearia and xalnigantu
SHIELDS: 1 1 1 1 1 1 1 1 1 0 1 1 
KILLED: 0
A planet cannot have less than 4 shields!
The planet mestranides has been eaten by the vortex.
The planet acaonia has joined the galaxy.
The planet magneatera has been eaten by the vortex.
The planet sastreurilia has joined the galaxy.
The planet motruapra has joined the galaxy.
The planet gendianus has joined the galaxy.
NAME: sastreurilia
CLOSEST: zechiter and cephioter
SHIELDS: 1 1 1 1 
KILLED: 0
Shield out of bounds!
NAME: xeneilia
CLOSEST: charthG06 and zaguaXKT
SHIELDS: 1 1 0 1 1 1 1 1 1 2 1 1 
KILLED: 0
NAME: nizearilia
CLOSEST: zaguaXKT and taclite
SHIELDS: 1 1 1 1 1 1 1 1 1 1 1 1 1 
KILLED: 0
The planet darthIY7 has imploded.
The planet runduter has joined the galaxy.
The planet zocugawa has joined the galaxy.
The planet zanov has been eaten by the vortex.
The planet thungoliv has joined the galaxy.
The planet zocugawa has been eaten by the vortex.
The planet acaonia has been eaten by the vortex.
The planet tolminope has joined the galaxy.
The planet ruphaorus has been eaten by the vortex.
The planet lustrapra has joined the galaxy.
The planet cenvaumia has joined the galaxy.
The planet cunia has been eaten by the vortex.
The planet taclite has been eaten by the vortex.
NAME: revuiter
CLOSEST: pethaturn and uyama
SHIELDS: 1 0 1 1 1 1 1 
KILLED: 0
The planet chephilara has been eaten by the vortex.
NAME: nizearilia
CLOSEST: zaguaXKT and gullenus
SHIELDS: 1 1 1 1 1 1 1 1 1 1 1 1 1 
KILLED: 0
The planet zechiter has been eaten by the vortex.
The planet pitriea has been eaten by the vortex.
NAME: thuzearia
CLOSEST: chonnierus and xalnigantu
SHIELDS: 1 0 0 1 1 1 1 1 
KILLED: 1
The planet nanguturn has joined the galaxy.
The planet begneoter has joined the galaxy.
NAME: ebbaustea
CLOSEST: edionerth and rocaenope
SHIELDS: 1 1 1 2 1 1 0 1 1 
KILLED: 1
NAME: ristrurilia
CLOSEST: nanguturn and rongaicury
SHIELDS: 1 1 1 1 1 1 1 1 1 1 1 1 1 
KILLED: 0
The planet sagnauhines has joined the galaxy.
The planet hubboilara has joined the galaxy.
NAME: anzerilia
CLOSEST: iniphus and eagantu
SHIELDS: 1 1 3 1 1 1 1 1 1 1 1 0 1 2 2 
KILLED: 0
NAME: rongaicury
CLOSEST: ristrurilia and thaphauthea
SHIELDS: 2 1 1 1 1 
KILLED: 0
NAME: vagnerilia
CLOSEST: bibratov and vodubos
SHIELDS: 1 1 1 1 1 1 1 1 1 1 1 1 1 
KILLED: 0
The planet yaguavis has joined the galaxy.
The planet calroliv has joined the galaxy.
The planet eleatania has been eaten by the vortex.
The planet cugiulara has been eaten by the vortex.
The planet cenvaumia has been eaten by the vortex.
The planet cephioter has been eaten by the vortex.
The planet kidainov has joined the galaxy.
The planet cilvitune has been eaten by the vortex.
NAME: gongeocarro
CLOSEST: vubeitania and onnuizuno
SHIELDS: 1 1 1 1 0 1 1 1 
KILLED: 0
The planet yaguavis has been eaten by the vortex.
The planet hechephus has joined the galaxy.
The planet eagantu has been eaten by the vortex.
The planet pistriotania has joined the galaxy.
NAME: edionerth
CLOSEST: sastreurilia and ebbaustea
SHIELDS: 1 1 1 2 1 
KILLED: 0
NAME: iniphus
CLOSEST: agriephus and anzerilia
SHIELDS: 1 1 1 1 2 
KILLED: 0
NAME: tolminope
CLOSEST: somitania and charthG06
SHIELDS: 1 0 3 1 1 
KILLED: 0
The planet onnuilara has joined the galaxy.
The planet uyama has been eaten by the vortex.
NAME: chonnierus
CLOSEST: himogantu and thuzearia
SHIELDS: 2 2 1 1 0 1 1 0 1 1 1 2 
KILLED: 1
The planet thuzearia has imploded.
NAME: gotreuvis
CLOSEST: rocaenope and motruapra
SHIELDS: 1 1 0 1 1 1 1 1 
KILLED: 0
The planet ebbaustea has been eaten by the vortex.
The planet gotreuvis has imploded.
The planet motruapra has imploded.
NAME: zivaihiri
CLOSEST: zunzatov and somitania
SHIELDS: 1 1 1 1 1 1 1 1 1 1 1 1 
KILLED: 0
NAME: senoria
CLOSEST: daneogantu and hubboilara
SHIELDS: 0 2 2 5 1 1 1 3 
KILLED: 2
NAME: nanguturn
CLOSEST: cuvenus and ristrurilia
SHIELDS: 1 1 1 1 1 1 1 1 1 1 1 1 
KILLED: 0
The planet thinziulia has joined the galaxy.
NAME: ristrurilia
CLOSEST: nanguturn and rongaicury
SHIELDS: 1 1 1 1 1 1 1 1 1 1 1 1 1 
KILLED: 0
NAME: revuiter
CLOSEST: pethaturn and yalmeonov
SHIELDS: 1 0 1 1 1 1 1 
KILLED: 0
NAME: lonnecury
CLOSEST: rocaenope and pethaturn
SHIELDS: 1 0 1 1 1 
KILLED: 0
The planet yestreacarro has joined the galaxy.
The planet alvulara has been eaten by the vortex.
The planet lonnecury has imploded.
The planet pethaturn has imploded.
NAME: gullenus
CLOSEST: pistriotania and thochiepra
SHIELDS: 1 2 1 3 1 1 1 1 1 1 1 1 
KILLED: 0
The planet volmihines has joined the galaxy.
The planet tibbaurilia has joined the galaxy.
NAME: senoria
CLOSEST: daneogantu and hubboilara
SHIELDS: 1 1 3 0 2 2 5 1 
KILLED: 2
NAME: tibbaurilia
CLOSEST: hubboilara and sastreurilia
SHIELDS: 1 1 1 1 1 1 1 1 1 1 1 1 1 1 
KILLED: 0
The planet himogantu has been eaten by the vortex.
The planet chonnierus has imploded.
The planet obbiuturn has joined the galaxy.
The planet almitera has joined the galaxy.
The planet anzerilia has been eaten by the vortex.
The planet obbiuturn has been eaten by the vortex.
NAME: gullenus
CLOSEST: pistriotania and thochiepra
SHIELDS: 1 2 1 3 1 1 1 1 1 1 1 1 
KILLED: 0
The planet gibaolea has joined the galaxy.
NAME: zaguaXKT
CLOSEST: sagnauhines and nizearilia
SHIELDS: 1 2 2 1 1 2 1 0 0 1 1 1 1 1 1 0 1 1 1 1 
KILLED: 1
NAME: ithaobos
CLOSEST: begneoter and vubeitania
SHIELDS: 3 0 1 1 1 1 1 1 1 
KILLED: 0
The planet kidainov has been eaten by the vortex.
The planet vubeitania has been eaten by the vortex.
NAME: obbiehines
CLOSEST: thungoliv and runduter
SHIELDS: 1 3 1 1 1 1 1 2 1 1 1 
KILLED: 0
The planet gendianus has imploded.
The planet vagnerilia has been eaten by the vortex.
The planet cuvenus has imploded.
NAME: revuiter
CLOSEST: rocaenope and yalmeonov
SHIELDS: 1 0 1 1 1 1 1 
KILLED: 0
The planet nallieyama has joined the galaxy.
The planet ristrurilia has been eaten by the vortex.
The planet daneogantu has imploded.
The planet rongaicury has been eaten by the vortex.
NAME: somitania
CLOSEST: zivaihiri and volmihines
SHIELDS: 1 1 1 1 1 1 
KILLED: 0
The planet onnuilara has been eaten by the vortex.
NAME: zivaihiri
CLOSEST: nallieyama and somitania
SHIELDS: 1 1 1 1 1 1 1 1 1 1 
KILLED: 0
NAME: charthG06
CLOSEST: tolminope and yestreacarro
SHIELDS: 1 1 1 1 0 
KILLED: 0
NAME: hubboilara
CLOSEST: senoria and tibbaurilia
SHIELDS: 1 1 1 2 1 1 1 1 1 1 1 1 1 1 
KILLED: 0
The planet xichialia has joined the galaxy.
The planet egnoaturn has joined the galaxy.
NAME: thaphauthea
CLOSEST: nanguturn and xalnigantu
SHIELDS: 1 1 1 1 1 1 
KILLED: 0
The planet mesouria has joined the galaxy.
The planet xeneilia has imploded.
NAME: tibbaurilia
CLOSEST: hubboilara and sastreurilia
SHIELDS: 1 1 1 1 1 1 1 1 1 1 1 1 0 1 
KILLED: 0
The planet yestreacarro has imploded.
NAME: calroliv
CLOSEST: thinziulia and zunzatov
SHIELDS: 1 2 1 1 1 1 0 1 1 1 
KILLED: 1
The planet iniphus has been eaten by the vortex.
A planet cannot have less than 4 shields!
NAME: agriephus
CLOSEST: enralea and senoria
SHIELDS: 2 1 2 1 0 2 1 1 1 1 
KILLED: 0
The planet yadaiphus has joined the galaxy.
NAME: gongeocarro
CLOSEST: ithaobos and onnuizuno
SHIELDS: 1 1 1 1 0 1 1 1 1 
KILLED: 0
The planet regnaeria has joined the galaxy.
NAME: begneoter
CLOSEST: lustrapra and ithaobos
SHIELDS: 1 3 1 1 1 1 1 1 1 1 1 1 1 2 
KILLED: 0
The planet regnaeria has imploded.
The planet xichialia has imploded.
NAME: edionerth
CLOSEST: sastreurilia and rocaenope
SHIELDS: 1 1 2 2 2 
KILLED: 0
NAME: yalmeonov
CLOSEST: revuiter and thungoliv
SHIELDS: 2 3 1 2 
KILLED: 0
The planet kanguizuno has joined the galaxy.
NAME: gongeocarro
CLOSEST: ithaobos and onnuizuno
SHIELDS: 1 1 1 1 0 1 1 1 1 
KILLED: 0
NAME: gullenus
CLOSEST: pistriotania and thochiepra
SHIELDS: 1 1 1 1 1 1 1 1 2 1 2 1 
KILLED: 0
The planet hubboilara has been eaten by the vortex.
NAME: volmihines
CLOSEST: somitania and tolminope
SHIELDS: 1 1 1 1 1 1 1 1 1 1 
KILLED: 0
The planet rulminov has joined the galaxy.
The planet vubuitis has joined the galaxy.
NAME: zaguaXKT
CLOSEST: sagnauhines and nizearilia
SHIELDS: 0 1 1 1 1 1 1 0 1 1 1 1 1 1 2 2 3 1 2 1 0 
KILLED: 1
A planet cannot have less than 4 shields!
The planet menkouturn has joined the galaxy.
NAME: yalmeonov
CLOSEST: menkouturn and thungoliv
SHIELDS: 2 3 1 2 
KILLED: 0
The planet nanguturn has been eaten by the vortex.
The planet hilraitis has joined the galaxy.
The planet penrielara has joined the galaxy.
The planet inreigawa has joined the galaxy.
The planet onvatune has joined the galaxy.
NAME: zivaihiri
CLOSEST: nallieyama and somitania
SHIELDS: 1 1 1 1 1 1 1 1 1 1 
KILLED: 0
The planet bibratov has been eaten by the vortex.
NAME: thungoliv
CLOSEST: yalmeonov and obbiehines
SHIELDS: 1 1 1 1 1 2 0 2 
KILLED: 0
The planet dolepra has joined the galaxy.
The planet runduter has imploded.
NAME: thinziulia
CLOSEST: gibaolea and calroliv
SHIELDS: 1 1 1 1 1 1 1 1 1 0 1 1 1 1 2 
KILLED: 0
The planet lustrapra has been eaten by the vortex.
The planet inreigawa has been eaten by the vortex.
The planet oziatis has joined the galaxy.
The planet kanguizuno has been eaten by the vortex.
Shield out of bounds!
NAME: yalmeonov
CLOSEST: menkouturn and thungoliv
SHIELDS: 2 3 1 2 
KILLED: 0
Shield out of bounds!
The planet zechezuno has joined the galaxy.
NAME: nallieyama
CLOSEST: zechezuno and zivaihiri
SHIELDS: 3 1 1 0 1 
KILLED: 0
The planet gullenus has been eaten by the vortex.
The planet zechezuno has been eaten by the vortex.
The planet dolepra has been eaten by the vortex.
The planet pistriotania has been eaten by the vortex.
The planet yalmeonov has been eaten by the vortex.
A planet cannot have less than 4 shields!
The planet thungoliv has imploded.
The planet obbiehines has imploded.
NAME: xalnigantu
CLOSEST: onvatune and vodubos
SHIELDS: 1 1 1 1 1 1 1 1 1 1 1 1 
KILLED: 1
Shield out of bounds!
The planet badraturn has joined the galaxy.
The planet zivaihiri has been eaten by the vortex.
The planet xalnigantu has been eaten by the vortex.
A planet cannot have less than 4 shields!
The planet gubbuanope has joined the galaxy.
The planet halruvis has joined the galaxy.
NAME: rulminov
CLOSEST: nizearilia and penrielara
SHIELDS: 1 1 1 1 1 1 1 1 1 1 1 1 1 
KILLED: 0
The planet kiphutune has joined the galaxy.
The planet yesoutera has joined the galaxy.
NAME: gubbuanope
CLOSEST: hechephus and thochiepra
SHIELDS: 1 1 1 1 1 1 1 1 1 1 1 1 1 
KILLED: 0
The planet charthG06 has imploded.
The planet esatov has joined the galaxy.
Shield out of bounds!
The planet nizearilia has been eaten by the vortex.
The planet hazenov has joined the galaxy.
The planet zenvohines has joined the galaxy.
NAME: hilraitis
CLOSEST: somitania and volmihines
SHIELDS: 1 1 1 1 1 1 1 1 1 1 
KILLED: 0
The planet agriephus has been eaten by the vortex.
The planet obbenope has joined the galaxy.
The planet mulviphus has joined the galaxy.
The planet hangeuthea has joined the galaxy.
Shield out of bounds!
The planet yithanus has joined the galaxy.
Shield out of bounds!
The planet sastreurilia has been eaten by the vortex.
The planet bebbotera has joined the galaxy.
NAME: obbenope
CLOSEST: rocaenope and revuiter
SHIELDS: 1 1 1 1 1 1 1 1 1 1 1 
KILLED: 0
The planet sonvacarro has joined the galaxy.
NAME: bebbotera
CLOSEST: nallieyama and yithanus
SHIELDS: 1 1 1 1 
KILLED: 0
NAME: almitera
CLOSEST: zunzatov and nallieyama
SHIELDS: 1 0 1 1 
KILLED: 0
The planet hilraitis has been eaten by the vortex.
The planet yadaiphus has been eaten by the vortex.
Shield out of bounds!
The planet penrielara has imploded.
NAME: egnoaturn
CLOSEST: tolminope and sagnauhines
SHIELDS: 1 1 0 1 0 1 1 1 0 
KILLED: 1
The planet revuiter has been eaten by the vortex.
NAME: yesoutera
CLOSEST: edionerth and rocaenope
SHIELDS: 1 1 1 1 1 1 3 1 
KILLED: 0
The planet ralutis has joined the galaxy.
The planet senoria has been eaten by the vortex.
The planet vodubos has been eaten by the vortex.
NAME: kiphutune
CLOSEST: mulviphus and vubuitis
SHIELDS: 1 1 1 1 1 1 
KILLED: 0
The planet xiphaonia has joined the galaxy.
The planet tenraomia has joined the galaxy.
The planet calroliv has been eaten by the vortex.
Shield out of bounds!
The planet oziatis has been eaten by the vortex.
NAME: begneoter
CLOSEST: vubuitis and ithaobos
SHIELDS: 1 1 1 1 1 1 2 3 3 1 1 1 1 1 
KILLED: 0
The planet kubbayama has joined the galaxy.
A planet cannot have less than 4 shields!
The planet sagnauhines has been eaten by the vortex.
NAME: ralutis
CLOSEST: thaphauthea and onvatune
SHIELDS: 1 1 1 1 1 
KILLED: 0
The planet mosenerth has joined the galaxy.
The planet zenvohines has imploded.
NAME: mesouria
CLOSEST: onnuizuno and gibaolea
SHIELDS: 1 1 1 1 1 2 1 1 1 1 0 1 
KILLED: 0
The planet gubbuanope has imploded.
The planet bolvaicury has joined the galaxy.
NAME: onvatune
CLOSEST: ralutis and anregawa
SHIELDS: 1 1 1 1 2 1 1 
KILLED: 0
The planet ithaobos has been eaten by the vortex.
The planet egnoaturn has imploded.
The planet kubbayama has been eaten by the vortex.
The planet bebbotera has been eaten by the vortex.
NAME: rocaenope
CLOSEST: yesoutera and obbenope
SHIELDS: 1 1 1 1 3 1 1 1 1 1 
KILLED: 0
The planet onvatune has been eaten by the vortex.
The planet volmihines has been eaten by the vortex.
The planet rulminov has been eaten by the vortex.
The planet kiphutune has been eaten by the vortex.
NAME: badraturn
CLOSEST: tibbaurilia and hazenov
SHIELDS: 2 0 1 3 
KILLED: 0
The planet ethenides has joined the galaxy.
Shield out of bounds!
The planet uduiturn has joined the galaxy.
The planet zaguaXKT has been eaten by the vortex.
NAME: almitera
CLOSEST: zunzatov and nallieyama
SHIELDS: 0 1 1 1 
KILLED: 0
The planet xilriunus has joined the galaxy.
Shield out of bounds!
The planet onnuizuno has been eaten by the vortex.
The planet bolvaicury has been eaten by the vortex.
NAME: sonvacarro
CLOSEST: somitania and mosenerth
SHIELDS: 1 1 1 1 1 1 1 1 1 1 1 
KILLED: 0
The planet palrawei has joined the galaxy.
The planet mankepra has joined the galaxy.
The planet lolruphus has joined the galaxy.
The planet osicarro has joined the galaxy.
NAME: tenraomia
CLOSEST: gongeocarro and mesouria
SHIELDS: 1 1 1 1 1 1 1 1 1 1 1 
KILLED: 0
The planet ochiegawa has joined the galaxy.
Shield out of bounds!
The planet hangeuthea has imploded.
The planet xilriunus has been eaten by the vortex.
The planet gicciarilia has joined the galaxy.
NAME: nallieyama
CLOSEST: almitera and yithanus
SHIELDS: 1 3 1 1 
KILLED: 0
NAME: thinziulia
CLOSEST: gibaolea and zunzatov
SHIELDS: 1 1 1 1 1 1 1 0 1 1 1 1 2 1 1 
KILLED: 0
The planet sonvacarro has been eaten by the vortex.
The planet ulmuinerth has joined the galaxy.
NAME: menkouturn
CLOSEST: obbenope and mulviphus
SHIELDS: 1 1 2 1 1 1 1 1 1 2 2 
KILLED: 0
The planet yolmowei has joined the galaxy.
NAME: tenraomia
CLOSEST: gongeocarro and mesouria
SHIELDS: 1 1 1 1 1 1 1 1 1 1 1 
KILLED: 0
A planet cannot have less than 4 shields!
The planet xuchoatune has joined the galaxy.
NAME: menkouturn
CLOSEST: obbenope and xuchoatune
SHIELDS: 1 1 2 1 1 1 1 1 1 2 2 
KILLED: 0
NAME: gicciarilia
CLOSEST: xiphaonia and yesoutera
SHIELDS: 1 1 1 1 1 1 1 1 1 1 1 4 
KILLED: 0
The planet yithanus has been eaten by the vortex.
The planet mankepra has been eaten by the vortex.
The planet hechephus has been eaten by the vortex.
NAME: menkouturn
CLOSEST: obbenope and xuchoatune
SHIELDS: 1 1 2 1 1 1 1 1 1 2 2 
KILLED: 0
The planet almitera has been eaten by the vortex.
The planet palrawei has imploded.
The planet xiphaonia has been eaten by the vortex.
The planet cabbianides has joined the galaxy.
The planet hazenov has imploded.
The planet esatov has imploded.
Shield out of bounds!
NAME: rocaenope
CLOSEST: yesoutera and obbenope
SHIELDS: 1 1 1 1 1 1 1 3 1 1 
KILLED: 0
NAME: osicarro
CLOSEST: mulviphus and vubuitis
SHIELDS: 1 1 1 1 1 1 1 1 1 1 1 1 2 
KILLED: 0
NAME: osicarro
CLOSEST: mulviphus and vubuitis
SHIELDS: 1 1 1 1 1 1 1 1 1 1 1 1 2 
KILLED: 0
Shield out of bounds!
The planet mesouria has been eaten by the vortex.
NAME: xuchoatune
CLOSEST: menkouturn and mulviphus
SHIELDS: 1 1 1 1 1 1 1 1 1 
KILLED: 0
The planet rocaenope has been eaten by the vortex.
The planet rachorus has joined the galaxy.
NAME: ethenides
CLOSEST: nallieyama and somitania
SHIELDS: 1 1 1 1 1 1 0 1 1 1 
KILLED: 0
The planet gupheivis has joined the galaxy.
The planet abboabos has joined the galaxy.
The planet pollophus has joined the galaxy.
The planet vadruria has joined the galaxy.
Shield out of bounds!
NAME: yolmowei
CLOSEST: somitania and pollophus
SHIELDS: 1 1 1 0 1 1 1 1 1 1 1 1 
KILLED: 0
The planet icuenov has joined the galaxy.
NAME: somitania
CLOSEST: ethenides and yolmowei
SHIELDS: 0 1 1 2 1 1 1 
KILLED: 0
The planet ethenides has been eaten by the vortex.
The planet tilnuinus has joined the galaxy.
The planet thinziulia has imploded.
The planet xolnaria has joined the galaxy.
The planet zunzatov has imploded.
The planet gicciarilia has been eaten by the vortex.
Shield out of bounds!
The planet mosenerth has imploded.
The planet ulmuinerth has been eaten by the vortex.
The planet malleter has joined the galaxy.
The planet somitania has been eaten by the vortex.
NAME: begneoter
CLOSEST: ochiegawa and gongeocarro
SHIELDS: 3 3 2 1 1 1 1 1 1 1 1 1 1 2 1 
KILLED: 0
Shield out of bounds!
The planet kubralea has joined the galaxy.
The planet abboabos has imploded.
The planet oleulea has joined the galaxy.
The planet xuchoatune has been eaten by the vortex.
NAME: tilnuinus
CLOSEST: gibaolea and gupheivis
SHIELDS: 1 0 1 0 
KILLED: 2
The planet malleter has been eaten by the vortex.
NAME: kubralea
CLOSEST: edionerth and yesoutera
SHIELDS: 1 1 1 1 1 1 1 1 1 1 1 1 3 
KILLED: 0
The planet gongeocarro has imploded.
The planet hodaulea has joined the galaxy.
The planet nallieyama has imploded.
NAME: cabbianides
CLOSEST: tolminope and uduiturn
SHIELDS: 1 1 1 1 1 1 2 1 1 1 1 1 
KILLED: 0
The planet obbenope has been eaten by the vortex.
The planet vedrueruta has joined the galaxy.
The planet xeziamia has joined the galaxy.
The planet uduiturn has imploded.
The planet ubbaugawa has joined the galaxy.
The planet gelriupra has joined the galaxy.
The planet tilnuinus has imploded.
NAME: osicarro
CLOSEST: mulviphus and vubuitis
SHIELDS: 1 1 1 1 1 1 1 1 1 0 1 1 2 
KILLED: 0
NAME: badraturn
CLOSEST: tibbaurilia and icuenov
SHIELDS: 3 2 2 0 
KILLED: 0
NAME: pollophus
CLOSEST: yolmowei and tolminope
SHIELDS: 1 1 1 0 1 1 1 1 1 0 1 1 1 1 1 
KILLED: 1
The planet begneoter has been eaten by the vortex.
The planet osicarro has imploded.
The planet kubralea has been eaten by the vortex.
The planet menkouturn has been eaten by the vortex.
The planet xolnaria has been eaten by the vortex.
NAME: thochiepra
CLOSEST: cabbianides and ubbaugawa
SHIELDS: 2 2 5 0 0 1 1 1 2 0 1 1 2 
KILLED: 1
The planet simanerth has joined the galaxy.
The planet tolminope has been eaten by the vortex.
NAME: gupheivis
CLOSEST: gibaolea and vadruria
SHIELDS: 1 1 1 0 
KILLED: 1
The planet divunerth has joined the galaxy.
NAME: cabbianides
CLOSEST: pollophus and thochiepra
SHIELDS: 1 0 1 1 1 2 1 1 1 1 
KILLED: 1
The planet rezanus has joined the galaxy.
The planet rachorus has imploded.
The planet mulviphus has imploded.
The planet lugnuyama has joined the galaxy.
The planet yolmowei has been eaten by the vortex.
The planet pechiogawa has joined the galaxy.
Shield out of bounds!
The planet yesoutera has imploded.
The planet vubuitis has imploded.
NAME: edionerth
CLOSEST: icuenov and hodaulea
SHIELDS: 1 1 2 1 2 1 1 
KILLED: 0
The planet pitrocarro has joined the galaxy.
The planet culmephus has joined the galaxy.
NAME: thaphauthea
CLOSEST: ubbaugawa and ralutis
SHIELDS: 1 1 1 1 1 2 0 1 
KILLED: 0
The planet xeziamia has been eaten by the vortex.
The planet caluecury has joined the galaxy.
The planet gupheivis has imploded.
The planet ustrothea has joined the galaxy.
The planet uchozuno has joined the galaxy.
Shield out of bounds!
The planet zibbaetune has joined the galaxy.
The planet halruvis has been eaten by the vortex.
The planet gelriupra has been eaten by the vortex.
NAME: lolruphus
CLOSEST: vedrueruta and pitrocarro
SHIELDS: 1 1 1 1 1 1 1 1 1 1 3 1 
KILLED: 0
NAME: pollophus
CLOSEST: oleulea and cabbianides
SHIELDS: 1 1 1 0 1 1 1 1 1 0 1 1 1 1 1 
KILLED: 1
The planet tenraomia has been eaten by the vortex.
The planet oleulea has imploded.
NAME: icuenov
CLOSEST: badraturn and edionerth
SHIELDS: 2 2 2 1 1 1 0 2 
KILLED: 0
NAME: pechiogawa
CLOSEST: caluecury and lugnuyama
SHIELDS: 1 1 1 1 1 1 0 1 1 1 1 
KILLED: 0
The planet hilicury has joined the galaxy.
NAME: pitrocarro
CLOSEST: lolruphus and ustrothea
SHIELDS: 1 1 1 1 1 2 1 1 1 1 1 1 
KILLED: 0
NAME: badraturn
CLOSEST: culmephus and icuenov
SHIELDS: 3 2 2 0 
KILLED: 0
Shield out of bounds!
The planet icuenov has been eaten by the vortex.
The planet xilnenov has joined the galaxy.
The planet xatrutania has joined the galaxy.
The planet pobabos has joined the galaxy.
The planet pobabos has been eaten by the vortex.
The planet yuchuphus has joined the galaxy.
The planet ochiegawa has been eaten by the vortex.
NAME: xatrutania
CLOSEST: culmephus and badraturn
SHIELDS: 1 1 1 1 1 1 1 1 1 1 1 1 1 1 1 
KILLED: 0
The planet konazuno has joined the galaxy.
The planet renguatis has joined the galaxy.
NAME: caluecury
CLOSEST: xilnenov and konazuno
SHIELDS: 1 1 0 1 1 1 1 1 1 1 
KILLED: 0
The planet enniatune has joined the galaxy.
The planet ecriahines has joined the galaxy.
The planet simanerth has been eaten by the vortex.
The planet hilicury has been eaten by the vortex.
The planet zibbaetune has been eaten by the vortex.
NAME: hodaulea
CLOSEST: enniatune and divunerth
SHIELDS: 0 0 1 0 2 1 
KILLED: 0
The planet badraturn has imploded.
NAME: lugnuyama
CLOSEST: pechiogawa and rezanus
SHIELDS: 1 1 0 1 1 1 
KILLED: 0
The planet renguatis has been eaten by the vortex.
The planet cilluter has joined the galaxy.
The planet ecriahines has been eaten by the vortex.
The planet caluecury has imploded.
The planet lolruphus has been eaten by the vortex.
The planet xatrutania has imploded.
The planet edionerth has imploded.
The planet lugnuyama has imploded.
The planet rezanus has imploded.
NAME: gibaolea
CLOSEST: uchozuno and vadruria
SHIELDS: 2 0 2 1 1 0 1 
KILLED: 2
The planet cilluter has been eaten by the vortex.
The planet yuchuphus has imploded.
NAME: vadruria
CLOSEST: gibaolea and pollophus
SHIELDS: 2 1 1 0 1 1 1 2 1 1 1 1 1 1 1 
KILLED: 1
NAME: divunerth
CLOSEST: hodaulea and vedrueruta
SHIELDS: 1 3 0 1 2 1 0 1 
KILLED: 0
NAME: tibbaurilia
CLOSEST: enralea and culmephus
SHIELDS: 0 1 1 1 1 1 1 0 3 1 1 1 1 
KILLED: 0
NAME: culmephus
CLOSEST: tibbaurilia and enniatune
SHIELDS: 0 1 1 1 3 1 1 
KILLED: 0
NAME: ustrothea
CLOSEST: pitrocarro and xilnenov
SHIELDS: 1 1 1 1 1 1 1 1 1 1 2 
KILLED: 0
NAME: xilnenov
CLOSEST: ustrothea and konazuno
SHIELDS: 1 1 1 1 1 1 1 1 1 1 
KILLED: 0
NAME: pechiogawa
CLOSEST: konazuno and uchozuno
SHIELDS: 1 1 1 1 1 1 1 0 1 1 1 1 
KILLED: 1
NAME: konazuno
CLOSEST: xilnenov and pechiogawa
SHIELDS: 1 1 1 1 1 1 0 1 2 
KILLED: 1
NAME: pitrocarro
CLOSEST: vedrueruta and ustrothea
SHIELDS: 1 1 1 1 1 2 1 1 1 1 1 1 
KILLED: 0
NAME: uchozuno
CLOSEST: pechiogawa and gibaolea
SHIELDS: 1 1 1 1 1 2 
KILLED: 0
